<html>
<body>
<pre>
<h1>µVision Build Log</h1>
<h2>Project:</h2>
E:\UT\RTOS\UARTInts_4C123\UARTInts.uvproj
Project File Date:  02/01/2015

<h2>Output:</h2>
Rebuild target 'UARTInts'
assembling startup.s...
compiling PLL.c...
compiling UARTIntsTestMain.c...
compiling UART.c...
compiling ADC.c...
compiling ST7735.c...
linking...
Program Size: Code=6276 RO-data=2052 RW-data=88 ZI-data=1152  
".\UARTInts.axf" - 0 Error(s), 0 Warning(s).
Load "E:\\UT\\RTOS\\UARTInts_4C123\\UARTInts.axf" 
Connecting: Mode=JTAG, Speed=1000000Hz
Erase Done.
Programming Done.
Verify OK.
compiling UARTIntsTestMain.c...
"UARTIntsTestMain.c" - 0 Error(s), 0 Warning(s).
variable "buffer" was declared but never referenced
        unsigned short buffer[sample_number];
UARTIntsTestMain.c: 4 warnings, 0 errors
compiling UART.c...
compiling ADC.c...
compiling ST7735.c...
linking...
Program Size: Code=3864 RO-data=2052 RW-data=72 ZI-data=1152  
".\UARTInts.axf" - 0 Error(s), 4 Warning(s).
Load "E:\\UT\\RTOS\\UARTInts_4C123\\UARTInts.axf" 
Connecting: Mode=JTAG, Speed=1000000Hz
Erase Done.
Programming Done.
Verify OK.
compiling UARTIntsTestMain.c...
"UARTIntsTestMain.c" - 0 Error(s), 0 Warning(s).
ing Done.
Verify OK.
compiling UARTIntsTestMain.c...
"UARTIntsTestMain.c" - 0 Error(s), 0 Warning(s).
 "data" was declared but never referenced
        unsigned short data;
UARTIntsTestMain.c(52): warning:  #177-D: variable "channel" was declared but never referenced
        uint32_t channel;
UARTIntsTestMain.c(53): warning:  #177-D: variable "rate" was declared but never referenced
        uint32_t rate;
UARTIntsTestMain.c(55): warning:  #177-D: variable "buffer" was declared but never referenced
        unsigned short buffer[sample_number];
UARTIntsTestMain.c(56): warning:  #177-D: variable "i" was declared but never referenced
        int i;
UARTIntsTestMain.c: 5 warnings, 0 errors
"UARTIntsTestMain.c" - 0 Error(s), 5 Warning(s).
