ARM Linker, 5.03 [Build 76] [MDK-ARM Lite]

==============================================================================

Section Cross References

    startup.o(STACK) refers (Special) to heapauxi.o(.text) for __use_two_region_memory
    startup.o(HEAP) refers (Special) to heapauxi.o(.text) for __use_two_region_memory
    startup.o(RESET) refers (Special) to heapauxi.o(.text) for __use_two_region_memory
    startup.o(RESET) refers to startup.o(STACK) for StackMem
    startup.o(RESET) refers to osasm.o(.text) for PendSV_Handler
    startup.o(RESET) refers to os.o(i.SysTick_Handler) for SysTick_Handler
    startup.o(RESET) refers to uart.o(i.UART0_Handler) for UART0_Handler
    startup.o(RESET) refers to adc.o(i.ADC0Seq3_Handler) for ADC0Seq3_Handler
    startup.o(RESET) refers to os.o(i.Timer1A_Handler) for Timer1A_Handler
    startup.o(RESET) refers to os.o(i.Timer2A_Handler) for Timer2A_Handler
    startup.o(RESET) refers to os.o(i.GPIOPortF_Handler) for GPIOPortF_Handler
    startup.o(RESET) refers to os.o(i.Timer3A_Handler) for Timer3A_Handler
    startup.o(RESET) refers to edisk.o(i.Timer5A_Handler) for Timer5A_Handler
    startup.o(RESET) refers to __main.o(!!!main) for __main
    startup.o(.text) refers (Special) to heapauxi.o(.text) for __use_two_region_memory
    startup.o(.text) refers to startup.o(HEAP) for HeapMem
    startup.o(.text) refers to startup.o(STACK) for StackMem
    edisk.o(i.SSI0_Init) refers to edisk.o(i.CS_Init) for CS_Init
    edisk.o(i.SSI0_Init) refers to edisk.o(i.Timer5_Init) for Timer5_Init
    edisk.o(i.Timer5A_Handler) refers to edisk.o(i.disk_timerproc) for disk_timerproc
    edisk.o(i.chk_power) refers to edisk.o(.data) for PowerFlag
    edisk.o(i.disk_ioctl) refers to edisk.o(i.chk_power) for chk_power
    edisk.o(i.disk_ioctl) refers to edisk.o(i.power_off) for power_off
    edisk.o(i.disk_ioctl) refers to edisk.o(i.power_on) for power_on
    edisk.o(i.disk_ioctl) refers to edisk.o(i.SELECT) for SELECT
    edisk.o(i.disk_ioctl) refers to edisk.o(i.send_cmd) for send_cmd
    edisk.o(i.disk_ioctl) refers to edisk.o(i.rcvr_datablock) for rcvr_datablock
    edisk.o(i.disk_ioctl) refers to edisk.o(i.wait_ready) for wait_ready
    edisk.o(i.disk_ioctl) refers to edisk.o(i.rcvr_spi) for rcvr_spi
    edisk.o(i.disk_ioctl) refers to edisk.o(i.DESELECT) for DESELECT
    edisk.o(i.disk_ioctl) refers to edisk.o(.data) for Stat
    edisk.o(i.disk_timerproc) refers to edisk.o(.data) for Timer1
    edisk.o(i.eDisk_Init) refers to edisk.o(i.power_on) for power_on
    edisk.o(i.eDisk_Init) refers to edisk.o(i.send_initial_clock_train) for send_initial_clock_train
    edisk.o(i.eDisk_Init) refers to edisk.o(i.SELECT) for SELECT
    edisk.o(i.eDisk_Init) refers to edisk.o(i.send_cmd) for send_cmd
    edisk.o(i.eDisk_Init) refers to edisk.o(i.rcvr_spi) for rcvr_spi
    edisk.o(i.eDisk_Init) refers to edisk.o(i.DESELECT) for DESELECT
    edisk.o(i.eDisk_Init) refers to edisk.o(i.set_max_speed) for set_max_speed
    edisk.o(i.eDisk_Init) refers to edisk.o(i.power_off) for power_off
    edisk.o(i.eDisk_Init) refers to edisk.o(.data) for Stat
    edisk.o(i.eDisk_Read) refers to edisk.o(i.SELECT) for SELECT
    edisk.o(i.eDisk_Read) refers to edisk.o(i.send_cmd) for send_cmd
    edisk.o(i.eDisk_Read) refers to edisk.o(i.rcvr_datablock) for rcvr_datablock
    edisk.o(i.eDisk_Read) refers to edisk.o(i.DESELECT) for DESELECT
    edisk.o(i.eDisk_Read) refers to edisk.o(i.rcvr_spi) for rcvr_spi
    edisk.o(i.eDisk_Read) refers to edisk.o(.data) for Stat
    edisk.o(i.eDisk_ReadBlock) refers to edisk.o(i.eDisk_Read) for eDisk_Read
    edisk.o(i.eDisk_Status) refers to edisk.o(.data) for Stat
    edisk.o(i.eDisk_Write) refers to edisk.o(i.SELECT) for SELECT
    edisk.o(i.eDisk_Write) refers to edisk.o(i.send_cmd) for send_cmd
    edisk.o(i.eDisk_Write) refers to edisk.o(i.xmit_datablock) for xmit_datablock
    edisk.o(i.eDisk_Write) refers to edisk.o(i.DESELECT) for DESELECT
    edisk.o(i.eDisk_Write) refers to edisk.o(i.rcvr_spi) for rcvr_spi
    edisk.o(i.eDisk_Write) refers to edisk.o(.data) for Stat
    edisk.o(i.eDisk_WriteBlock) refers to edisk.o(i.eDisk_Write) for eDisk_Write
    edisk.o(i.power_off) refers to edisk.o(.data) for PowerFlag
    edisk.o(i.power_on) refers to edisk.o(i.SSI0_Init) for SSI0_Init
    edisk.o(i.power_on) refers to edisk.o(i.send_initial_clock_train) for send_initial_clock_train
    edisk.o(i.power_on) refers to edisk.o(.data) for PowerFlag
    edisk.o(i.rcvr_datablock) refers to edisk.o(i.rcvr_spi) for rcvr_spi
    edisk.o(i.rcvr_datablock) refers to edisk.o(i.rcvr_spi_m) for rcvr_spi_m
    edisk.o(i.rcvr_datablock) refers to edisk.o(.data) for Timer1
    edisk.o(i.rcvr_spi_m) refers to edisk.o(i.rcvr_spi) for rcvr_spi
    edisk.o(i.send_cmd) refers to edisk.o(i.wait_ready) for wait_ready
    edisk.o(i.send_cmd) refers to edisk.o(i.xmit_spi) for xmit_spi
    edisk.o(i.send_cmd) refers to edisk.o(i.rcvr_spi) for rcvr_spi
[...]
    Removing st7735.o(i.ST7735_FillRect), (172 bytes).
    Removing st7735.o(i.ST7735_FillScreen), (36 bytes).
    Removing st7735.o(i.ST7735_InitB), (40 bytes).
    Removing st7735.o(i.ST7735_InitR), (124 bytes).
    Removing st7735.o(i.ST7735_InvertDisplay), (22 bytes).
    Removing st7735.o(i.ST7735_Message), (260 bytes).
    Removing st7735.o(i.ST7735_OutChar), (212 bytes).
    Removing st7735.o(i.ST7735_OutString), (22 bytes).
    Removing st7735.o(i.ST7735_OutUDec), (140 bytes).
    Removing st7735.o(i.ST7735_PlotBar), (88 bytes).
    Removing st7735.o(i.ST7735_PlotClear), (92 bytes).
    Removing st7735.o(i.ST7735_PlotLine), (264 bytes).
    Removing st7735.o(i.ST7735_PlotNext), (32 bytes).
    Removing st7735.o(i.ST7735_PlotNextErase), (64 bytes).
    Removing st7735.o(i.ST7735_PlotPoint), (152 bytes).
    Removing st7735.o(i.ST7735_PlotPoints), (172 bytes).
    Removing st7735.o(i.ST7735_PlotdBfs), (60 bytes).
    Removing st7735.o(i.ST7735_SetCursor), (32 bytes).
    Removing st7735.o(i.ST7735_SetRotation), (212 bytes).
    Removing st7735.o(i.ST7735_SetTextColor), (12 bytes).
    Removing st7735.o(i.ST7735_SwapColor), (18 bytes).
    Removing st7735.o(i.commandList), (86 bytes).
    Removing st7735.o(i.commonInit), (388 bytes).
    Removing st7735.o(i.fillmessage), (72 bytes).
    Removing st7735.o(i.pushColor), (18 bytes).
    Removing st7735.o(i.setAddrWindow), (116 bytes).
    Removing st7735.o(i.writecommand), (48 bytes).
    Removing st7735.o(i.writedata), (32 bytes).
    Removing st7735.o(.bss), (24 bytes).
    Removing st7735.o(.constdata), (2018 bytes).
    Removing st7735.o(.data), (44 bytes).
    Removing uart.o(i.UART_InUDec), (76 bytes).
    Removing uart.o(i.UART_InUHex), (108 bytes).
    Removing uart.o(i.UART_OutUHex), (52 bytes).
    Removing efile.o(i.eFile_Close), (60 bytes).
    Removing cr4_fft_64_stm32.o(.text), (718 bytes).

78 unused section(s) (total 11058 bytes) removed from the image.

==============================================================================

Image Symbol Table

    Local Symbols

    Symbol Name                              Value     Ov Type        Size  Object(Section)

    RESET                                    0x00000000   Section      644  startup.o(RESET)
    ../clib/angel/boardlib.s                 0x00000000   Number         0  boardinit3.o ABSOLUTE
    ../clib/angel/boardlib.s                 0x00000000   Number         0  boardinit2.o ABSOLUTE
    ../clib/angel/boardlib.s                 0x00000000   Number         0  boardinit1.o ABSOLUTE
    ../clib/angel/boardlib.s                 0x00000000   Number         0  boardshut.o ABSOLUTE
    ../clib/angel/handlers.s                 0x00000000   Number         0  __scatter_copy.o ABSOLUTE
    ../clib/angel/handlers.s                 0x00000000   Number         0  __scatter_zi.o ABSOLUTE
    ../clib/angel/kernel.s                   0x00000000   Number         0  rtentry4.o ABSOLUTE
    ../clib/angel/kernel.s                   0x00000000   Number         0  rtentry.o ABSOLUTE
    ../clib/angel/kernel.s                   0x00000000   Number         0  rtentry2.o ABSOLUTE
    ../clib/angel/kernel.s                   0x00000000   Number         0  rtexit2.o ABSOLUTE
    ../clib/angel/kernel.s                   0x00000000   Number         0  rtexit.o ABSOLUTE
    ../clib/angel/rt.s                       0x00000000   Number         0  rt_raise.o ABSOLUTE
    ../clib/angel/scatter.s                  0x00000000   Number         0  __scatter.o ABSOLUTE
    ../clib/angel/startup.s                  0x00000000   Number         0  __main.o ABSOLUTE
    ../clib/angel/sys.s                      0x00000000   Number         0  indicate_semi.o ABSOLUTE
    ../clib/angel/sys.s                      0x00000000   Number         0  use_no_semi.o ABSOLUTE
    ../clib/angel/sys.s                      0x00000000   Number         0  libspace.o ABSOLUTE
    ../clib/angel/sys.s                      0x00000000   Number         0  sys_stackheap_outer.o ABSOLUTE
    ../clib/angel/sysapp.c                   0x00000000   Number         0  sys_command.o ABSOLUTE
    ../clib/armsys.c                         0x00000000   Number         0  no_argv.o ABSOLUTE
    ../clib/armsys.c                         0x00000000   Number         0  _get_argv_nomalloc.o ABSOLUTE
    ../clib/armsys.c                         0x00000000   Number         0  argv_veneer.o ABSOLUTE
    ../clib/armsys.c                         0x00000000   Number         0  argv_veneer.o ABSOLUTE
    ../clib/heapalloc.c                      0x00000000   Number         0  hrguard.o ABSOLUTE
    ../clib/heapaux.c                        0x00000000   Number         0  heapauxi.o ABSOLUTE
    ../clib/libinit.s                        0x00000000   Number         0  libshutdown.o ABSOLUTE
    ../clib/libinit.s                        0x00000000   Number         0  libshutdown2.o ABSOLUTE
    ../clib/libinit.s                        0x00000000   Number         0  libinit2.o ABSOLUTE
    ../clib/libinit.s                        0x00000000   Number         0  libinit.o ABSOLUTE
    ../clib/memcpset.s                       0x00000000   Number         0  strcmpv7m.o ABSOLUTE
    ../clib/misc.s                           0x00000000   Number         0  printf_stubs.o ABSOLUTE
    ../clib/printf.c                         0x00000000   Number         0  __printf_ss.o ABSOLUTE
    ../clib/printf.c                         0x00000000   Number         0  __printf_flags.o ABSOLUTE
    ../clib/printf.c                         0x00000000   Number         0  _printf_dec.o ABSOLUTE
    ../clib/printf.c                         0x00000000   Number         0  _printf_pad.o ABSOLUTE
    ../clib/printf.c                         0x00000000   Number         0  __printf.o ABSOLUTE
    ../clib/printf.c                         0x00000000   Number         0  noretval__2printf.o ABSOLUTE
    ../clib/printf.c                         0x00000000   Number         0  __2printf.o ABSOLUTE
    ../clib/printf.c                         0x00000000   Number         0  __printf_ss_wp.o ABSOLUTE
    ../clib/printf.c                         0x00000000   Number         0  __printf_nopercent.o ABSOLUTE
    ../clib/printf.c                         0x00000000   Number         0  __printf_flags_ss.o ABSOLUTE
    ../clib/printf.c                         0x00000000   Number         0  _printf_char_common.o ABSOLUTE
    ../clib/printf.c                         0x00000000   Number         0  _printf_char_file.o ABSOLUTE
    ../clib/printf.c                         0x00000000   Number         0  _printf_intcommon.o ABSOLUTE
    ../clib/printf.c                         0x00000000   Number         0  __printf_flags_ss_wp.o ABSOLUTE
    ../clib/printf.c                         0x00000000   Number         0  __printf_flags_wp.o ABSOLUTE
    ../clib/printf.c                         0x00000000   Number         0  __printf_wp.o ABSOLUTE
    ../clib/printf_percent.s                 0x00000000   Number         0  _printf_u.o ABSOLUTE
    ../clib/printf_percent.s                 0x00000000   Number         0  _printf_percent_end.o ABSOLUTE
    ../clib/printf_percent.s                 0x00000000   Number         0  _printf_percent.o ABSOLUTE
    ../clib/signal.c                         0x00000000   Number         0  defsig_pvfn_inner.o ABSOLUTE
    ../clib/signal.c                         0x00000000   Number         0  defsig_stak_inner.o ABSOLUTE
    ../clib/signal.c                         0x00000000   Number         0  defsig_rtred_inner.o ABSOLUTE
    ../clib/signal.c                         0x00000000   Number         0  defsig_fpe_inner.o ABSOLUTE
    ../clib/signal.c                         0x00000000   Number         0  defsig_abrt_inner.o ABSOLUTE
    ../clib/signal.c                         0x00000000   Number         0  defsig_cppl_inner.o ABSOLUTE
    ../clib/signal.c                         0x00000000   Number         0  defsig_rtmem_outer.o ABSOLUTE
    ../clib/signal.c                         0x00000000   Number         0  __raise.o ABSOLUTE
    ../clib/signal.c                         0x00000000   Number         0  defsig_exit.o ABSOLUTE
    ../clib/signal.c                         0x00000000   Number         0  defsig_rtmem_inner.o ABSOLUTE
    ../clib/signal.c                         0x00000000   Number         0  defsig_rtmem_formal.o ABSOLUTE
    ../clib/signal.c                         0x00000000   Number         0  defsig_general.o ABSOLUTE
    ../clib/signal.c                         0x00000000   Number         0  defsig_other.o ABSOLUTE
    ../clib/signal.c                         0x00000000   Number         0  defsig_segv_inner.o ABSOLUTE
    ../clib/signal.s                         0x00000000   Number         0  defsig.o ABSOLUTE
    ../clib/stdlib.c                         0x00000000   Number         0  exit.o ABSOLUTE
    ../clib/string.c                         0x00000000   Number         0  strlen.o ABSOLUTE
    ../fplib/fpinit.s                        0x00000000   Number         0  fpinit.o ABSOLUTE
    ADC.c                                    0x00000000   Number         0  adc.o ABSOLUTE
    ADC_SW.c                                 0x00000000   Number         0  adc_sw.o ABSOLUTE
    OS.c                                     0x00000000   Number         0  os.o ABSOLUTE
    PLL.c                                    0x00000000   Number         0  pll.o ABSOLUTE
    Retarget.c                               0x00000000   Number         0  retarget.o ABSOLUTE
    ST7735.c                                 0x00000000   Number         0  st7735.o ABSOLUTE
    UART.c                                   0x00000000   Number         0  uart.o ABSOLUTE
    cr4_fft_64_stm32.s                       0x00000000   Number         0  cr4_fft_64_stm32.o ABSOLUTE
    dc.s                                     0x00000000   Number         0  dc.o ABSOLUTE
    eDisk.c                                  0x00000000   Number         0  edisk.o ABSOLUTE
    efile.c                                  0x00000000   Number         0  efile.o ABSOLUTE
    lab5.c                                   0x00000000   Number         0  lab5.o ABSOLUTE
    osasm.s                                  0x00000000   Number         0  osasm.o ABSOLUTE
    startup.s                                0x00000000   Number         0  startup.o ABSOLUTE
    !!!main                                  0x00000284   Section        8  __main.o(!!!main)
    !!!scatter                               0x0000028c   Section       52  __scatter.o(!!!scatter)
    !!handler_copy                           0x000002c0   Section       26  __scatter_copy.o(!!handler_copy)
    !!handler_zi                             0x000002dc   Section       28  __scatter_zi.o(!!handler_zi)
    .ARM.Collect$$_printf_percent$$00000000  0x000002f8   Section        0  _printf_percent.o(.ARM.Collect$$_printf_percent$$00000000)
    .ARM.Collect$$_printf_percent$$0000000A  0x000002f8   Section        6  _printf_u.o(.ARM.Collect$$_printf_percent$$0000000A)
    .ARM.Collect$$_printf_percent$$00000017  0x000002fe   Section        4  _printf_percent_end.o(.ARM.Collect$$_printf_percent$$00000017)
    .ARM.Collect$$libinit$$00000000          0x00000302   Section        2  libinit.o(.ARM.Collect$$libinit$$00000000)
    .ARM.Collect$$libinit$$00000002          0x00000304   Section        0  libinit2.o(.ARM.Collect$$libinit$$00000002)
    .ARM.Collect$$libinit$$00000008          0x00000304   Section        0  libinit2.o(.ARM.Collect$$libinit$$00000008)
    .ARM.Collect$$libinit$$0000000A          0x00000304   Section        0  libinit2.o(.ARM.Collect$$libinit$$0000000A)
    .ARM.Collect$$libinit$$0000000C          0x00000304   Section        0  libinit2.o(.ARM.Collect$$libinit$$0000000C)
    .ARM.Collect$$libinit$$0000000F          0x00000304   Section        0  libinit2.o(.ARM.Collect$$libinit$$0000000F)
    .ARM.Collect$$libinit$$00000011          0x00000304   Section        0  libinit2.o(.ARM.Collect$$libinit$$00000011)
    .ARM.Collect$$libinit$$00000013          0x00000304   Section        0  libinit2.o(.ARM.Collect$$libinit$$00000013)
    .ARM.Collect$$libinit$$00000015          0x00000304   Section        0  libinit2.o(.ARM.Collect$$libinit$$00000015)
    .ARM.Collect$$libinit$$00000017          0x00000304   Section        0  libinit2.o(.ARM.Collect$$libinit$$00000017)
    .ARM.Collect$$libinit$$00000019          0x00000304   Section        0  libinit2.o(.ARM.Collect$$libinit$$00000019)
    .ARM.Collect$$libinit$$0000001B          0x00000304   Section        0  libinit2.o(.ARM.Collect$$libinit$$0000001B)
    .ARM.Collect$$libinit$$0000001D          0x00000304   Section        0  libinit2.o(.ARM.Collect$$libinit$$0000001D)
    .ARM.Collect$$libinit$$0000001F          0x00000304   Section        0  libinit2.o(.ARM.Collect$$libinit$$0000001F)
    .ARM.Collect$$libinit$$00000021          0x00000304   Section        0  libinit2.o(.ARM.Collect$$libinit$$00000021)
    .ARM.Collect$$libinit$$00000023          0x00000304   Section        0  libinit2.o(.ARM.Collect$$libinit$$00000023)
    .ARM.Collect$$libinit$$0000002A          0x00000304   Section        0  libinit2.o(.ARM.Collect$$libinit$$0000002A)
    .ARM.Collect$$libinit$$0000002C          0x00000304   Section        0  libinit2.o(.ARM.Collect$$libinit$$0000002C)
    .ARM.Collect$$libinit$$0000002E          0x00000304   Section        0  libinit2.o(.ARM.Collect$$libinit$$0000002E)
    .ARM.Collect$$libinit$$00000030          0x00000304   Section        0  libinit2.o(.ARM.Collect$$libinit$$00000030)
    .ARM.Collect$$libinit$$00000031          0x00000304   Section        2  libinit2.o(.ARM.Collect$$libinit$$00000031)
    .ARM.Collect$$libshutdown$$00000000      0x00000306   Section        2  libshutdown.o(.ARM.Collect$$libshutdown$$00000000)
    .ARM.Collect$$libshutdown$$00000003      0x00000308   Section        0  libshutdown2.o(.ARM.Collect$$libshutdown$$00000003)
    .ARM.Collect$$libshutdown$$00000006      0x00000308   Section        0  libshutdown2.o(.ARM.Collect$$libshutdown$$00000006)
    .ARM.Collect$$libshutdown$$00000009      0x00000308   Section        0  libshutdown2.o(.ARM.Collect$$libshutdown$$00000009)
    .ARM.Collect$$libshutdown$$0000000B      0x00000308   Section        0  libshutdown2.o(.ARM.Collect$$libshutdown$$0000000B)
    .ARM.Collect$$libshutdown$$0000000E      0x00000308   Section        0  libshutdown2.o(.ARM.Collect$$libshutdown$$0000000E)
    .ARM.Collect$$libshutdown$$0000000F      0x00000308   Section        2  libshutdown2.o(.ARM.Collect$$libshutdown$$0000000F)
    .ARM.Collect$$rtentry$$00000000          0x0000030a   Section        0  rtentry.o(.ARM.Collect$$rtentry$$00000000)
    .ARM.Collect$$rtentry$$00000002          0x0000030a   Section        0  rtentry2.o(.ARM.Collect$$rtentry$$00000002)
    .ARM.Collect$$rtentry$$00000004          0x0000030a   Section        6  rtentry4.o(.ARM.Collect$$rtentry$$00000004)
    .ARM.Collect$$rtentry$$00000009          0x00000310   Section        0  rtentry2.o(.ARM.Collect$$rtentry$$00000009)
    .ARM.Collect$$rtentry$$0000000A          0x00000310   Section        4  rtentry2.o(.ARM.Collect$$rtentry$$0000000A)
    .ARM.Collect$$rtentry$$0000000C          0x00000314   Section        0  rtentry2.o(.ARM.Collect$$rtentry$$0000000C)
    .ARM.Collect$$rtentry$$0000000D          0x00000314   Section        8  rtentry2.o(.ARM.Collect$$rtentry$$0000000D)
    .ARM.Collect$$rtexit$$00000000           0x0000031c   Section        2  rtexit.o(.ARM.Collect$$rtexit$$00000000)
    .ARM.Collect$$rtexit$$00000002           0x0000031e   Section        0  rtexit2.o(.ARM.Collect$$rtexit$$00000002)
    .ARM.Collect$$rtexit$$00000003           0x0000031e   Section        4  rtexit2.o(.ARM.Collect$$rtexit$$00000003)
    .ARM.Collect$$rtexit$$00000004           0x00000322   Section        6  rtexit2.o(.ARM.Collect$$rtexit$$00000004)
    .text                                    0x00000328   Section       48  startup.o(.text)
    .text                                    0x00000358   Section       80  osasm.o(.text)
    .text                                    0x000003a8   Section        2  use_no_semi.o(.text)
    .text                                    0x000003ac   Section        0  noretval__2printf.o(.text)
    .text                                    0x000003c4   Section        0  _printf_pad.o(.text)
    .text                                    0x00000418   Section        0  _printf_dec.o(.text)
    .text                                    0x00000490   Section        0  __printf_flags_wp.o(.text)
    .text                                    0x000005cc   Section        0  strlen.o(.text)
    .text                                    0x0000060c   Section      128  strcmpv7m.o(.text)
    .text                                    0x0000068c   Section        0  heapauxi.o(.text)
    .text                                    0x00000692   Section        0  _printf_intcommon.o(.text)
    .text                                    0x0000074c   Section        0  _printf_char_file.o(.text)
    .text                                    0x00000770   Section        0  _printf_char_common.o(.text)
    _printf_input_char                       0x00000771   Thumb Code    10  _printf_char_common.o(.text)
    .text                                    0x000007a0   Section       74  sys_stackheap_outer.o(.text)
    .text                                    0x000007ea   Section        0  exit.o(.text)
    .text                                    0x000007f8   Section        8  libspace.o(.text)
    i.ADC0Seq3_Handler                       0x00000800   Section        0  adc.o(i.ADC0Seq3_Handler)
    i.ADC_Collect                            0x0000083c   Section        0  adc.o(i.ADC_Collect)
    i.ADC_HW_Init                            0x00000870   Section        0  adc.o(i.ADC_HW_Init)
    i.ButtonPush                             0x00000ca8   Section        0  lab5.o(i.ButtonPush)
    i.CS_Init                                0x00000cd8   Section        0  edisk.o(i.CS_Init)
    i.DESELECT                               0x00000d7c   Section        0  edisk.o(i.DESELECT)
    DESELECT                                 0x00000d7d   Thumb Code     8  edisk.o(i.DESELECT)
    i.DebounceTaskPF0                        0x00000d88   Section        0  os.o(i.DebounceTaskPF0)
    DebounceTaskPF0                          0x00000d89   Thumb Code    44  os.o(i.DebounceTaskPF0)
    i.DebounceTaskPF4                        0x00000dc0   Section        0  os.o(i.DebounceTaskPF4)
    DebounceTaskPF4                          0x00000dc1   Thumb Code    44  os.o(i.DebounceTaskPF4)
    i.DownPush                               0x00000df8   Section        0  lab5.o(i.DownPush)
    i.GPIOPortF_Handler                      0x00000dfc   Section        0  os.o(i.GPIOPortF_Handler)
    i.GPIO_Init                              0x00000e98   Section        0  lab5.o(i.GPIO_Init)
    i.IdleTask                               0x00000f10   Section        0  lab5.o(i.IdleTask)
    i.Interpreter                            0x00000f24   Section        0  lab5.o(i.Interpreter)
    i.MakeTxSSI                              0x00001134   Section        0  edisk.o(i.MakeTxSSI)
    i.MakeTxhigh                             0x0000115c   Section        0  edisk.o(i.MakeTxhigh)
    i.OS_AddSW1Task                          0x00001194   Section        0  os.o(i.OS_AddSW1Task)
    i.OS_AddSW2Task                          0x0000127c   Section        0  os.o(i.OS_AddSW2Task)
    i.OS_AddThread                           0x00001380   Section        0  os.o(i.OS_AddThread)
    i.OS_ClearMsTime                         0x00001510   Section        0  os.o(i.OS_ClearMsTime)
    i.OS_Fifo_Get                            0x0000151c   Section        0  os.o(i.OS_Fifo_Get)
    i.OS_Fifo_Init                           0x00001570   Section        0  os.o(i.OS_Fifo_Init)
    i.OS_Fifo_Put                            0x000015b4   Section        0  os.o(i.OS_Fifo_Put)
    i.OS_Init                                0x000015f8   Section        0  os.o(i.OS_Init)
    i.OS_InitSemaphore                       0x00001684   Section        0  os.o(i.OS_InitSemaphore)
    i.OS_Kill                                0x00001688   Section        0  os.o(i.OS_Kill)
    i.OS_Launch                              0x00001734   Section        0  os.o(i.OS_Launch)
    i.OS_MsTime                              0x0000174c   Section        0  os.o(i.OS_MsTime)
    i.OS_Signal                              0x00001758   Section        0  os.o(i.OS_Signal)
    i.OS_Sleep                               0x000017f4   Section        0  os.o(i.OS_Sleep)
    i.OS_Suspend                             0x0000184c   Section        0  os.o(i.OS_Suspend)
    i.OS_Time                                0x00001868   Section        0  os.o(i.OS_Time)
    i.OS_TimeDifference                      0x00001884   Section        0  os.o(i.OS_TimeDifference)
    i.OS_Wait                                0x0000188c   Section        0  os.o(i.OS_Wait)
    i.PLL_Init                               0x000018f8   Section        0  pll.o(i.PLL_Init)
    i.PortE_Init                             0x00001974   Section        0  lab5.o(i.PortE_Init)
    i.Producer                               0x000019dc   Section        0  lab5.o(i.Producer)
    i.Robot                                  0x00001a14   Section        0  lab5.o(i.Robot)
    i.RxFifo_Get                             0x00001af4   Section        0  uart.o(i.RxFifo_Get)
    i.RxFifo_Init                            0x00001b30   Section        0  uart.o(i.RxFifo_Init)
    i.RxFifo_Put                             0x00001b54   Section        0  uart.o(i.RxFifo_Put)
    i.RxFifo_Size                            0x00001b90   Section        0  uart.o(i.RxFifo_Size)
    i.SELECT                                 0x00001ba8   Section        0  edisk.o(i.SELECT)
    SELECT                                   0x00001ba9   Thumb Code     8  edisk.o(i.SELECT)
    i.SSI0_Init                              0x00001bb4   Section        0  edisk.o(i.SSI0_Init)
    i.SSI0_Out                               0x00001cc4   Section        0  edisk.o(i.SSI0_Out)
    i.SetInitialStack                        0x00001cf0   Section        0  os.o(i.SetInitialStack)
    i.SysTick_Handler                        0x00001e40   Section        0  os.o(i.SysTick_Handler)
    i.Timer1A_Handler                        0x00001ee0   Section        0  os.o(i.Timer1A_Handler)
    i.Timer2A_Handler                        0x00001f64   Section        0  os.o(i.Timer2A_Handler)
    i.Timer2A_Init                           0x00001fc0   Section        0  os.o(i.Timer2A_Init)
    i.Timer3A_Handler                        0x00002038   Section        0  os.o(i.Timer3A_Handler)
    i.Timer5A_Handler                        0x000020bc   Section        0  edisk.o(i.Timer5A_Handler)
    i.Timer5_Init                            0x000020d0   Section        0  edisk.o(i.Timer5_Init)
    i.TxFifo_Get                             0x00002144   Section        0  uart.o(i.TxFifo_Get)
    i.TxFifo_Init                            0x00002180   Section        0  uart.o(i.TxFifo_Init)
    i.TxFifo_Put                             0x000021a4   Section        0  uart.o(i.TxFifo_Put)
    i.TxFifo_Size                            0x000021e0   Section        0  uart.o(i.TxFifo_Size)
    i.UART0_Handler                          0x000021f8   Section        0  uart.o(i.UART0_Handler)
    i.UART_InChar                            0x00002250   Section        0  uart.o(i.UART_InChar)
    i.UART_InString                          0x00002264   Section        0  uart.o(i.UART_InString)
    i.UART_Init                              0x000022ac   Section        0  uart.o(i.UART_Init)
    i.UART_OutChar                           0x00002378   Section        0  uart.o(i.UART_OutChar)
    i.UART_OutString                         0x000023ac   Section        0  uart.o(i.UART_OutString)
    i.UART_OutUDec                           0x000023c4   Section        0  uart.o(i.UART_OutUDec)
    i._is_digit                              0x000023ee   Section        0  __printf_wp.o(i._is_digit)
    i._sys_exit                              0x000023fc   Section        0  retarget.o(i._sys_exit)
    i.copyHardwareToSoftware                 0x00002400   Section        0  uart.o(i.copyHardwareToSoftware)
    copyHardwareToSoftware                   0x00002401   Thumb Code    36  uart.o(i.copyHardwareToSoftware)
    i.copySoftwareToHardware                 0x00002428   Section        0  uart.o(i.copySoftwareToHardware)
    copySoftwareToHardware                   0x00002429   Thumb Code    38  uart.o(i.copySoftwareToHardware)
    i.disk_timerproc                         0x00002454   Section        0  edisk.o(i.disk_timerproc)
    i.eDisk_Init                             0x00002480   Section        0  edisk.o(i.eDisk_Init)
    i.eDisk_Read                             0x000025ec   Section        0  edisk.o(i.eDisk_Read)
    i.eDisk_ReadBlock                        0x00002688   Section        0  edisk.o(i.eDisk_ReadBlock)
    i.eDisk_Write                            0x0000269c   Section        0  edisk.o(i.eDisk_Write)
    i.eDisk_WriteBlock                       0x00002760   Section        0  edisk.o(i.eDisk_WriteBlock)
    i.eFile_Create                           0x00002774   Section        0  efile.o(i.eFile_Create)
    i.eFile_Delete                           0x00002820   Section        0  efile.o(i.eFile_Delete)
    i.eFile_Directory                        0x000028f8   Section        0  efile.o(i.eFile_Directory)
    i.eFile_EndRedirectToFile                0x00002990   Section        0  efile.o(i.eFile_EndRedirectToFile)
    i.eFile_Format                           0x000029ac   Section        0  efile.o(i.eFile_Format)
    i.eFile_Init                             0x00002a74   Section        0  efile.o(i.eFile_Init)
    i.eFile_RClose                           0x00002a94   Section        0  efile.o(i.eFile_RClose)
    i.eFile_ROpen                            0x00002ac0   Section        0  efile.o(i.eFile_ROpen)
    i.eFile_ReadNext                         0x00002ba4   Section        0  efile.o(i.eFile_ReadNext)
    i.eFile_RedirectToFile                   0x00002ca0   Section        0  efile.o(i.eFile_RedirectToFile)
    i.eFile_WClose                           0x00002cc4   Section        0  efile.o(i.eFile_WClose)
    i.eFile_WOpen                            0x00002d5c   Section        0  efile.o(i.eFile_WOpen)
    i.eFile_Write                            0x00002e34   Section        0  efile.o(i.eFile_Write)
    i.eFile_add_last                         0x00002f08   Section        0  efile.o(i.eFile_add_last)
    i.eFile_find_entry                       0x00002f68   Section        0  efile.o(i.eFile_find_entry)
    i.eFile_find_exist                       0x00002f94   Section        0  efile.o(i.eFile_find_exist)
    i.eFile_find_first                       0x00002fdc   Section        0  efile.o(i.eFile_find_first)
    i.eFile_find_last                        0x00002ffc   Section        0  efile.o(i.eFile_find_last)
    i.eFile_write2dict                       0x00003034   Section        0  efile.o(i.eFile_write2dict)
    i.eFile_write_begin                      0x00003064   Section        0  efile.o(i.eFile_write_begin)
    i.eFile_write_name                       0x000030dc   Section        0  efile.o(i.eFile_write_name)
    i.ferror                                 0x00003108   Section        0  retarget.o(i.ferror)
    i.fputc                                  0x00003110   Section        0  retarget.o(i.fputc)
    i.main                                   0x00003140   Section        0  lab5.o(i.main)
    i.power_off                              0x0000330c   Section        0  edisk.o(i.power_off)
    power_off                                0x0000330d   Thumb Code     8  edisk.o(i.power_off)
    i.power_on                               0x00003318   Section        0  edisk.o(i.power_on)
    power_on                                 0x00003319   Thumb Code    20  edisk.o(i.power_on)
    i.rcvr_datablock                         0x00003330   Section        0  edisk.o(i.rcvr_datablock)
    rcvr_datablock                           0x00003331   Thumb Code    76  edisk.o(i.rcvr_datablock)
    i.rcvr_spi                               0x00003380   Section        0  edisk.o(i.rcvr_spi)
    rcvr_spi                                 0x00003381   Thumb Code    38  edisk.o(i.rcvr_spi)
    i.rcvr_spi_m                             0x000033ac   Section        0  edisk.o(i.rcvr_spi_m)
    rcvr_spi_m                               0x000033ad   Thumb Code    12  edisk.o(i.rcvr_spi_m)
    i.send_cmd                               0x000033b8   Section        0  edisk.o(i.send_cmd)
    send_cmd                                 0x000033b9   Thumb Code   112  edisk.o(i.send_cmd)
    i.send_initial_clock_train               0x00003428   Section        0  edisk.o(i.send_initial_clock_train)
    send_initial_clock_train                 0x00003429   Thumb Code    32  edisk.o(i.send_initial_clock_train)
    i.set_max_speed                          0x00003448   Section        0  edisk.o(i.set_max_speed)
    set_max_speed                            0x00003449   Thumb Code    10  edisk.o(i.set_max_speed)
    i.wait_ready                             0x00003454   Section        0  edisk.o(i.wait_ready)
    wait_ready                               0x00003455   Thumb Code    36  edisk.o(i.wait_ready)
    i.xmit_datablock                         0x0000347c   Section        0  edisk.o(i.xmit_datablock)
    xmit_datablock                           0x0000347d   Thumb Code    94  edisk.o(i.xmit_datablock)
    i.xmit_spi                               0x000034dc   Section        0  edisk.o(i.xmit_spi)
    xmit_spi                                 0x000034dd   Thumb Code    38  edisk.o(i.xmit_spi)
    .constdata                               0x00003508   Section       84  lab5.o(.constdata)
    .constdata                               0x0000355c   Section       17  __printf_flags_wp.o(.constdata)
    maptable                                 0x0000355c   Data          17  __printf_flags_wp.o(.constdata)
    .data                                    0x20000000   Section        5  edisk.o(.data)
    Stat                                     0x20000000   Data           1  edisk.o(.data)
    PowerFlag                                0x20000001   Data           1  edisk.o(.data)
    Timer1                                   0x20000002   Data           1  edisk.o(.data)
    Timer2                                   0x20000003   Data           1  edisk.o(.data)
    CardType                                 0x20000004   Data           1  edisk.o(.data)
    .data                                    0x20000008   Section       36  lab5.o(.data)
    .data                                    0x2000002c   Section       20  adc.o(.data)
    .data                                    0x20000040   Section      116  os.o(.data)
    LastPF4                                  0x20000068   Data           4  os.o(.data)
    LastPF0                                  0x2000006c   Data           4  os.o(.data)
    .data                                    0x200000b4   Section        8  retarget.o(.data)
    .data                                    0x200000bc   Section       16  uart.o(.data)
    .data                                    0x200000cc   Section       56  efile.o(.data)
    .bss                                     0x20000104   Section      528  lab5.o(.bss)
    .bss                                     0x20000314   Section     7940  os.o(.bss)
    Fifo                                     0x20000714   Data        2048  os.o(.bss)
    lastTime                                 0x200021f8   Data          16  os.o(.bss)
    .bss                                     0x20002218   Section      256  uart.o(.bss)
    RxFifo                                   0x20002218   Data         128  uart.o(.bss)
    TxFifo                                   0x20002298   Data         128  uart.o(.bss)
    .bss                                     0x20002318   Section     6144  efile.o(.bss)
    .bss                                     0x20003b18   Section       96  libspace.o(.bss)
    HEAP                                     0x20003b78   Section        0  startup.o(HEAP)
    STACK                                    0x20003b78   Section     1024  startup.o(STACK)
    HeapMem                                  0x20003b78   Data           0  startup.o(HEAP)
    StackMem                                 0x20003b78   Data           0  startup.o(STACK)

    Global Symbols

    Symbol Name                              Value     Ov Type        Size  Object(Section)

    BuildAttributes$$THM_ISAv4$E$P$D$K$B$S$7EM$PE$A:L22UL41UL21$X:L11$S22US41US21$IEEE1$IW$USESV6$~STKCKD$USESV7$~SHL$OSPACE$ROPI$EBA8$UX$STANDARDLIB$REQ8$PRES8$EABIv2 0x00000000   Number         0  anon$$obj.o ABSOLUTE
    __ARM_use_no_argv                        0x00000000   Number         0  lab5.o ABSOLUTE
    __Vectors                                0x00000000   Data           0  startup.o(RESET)
    _printf_flags                            0x00000000   Number         0  printf_stubs.o ABSOLUTE
    _printf_return_value                     0x00000000   Number         0  printf_stubs.o ABSOLUTE
    _printf_sizespec                         0x00000000   Number         0  printf_stubs.o ABSOLUTE
    _printf_widthprec                        0x00000000   Number         0  printf_stubs.o ABSOLUTE
    __ARM_exceptions_init                     - Undefined Weak Reference
    __alloca_initialize                       - Undefined Weak Reference
    __cpp_initialize__aeabi_                  - Undefined Weak Reference
    __cxa_finalize                            - Undefined Weak Reference
    __rt_locale                               - Undefined Weak Reference
    __sigvec_lookup                           - Undefined Weak Reference
    _atexit_init                              - Undefined Weak Reference
    _call_atexit_fns                          - Undefined Weak Reference
    _clock_init                               - Undefined Weak Reference
    _fp_trap_init                             - Undefined Weak Reference
    _fp_trap_shutdown                         - Undefined Weak Reference
    _get_lc_collate                           - Undefined Weak Reference
    _get_lc_ctype                             - Undefined Weak Reference
    _get_lc_monetary                          - Undefined Weak Reference
    _get_lc_numeric                           - Undefined Weak Reference
    _get_lc_time                              - Undefined Weak Reference
    _getenv_init                              - Undefined Weak Reference
    _handle_redirection                       - Undefined Weak Reference
    _init_alloc                               - Undefined Weak Reference
    _init_user_alloc                          - Undefined Weak Reference
    _initio                                   - Undefined Weak Reference
    _printf_truncate_signed                   - Undefined Weak Reference
    _printf_truncate_unsigned                 - Undefined Weak Reference
    _rand_init                                - Undefined Weak Reference
    _signal_finish                            - Undefined Weak Reference
    _signal_init                              - Undefined Weak Reference
    _terminate_alloc                          - Undefined Weak Reference
    _terminate_user_alloc                     - Undefined Weak Reference
    _terminateio                              - Undefined Weak Reference
    Reset_Handler                            0x0000026d   Thumb Code     0  startup.o(RESET)
    NMI_Handler                              0x00000271   Thumb Code     2  startup.o(RESET)
    HardFault_Handler                        0x00000273   Thumb Code     2  startup.o(RESET)
    MemManage_Handler                        0x00000275   Thumb Code     2  startup.o(RESET)
    BusFault_Handler                         0x00000277   Thumb Code     2  startup.o(RESET)
    UsageFault_Handler                       0x00000279   Thumb Code     2  startup.o(RESET)
    SVC_Handler                              0x0000027b   Thumb Code     2  startup.o(RESET)
    DebugMon_Handler                         0x0000027d   Thumb Code     2  startup.o(RESET)
    ADC0Seq0_Handler                         0x00000283   Thumb Code     0  startup.o(RESET)
    ADC0Seq1_Handler                         0x00000283   Thumb Code     0  startup.o(RESET)
    ADC0Seq2_Handler                         0x00000283   Thumb Code     0  startup.o(RESET)
    ADC1Seq0_Handler                         0x00000283   Thumb Code     0  startup.o(RESET)
    ADC1Seq1_Handler                         0x00000283   Thumb Code     0  startup.o(RESET)
    ADC1Seq2_Handler                         0x00000283   Thumb Code     0  startup.o(RESET)
    ADC1Seq3_Handler                         0x00000283   Thumb Code     0  startup.o(RESET)
    CAN0_Handler                             0x00000283   Thumb Code     0  startup.o(RESET)
    CAN1_Handler                             0x00000283   Thumb Code     0  startup.o(RESET)
    CAN2_Handler                             0x00000283   Thumb Code     0  startup.o(RESET)
    Comp0_Handler                            0x00000283   Thumb Code     0  startup.o(RESET)
    Comp1_Handler                            0x00000283   Thumb Code     0  startup.o(RESET)
    Comp2_Handler                            0x00000283   Thumb Code     0  startup.o(RESET)
    Ethernet_Handler                         0x00000283   Thumb Code     0  startup.o(RESET)
    ExtBus_Handler                           0x00000283   Thumb Code     0  startup.o(RESET)
    FPU_Handler                              0x00000283   Thumb Code     0  startup.o(RESET)
    Fan0_Handler                             0x00000283   Thumb Code     0  startup.o(RESET)
    FlashCtl_Handler                         0x00000283   Thumb Code     0  startup.o(RESET)
    GPIOPortA_Handler                        0x00000283   Thumb Code     0  startup.o(RESET)
    GPIOPortB_Handler                        0x00000283   Thumb Code     0  startup.o(RESET)
    GPIOPortC_Handler                        0x00000283   Thumb Code     0  startup.o(RESET)
    GPIOPortD_Handler                        0x00000283   Thumb Code     0  startup.o(RESET)
    GPIOPortE_Handler                        0x00000283   Thumb Code     0  startup.o(RESET)
    GPIOPortG_Handler                        0x00000283   Thumb Code     0  startup.o(RESET)
    GPIOPortH_Handler                        0x00000283   Thumb Code     0  startup.o(RESET)
    GPIOPortJ_Handler                        0x00000283   Thumb Code     0  startup.o(RESET)
    GPIOPortK_Handler                        0x00000283   Thumb Code     0  startup.o(RESET)
    GPIOPortL_Handler                        0x00000283   Thumb Code     0  startup.o(RESET)
    GPIOPortM_Handler                        0x00000283   Thumb Code     0  startup.o(RESET)
    GPIOPortN_Handler                        0x00000283   Thumb Code     0  startup.o(RESET)
    GPIOPortP1_Handler                       0x00000283   Thumb Code     0  startup.o(RESET)
    GPIOPortP2_Handler                       0x00000283   Thumb Code     0  startup.o(RESET)
    GPIOPortP3_Handler                       0x00000283   Thumb Code     0  startup.o(RESET)
    GPIOPortP4_Handler                       0x00000283   Thumb Code     0  startup.o(RESET)
    GPIOPortP5_Handler                       0x00000283   Thumb Code     0  startup.o(RESET)
    GPIOPortP6_Handler                       0x00000283   Thumb Code     0  startup.o(RESET)
    GPIOPortP7_Handler                       0x00000283   Thumb Code     0  startup.o(RESET)
    GPIOPortP_Handler                        0x00000283   Thumb Code     0  startup.o(RESET)
    GPIOPortQ1_Handler                       0x00000283   Thumb Code     0  startup.o(RESET)
    GPIOPortQ2_Handler                       0x00000283   Thumb Code     0  startup.o(RESET)
    GPIOPortQ3_Handler                       0x00000283   Thumb Code     0  startup.o(RESET)
    GPIOPortQ4_Handler                       0x00000283   Thumb Code     0  startup.o(RESET)
    GPIOPortQ5_Handler                       0x00000283   Thumb Code     0  startup.o(RESET)
    GPIOPortQ6_Handler                       0x00000283   Thumb Code     0  startup.o(RESET)
    GPIOPortQ7_Handler                       0x00000283   Thumb Code     0  startup.o(RESET)
    GPIOPortQ_Handler                        0x00000283   Thumb Code     0  startup.o(RESET)
    GPIOPortR_Handler                        0x00000283   Thumb Code     0  startup.o(RESET)
    GPIOPortS_Handler                        0x00000283   Thumb Code     0  startup.o(RESET)
    Hibernate_Handler                        0x00000283   Thumb Code     0  startup.o(RESET)
    I2C0_Handler                             0x00000283   Thumb Code     0  startup.o(RESET)
    I2C1_Handler                             0x00000283   Thumb Code     0  startup.o(RESET)
    I2C2_Handler                             0x00000283   Thumb Code     0  startup.o(RESET)
    I2C3_Handler                             0x00000283   Thumb Code     0  startup.o(RESET)
    I2C4_Handler                             0x00000283   Thumb Code     0  startup.o(RESET)
    I2C5_Handler                             0x00000283   Thumb Code     0  startup.o(RESET)
    I2S0_Handler                             0x00000283   Thumb Code     0  startup.o(RESET)
    LPC0_Handler                             0x00000283   Thumb Code     0  startup.o(RESET)
    PECI0_Handler                            0x00000283   Thumb Code     0  startup.o(RESET)
    PWM0Fault_Handler                        0x00000283   Thumb Code     0  startup.o(RESET)
    PWM0Generator0_Handler                   0x00000283   Thumb Code     0  startup.o(RESET)
    PWM0Generator1_Handler                   0x00000283   Thumb Code     0  startup.o(RESET)
    PWM0Generator2_Handler                   0x00000283   Thumb Code     0  startup.o(RESET)
    PWM0Generator3_Handler                   0x00000283   Thumb Code     0  startup.o(RESET)
    PWM1Fault_Handler                        0x00000283   Thumb Code     0  startup.o(RESET)
    PWM1Generator0_Handler                   0x00000283   Thumb Code     0  startup.o(RESET)
    PWM1Generator1_Handler                   0x00000283   Thumb Code     0  startup.o(RESET)
    PWM1Generator2_Handler                   0x00000283   Thumb Code     0  startup.o(RESET)
    PWM1Generator3_Handler                   0x00000283   Thumb Code     0  startup.o(RESET)
    Quadrature0_Handler                      0x00000283   Thumb Code     0  startup.o(RESET)
    Quadrature1_Handler                      0x00000283   Thumb Code     0  startup.o(RESET)
    Quadrature2_Handler                      0x00000283   Thumb Code     0  startup.o(RESET)
    SSI0_Handler                             0x00000283   Thumb Code     0  startup.o(RESET)
    SSI1_Handler                             0x00000283   Thumb Code     0  startup.o(RESET)
    SSI2_Handler                             0x00000283   Thumb Code     0  startup.o(RESET)
    SSI3_Handler                             0x00000283   Thumb Code     0  startup.o(RESET)
    SysCtl_Handler                           0x00000283   Thumb Code     0  startup.o(RESET)
    Timer0A_Handler                          0x00000283   Thumb Code     0  startup.o(RESET)
    Timer0B_Handler                          0x00000283   Thumb Code     0  startup.o(RESET)
    Timer1B_Handler                          0x00000283   Thumb Code     0  startup.o(RESET)
    Timer2B_Handler                          0x00000283   Thumb Code     0  startup.o(RESET)
    Timer3B_Handler                          0x00000283   Thumb Code     0  startup.o(RESET)
    Timer4A_Handler                          0x00000283   Thumb Code     0  startup.o(RESET)
    Timer4B_Handler                          0x00000283   Thumb Code     0  startup.o(RESET)
    Timer5B_Handler                          0x00000283   Thumb Code     0  startup.o(RESET)
    UART1_Handler                            0x00000283   Thumb Code     0  startup.o(RESET)
    UART2_Handler                            0x00000283   Thumb Code     0  startup.o(RESET)
    UART3_Handler                            0x00000283   Thumb Code     0  startup.o(RESET)
    UART4_Handler                            0x00000283   Thumb Code     0  startup.o(RESET)
    UART5_Handler                            0x00000283   Thumb Code     0  startup.o(RESET)
    UART6_Handler                            0x00000283   Thumb Code     0  startup.o(RESET)
    UART7_Handler                            0x00000283   Thumb Code     0  startup.o(RESET)
    USB0_Handler                             0x00000283   Thumb Code     0  startup.o(RESET)
    WDT_Handler                              0x00000283   Thumb Code     0  startup.o(RESET)
    WideTimer0A_Handler                      0x00000283   Thumb Code     0  startup.o(RESET)
    WideTimer0B_Handler                      0x00000283   Thumb Code     0  startup.o(RESET)
    WideTimer1A_Handler                      0x00000283   Thumb Code     0  startup.o(RESET)
    WideTimer1B_Handler                      0x00000283   Thumb Code     0  startup.o(RESET)
    WideTimer2A_Handler                      0x00000283   Thumb Code     0  startup.o(RESET)
    WideTimer2B_Handler                      0x00000283   Thumb Code     0  startup.o(RESET)
    WideTimer3A_Handler                      0x00000283   Thumb Code     0  startup.o(RESET)
    WideTimer3B_Handler                      0x00000283   Thumb Code     0  startup.o(RESET)
    WideTimer4A_Handler                      0x00000283   Thumb Code     0  startup.o(RESET)
    WideTimer4B_Handler                      0x00000283   Thumb Code     0  startup.o(RESET)
    WideTimer5A_Handler                      0x00000283   Thumb Code     0  startup.o(RESET)
    WideTimer5B_Handler                      0x00000283   Thumb Code     0  startup.o(RESET)
    uDMA_Error                               0x00000283   Thumb Code     0  startup.o(RESET)
    uDMA_Handler                             0x00000283   Thumb Code     0  startup.o(RESET)
    __main                                   0x00000285   Thumb Code     8  __main.o(!!!main)
    __scatterload                            0x0000028d   Thumb Code     0  __scatter.o(!!!scatter)
    __scatterload_rt2                        0x0000028d   Thumb Code    44  __scatter.o(!!!scatter)
    __scatterload_rt2_thumb_only             0x0000028d   Thumb Code     0  __scatter.o(!!!scatter)
    __scatterload_null                       0x0000029b   Thumb Code     0  __scatter.o(!!!scatter)
    __scatterload_copy                       0x000002c1   Thumb Code    26  __scatter_copy.o(!!handler_copy)
    __scatterload_zeroinit                   0x000002dd   Thumb Code    28  __scatter_zi.o(!!handler_zi)
    _printf_percent                          0x000002f9   Thumb Code     0  _printf_percent.o(.ARM.Collect$$_printf_percent$$00000000)
    _printf_u                                0x000002f9   Thumb Code     0  _printf_u.o(.ARM.Collect$$_printf_percent$$0000000A)
    _printf_percent_end                      0x000002ff   Thumb Code     0  _printf_percent_end.o(.ARM.Collect$$_printf_percent$$00000017)
    __rt_lib_init                            0x00000303   Thumb Code     0  libinit.o(.ARM.Collect$$libinit$$00000000)
    __rt_lib_init_alloca_1                   0x00000305   Thumb Code     0  libinit2.o(.ARM.Collect$$libinit$$0000002C)
    __rt_lib_init_argv_1                     0x00000305   Thumb Code     0  libinit2.o(.ARM.Collect$$libinit$$0000002A)
    __rt_lib_init_atexit_1                   0x00000305   Thumb Code     0  libinit2.o(.ARM.Collect$$libinit$$00000019)
    __rt_lib_init_clock_1                    0x00000305   Thumb Code     0  libinit2.o(.ARM.Collect$$libinit$$0000001F)
    __rt_lib_init_cpp_1                      0x00000305   Thumb Code     0  libinit2.o(.ARM.Collect$$libinit$$00000030)
    __rt_lib_init_exceptions_1               0x00000305   Thumb Code     0  libinit2.o(.ARM.Collect$$libinit$$0000002E)
    __rt_lib_init_fp_1                       0x00000305   Thumb Code     0  libinit2.o(.ARM.Collect$$libinit$$00000002)
    __rt_lib_init_fp_trap_1                  0x00000305   Thumb Code     0  libinit2.o(.ARM.Collect$$libinit$$0000001D)
    __rt_lib_init_getenv_1                   0x00000305   Thumb Code     0  libinit2.o(.ARM.Collect$$libinit$$00000021)
    __rt_lib_init_heap_1                     0x00000305   Thumb Code     0  libinit2.o(.ARM.Collect$$libinit$$00000008)
    __rt_lib_init_lc_collate_1               0x00000305   Thumb Code     0  libinit2.o(.ARM.Collect$$libinit$$0000000F)
    __rt_lib_init_lc_ctype_1                 0x00000305   Thumb Code     0  libinit2.o(.ARM.Collect$$libinit$$00000011)
    __rt_lib_init_lc_monetary_1              0x00000305   Thumb Code     0  libinit2.o(.ARM.Collect$$libinit$$00000013)
    __rt_lib_init_lc_numeric_1               0x00000305   Thumb Code     0  libinit2.o(.ARM.Collect$$libinit$$00000015)
    __rt_lib_init_lc_time_1                  0x00000305   Thumb Code     0  libinit2.o(.ARM.Collect$$libinit$$00000017)
    __rt_lib_init_rand_1                     0x00000305   Thumb Code     0  libinit2.o(.ARM.Collect$$libinit$$0000000C)
    __rt_lib_init_return                     0x00000305   Thumb Code     0  libinit2.o(.ARM.Collect$$libinit$$00000031)
    __rt_lib_init_signal_1                   0x00000305   Thumb Code     0  libinit2.o(.ARM.Collect$$libinit$$0000001B)
    __rt_lib_init_stdio_1                    0x00000305   Thumb Code     0  libinit2.o(.ARM.Collect$$libinit$$00000023)
    __rt_lib_init_user_alloc_1               0x00000305   Thumb Code     0  libinit2.o(.ARM.Collect$$libinit$$0000000A)
    __rt_lib_shutdown                        0x00000307   Thumb Code     0  libshutdown.o(.ARM.Collect$$libshutdown$$00000000)
    __rt_lib_shutdown_fp_trap_1              0x00000309   Thumb Code     0  libshutdown2.o(.ARM.Collect$$libshutdown$$00000006)
    __rt_lib_shutdown_heap_1                 0x00000309   Thumb Code     0  libshutdown2.o(.ARM.Collect$$libshutdown$$0000000E)
    __rt_lib_shutdown_return                 0x00000309   Thumb Code     0  libshutdown2.o(.ARM.Collect$$libshutdown$$0000000F)
    __rt_lib_shutdown_signal_1               0x00000309   Thumb Code     0  libshutdown2.o(.ARM.Collect$$libshutdown$$00000009)
    __rt_lib_shutdown_stdio_1                0x00000309   Thumb Code     0  libshutdown2.o(.ARM.Collect$$libshutdown$$00000003)
    __rt_lib_shutdown_user_alloc_1           0x00000309   Thumb Code     0  libshutdown2.o(.ARM.Collect$$libshutdown$$0000000B)
    __rt_entry                               0x0000030b   Thumb Code     0  rtentry.o(.ARM.Collect$$rtentry$$00000000)
    __rt_entry_presh_1                       0x0000030b   Thumb Code     0  rtentry2.o(.ARM.Collect$$rtentry$$00000002)
    __rt_entry_sh                            0x0000030b   Thumb Code     0  rtentry4.o(.ARM.Collect$$rtentry$$00000004)
    __rt_entry_li                            0x00000311   Thumb Code     0  rtentry2.o(.ARM.Collect$$rtentry$$0000000A)
    __rt_entry_postsh_1                      0x00000311   Thumb Code     0  rtentry2.o(.ARM.Collect$$rtentry$$00000009)
    __rt_entry_main                          0x00000315   Thumb Code     0  rtentry2.o(.ARM.Collect$$rtentry$$0000000D)
    __rt_entry_postli_1                      0x00000315   Thumb Code     0  rtentry2.o(.ARM.Collect$$rtentry$$0000000C)
    __rt_exit                                0x0000031d   Thumb Code     0  rtexit.o(.ARM.Collect$$rtexit$$00000000)
    __rt_exit_ls                             0x0000031f   Thumb Code     0  rtexit2.o(.ARM.Collect$$rtexit$$00000003)
    __rt_exit_prels_1                        0x0000031f   Thumb Code     0  rtexit2.o(.ARM.Collect$$rtexit$$00000002)
    __rt_exit_exit                           0x00000323   Thumb Code     0  rtexit2.o(.ARM.Collect$$rtexit$$00000004)
    DisableInterrupts                        0x00000329   Thumb Code     0  startup.o(.text)
    EnableInterrupts                         0x0000032d   Thumb Code     0  startup.o(.text)
    StartCritical                            0x00000331   Thumb Code     0  startup.o(.text)
    EndCritical                              0x00000339   Thumb Code     0  startup.o(.text)
    WaitForInterrupt                         0x0000033f   Thumb Code     0  startup.o(.text)
    __user_initial_stackheap                 0x00000343   Thumb Code     0  startup.o(.text)
    OS_DisableInterrupts                     0x00000359   Thumb Code     0  osasm.o(.text)
    OS_EnableInterrupts                      0x0000035d   Thumb Code     0  osasm.o(.text)
    PendSV_Handler                           0x00000361   Thumb Code     0  osasm.o(.text)
    StartOS                                  0x00000381   Thumb Code     0  osasm.o(.text)
    __I$use$semihosting                      0x000003a9   Thumb Code     0  use_no_semi.o(.text)
    __use_no_semihosting_swi                 0x000003a9   Thumb Code     2  use_no_semi.o(.text)
    __2printf                                0x000003ad   Thumb Code    20  noretval__2printf.o(.text)
    _printf_pre_padding                      0x000003c5   Thumb Code    46  _printf_pad.o(.text)
    _printf_post_padding                     0x000003f3   Thumb Code    36  _printf_pad.o(.text)
    _printf_int_dec                          0x00000419   Thumb Code   102  _printf_dec.o(.text)
    __printf                                 0x00000491   Thumb Code   310  __printf_flags_wp.o(.text)
    strlen                                   0x000005cd   Thumb Code    62  strlen.o(.text)
    strcmp                                   0x0000060d   Thumb Code   128  strcmpv7m.o(.text)
    __use_two_region_memory                  0x0000068d   Thumb Code     2  heapauxi.o(.text)
    __rt_heap_escrow$2region                 0x0000068f   Thumb Code     2  heapauxi.o(.text)
    __rt_heap_expand$2region                 0x00000691   Thumb Code     2  heapauxi.o(.text)
    _printf_int_common                       0x00000693   Thumb Code   184  _printf_intcommon.o(.text)
    _printf_char_file                        0x0000074d   Thumb Code    32  _printf_char_file.o(.text)
    _printf_char_common                      0x0000077b   Thumb Code    32  _printf_char_common.o(.text)
    __user_setup_stackheap                   0x000007a1   Thumb Code    74  sys_stackheap_outer.o(.text)
    exit                                     0x000007eb   Thumb Code    12  exit.o(.text)
    __user_libspace                          0x000007f9   Thumb Code     8  libspace.o(.text)
    __user_perproc_libspace                  0x000007f9   Thumb Code     0  libspace.o(.text)
    __user_perthread_libspace                0x000007f9   Thumb Code     0  libspace.o(.text)
    ADC0Seq3_Handler                         0x00000801   Thumb Code    38  adc.o(i.ADC0Seq3_Handler)
    ADC_Collect                              0x0000083d   Thumb Code    42  adc.o(i.ADC_Collect)
    ADC_HW_Init                              0x00000871   Thumb Code  1080  adc.o(i.ADC_HW_Init)
    ButtonPush                               0x00000ca9   Thumb Code    36  lab5.o(i.ButtonPush)
    CS_Init                                  0x00000cd9   Thumb Code   136  edisk.o(i.CS_Init)
    DownPush                                 0x00000df9   Thumb Code     2  lab5.o(i.DownPush)
    GPIOPortF_Handler                        0x00000dfd   Thumb Code   126  os.o(i.GPIOPortF_Handler)
    GPIO_Init                                0x00000e99   Thumb Code    98  lab5.o(i.GPIO_Init)
    IdleTask                                 0x00000f11   Thumb Code    14  lab5.o(i.IdleTask)
    Interpreter                              0x00000f25   Thumb Code   278  lab5.o(i.Interpreter)
    MakeTxSSI                                0x00001135   Thumb Code    30  edisk.o(i.MakeTxSSI)
    MakeTxhigh                               0x0000115d   Thumb Code    42  edisk.o(i.MakeTxhigh)
    OS_AddSW1Task                            0x00001195   Thumb Code   200  os.o(i.OS_AddSW1Task)
    OS_AddSW2Task                            0x0000127d   Thumb Code   224  os.o(i.OS_AddSW2Task)
    OS_AddThread                             0x00001381   Thumb Code   372  os.o(i.OS_AddThread)
    OS_ClearMsTime                           0x00001511   Thumb Code     8  os.o(i.OS_ClearMsTime)
    OS_Fifo_Get                              0x0000151d   Thumb Code    64  os.o(i.OS_Fifo_Get)
    OS_Fifo_Init                             0x00001571   Thumb Code    42  os.o(i.OS_Fifo_Init)
    OS_Fifo_Put                              0x000015b5   Thumb Code    52  os.o(i.OS_Fifo_Put)
    OS_Init                                  0x000015f9   Thumb Code   118  os.o(i.OS_Init)
    OS_InitSemaphore                         0x00001685   Thumb Code     4  os.o(i.OS_InitSemaphore)
    OS_Kill                                  0x00001689   Thumb Code   152  os.o(i.OS_Kill)
    OS_Launch                                0x00001735   Thumb Code    22  os.o(i.OS_Launch)
    OS_MsTime                                0x0000174d   Thumb Code     6  os.o(i.OS_MsTime)
    OS_Signal                                0x00001759   Thumb Code   140  os.o(i.OS_Signal)
    OS_Sleep                                 0x000017f5   Thumb Code    76  os.o(i.OS_Sleep)
    OS_Suspend                               0x0000184d   Thumb Code    22  os.o(i.OS_Suspend)
    OS_Time                                  0x00001869   Thumb Code    20  os.o(i.OS_Time)
    OS_TimeDifference                        0x00001885   Thumb Code     6  os.o(i.OS_TimeDifference)
    OS_Wait                                  0x0000188d   Thumb Code    94  os.o(i.OS_Wait)
    PLL_Init                                 0x000018f9   Thumb Code   118  pll.o(i.PLL_Init)
    PortE_Init                               0x00001975   Thumb Code    88  lab5.o(i.PortE_Init)
    Producer                                 0x000019dd   Thumb Code    42  lab5.o(i.Producer)
    Robot                                    0x00001a15   Thumb Code   134  lab5.o(i.Robot)
    RxFifo_Get                               0x00001af5   Thumb Code    46  uart.o(i.RxFifo_Get)
    RxFifo_Init                              0x00001b31   Thumb Code    26  uart.o(i.RxFifo_Init)
    RxFifo_Put                               0x00001b55   Thumb Code    48  uart.o(i.RxFifo_Put)
    RxFifo_Size                              0x00001b91   Thumb Code    14  uart.o(i.RxFifo_Size)
    SSI0_Init                                0x00001bb5   Thumb Code   244  edisk.o(i.SSI0_Init)
    SSI0_Out                                 0x00001cc5   Thumb Code    38  edisk.o(i.SSI0_Out)
    SetInitialStack                          0x00001cf1   Thumb Code   326  os.o(i.SetInitialStack)
    SysTick_Handler                          0x00001e41   Thumb Code   134  os.o(i.SysTick_Handler)
    Timer1A_Handler                          0x00001ee1   Thumb Code   106  os.o(i.Timer1A_Handler)
    Timer2A_Handler                          0x00001f65   Thumb Code    74  os.o(i.Timer2A_Handler)
    Timer2A_Init                             0x00001fc1   Thumb Code    98  os.o(i.Timer2A_Init)
    Timer3A_Handler                          0x00002039   Thumb Code   106  os.o(i.Timer3A_Handler)
    Timer5A_Handler                          0x000020bd   Thumb Code    14  edisk.o(i.Timer5A_Handler)
    Timer5_Init                              0x000020d1   Thumb Code    90  edisk.o(i.Timer5_Init)
    TxFifo_Get                               0x00002145   Thumb Code    46  uart.o(i.TxFifo_Get)
    TxFifo_Init                              0x00002181   Thumb Code    26  uart.o(i.TxFifo_Init)
    TxFifo_Put                               0x000021a5   Thumb Code    48  uart.o(i.TxFifo_Put)
    TxFifo_Size                              0x000021e1   Thumb Code    14  uart.o(i.TxFifo_Size)
    UART0_Handler                            0x000021f9   Thumb Code    82  uart.o(i.UART0_Handler)
    UART_InChar                              0x00002251   Thumb Code    20  uart.o(i.UART_InChar)
    UART_InString                            0x00002265   Thumb Code    70  uart.o(i.UART_InString)
    UART_Init                                0x000022ad   Thumb Code   180  uart.o(i.UART_Init)
    UART_OutChar                             0x00002379   Thumb Code    46  uart.o(i.UART_OutChar)
    UART_OutString                           0x000023ad   Thumb Code    24  uart.o(i.UART_OutString)
    UART_OutUDec                             0x000023c5   Thumb Code    42  uart.o(i.UART_OutUDec)
    _is_digit                                0x000023ef   Thumb Code    14  __printf_wp.o(i._is_digit)
    _sys_exit                                0x000023fd   Thumb Code     4  retarget.o(i._sys_exit)
    disk_timerproc                           0x00002455   Thumb Code    34  edisk.o(i.disk_timerproc)
    eDisk_Init                               0x00002481   Thumb Code   352  edisk.o(i.eDisk_Init)
    eDisk_Read                               0x000025ed   Thumb Code   146  edisk.o(i.eDisk_Read)
    eDisk_ReadBlock                          0x00002689   Thumb Code    20  edisk.o(i.eDisk_ReadBlock)
    eDisk_Write                              0x0000269d   Thumb Code   188  edisk.o(i.eDisk_Write)
    eDisk_WriteBlock                         0x00002761   Thumb Code    20  edisk.o(i.eDisk_WriteBlock)
    eFile_Create                             0x00002775   Thumb Code   164  efile.o(i.eFile_Create)
    eFile_Delete                             0x00002821   Thumb Code   188  efile.o(i.eFile_Delete)
    eFile_Directory                          0x000028f9   Thumb Code   128  efile.o(i.eFile_Directory)
    eFile_EndRedirectToFile                  0x00002991   Thumb Code    22  efile.o(i.eFile_EndRedirectToFile)
    eFile_Format                             0x000029ad   Thumb Code   184  efile.o(i.eFile_Format)
    eFile_Init                               0x00002a75   Thumb Code    26  efile.o(i.eFile_Init)
    eFile_RClose                             0x00002a95   Thumb Code    40  efile.o(i.eFile_RClose)
    eFile_ROpen                              0x00002ac1   Thumb Code   190  efile.o(i.eFile_ROpen)
    eFile_ReadNext                           0x00002ba5   Thumb Code   220  efile.o(i.eFile_ReadNext)
    eFile_RedirectToFile                     0x00002ca1   Thumb Code    32  efile.o(i.eFile_RedirectToFile)
    eFile_WClose                             0x00002cc5   Thumb Code   124  efile.o(i.eFile_WClose)
    eFile_WOpen                              0x00002d5d   Thumb Code   188  efile.o(i.eFile_WOpen)
    eFile_Write                              0x00002e35   Thumb Code   192  efile.o(i.eFile_Write)
    eFile_add_last                           0x00002f09   Thumb Code    86  efile.o(i.eFile_add_last)
    eFile_find_entry                         0x00002f69   Thumb Code    38  efile.o(i.eFile_find_entry)
    eFile_find_exist                         0x00002f95   Thumb Code    68  efile.o(i.eFile_find_exist)
    eFile_find_first                         0x00002fdd   Thumb Code    26  efile.o(i.eFile_find_first)
    eFile_find_last                          0x00002ffd   Thumb Code    48  efile.o(i.eFile_find_last)
    eFile_write2dict                         0x00003035   Thumb Code    38  efile.o(i.eFile_write2dict)
    eFile_write_begin                        0x00003065   Thumb Code   110  efile.o(i.eFile_write_begin)
    eFile_write_name                         0x000030dd   Thumb Code    40  efile.o(i.eFile_write_name)
    ferror                                   0x00003109   Thumb Code     8  retarget.o(i.ferror)
    fputc                                    0x00003111   Thumb Code    42  retarget.o(i.fputc)
    main                                     0x00003141   Thumb Code   276  lab5.o(i.main)
    Region$$Table$$Base                      0x00003570   Number         0  anon$$obj.o(Region$$Table)
    Region$$Table$$Limit                     0x00003590   Number         0  anon$$obj.o(Region$$Table)
    Idlecount                                0x20000008   Data           4  lab5.o(.data)
    NumCreated                               0x2000000c   Data           4  lab5.o(.data)
    NumSamples                               0x20000010   Data           4  lab5.o(.data)
    DataLost                                 0x20000014   Data           4  lab5.o(.data)
    Running                                  0x20000018   Data           4  lab5.o(.data)
    cmd                                      0x2000001c   Data           8  lab5.o(.data)
    p                                        0x20000024   Data           1  lab5.o(.data)
    kk                                       0x20000028   Data           4  lab5.o(.data)
    buffer_adc                               0x2000002c   Data           4  adc.o(.data)
    ADC_ready                                0x20000030   Data           2  adc.o(.data)
    ADC_multiple                             0x20000032   Data           2  adc.o(.data)
    ADCvalue                                 0x20000034   Data           2  adc.o(.data)
    n_samples                                0x20000038   Data           4  adc.o(.data)
    ADC_Task                                 0x2000003c   Data           4  adc.o(.data)
    global_period                            0x20000040   Data           4  os.o(.data)
    flag_os                                  0x20000044   Data           4  os.o(.data)
    head                                     0x20000048   Data           4  os.o(.data)
    timer_value_ms                           0x2000004c   Data           4  os.o(.data)
    timer1_count                             0x20000050   Data           4  os.o(.data)
    timer3_count                             0x20000054   Data           4  os.o(.data)
    timer2_count                             0x20000058   Data           4  os.o(.data)
    max_interrupt                            0x2000005c   Data           4  os.o(.data)
    total_interrupt                          0x20000060   Data           4  os.o(.data)
    signal                                   0x20000064   Data           4  os.o(.data)
    PeriodicTask                             0x20000070   Data           4  os.o(.data)
    PeriodicTask2                            0x20000074   Data           4  os.o(.data)
    PutPt                                    0x20000078   Data           4  os.o(.data)
    GetPt                                    0x2000007c   Data           4  os.o(.data)
    RunPt                                    0x20000080   Data           4  os.o(.data)
    NextRun                                  0x20000084   Data           4  os.o(.data)
    j                                        0x20000088   Data           4  os.o(.data)
    DataRoomLeft                             0x2000008c   Data           4  os.o(.data)
    mutex                                    0x20000090   Data           4  os.o(.data)
    DataAvailable                            0x20000094   Data           4  os.o(.data)
    DataValid                                0x20000098   Data           4  os.o(.data)
    BoxFree                                  0x2000009c   Data           4  os.o(.data)
    MailBox                                  0x200000a0   Data           4  os.o(.data)
    eventNum                                 0x200000a4   Data           4  os.o(.data)
    wait                                     0x200000a8   Data           4  os.o(.data)
    PF4Task                                  0x200000ac   Data           4  os.o(.data)
    PF0Task                                  0x200000b0   Data           4  os.o(.data)
    __stdout                                 0x200000b4   Data           4  retarget.o(.data)
    __stdin                                  0x200000b8   Data           4  retarget.o(.data)
    RxPutI                                   0x200000bc   Data           4  uart.o(.data)
    RxGetI                                   0x200000c0   Data           4  uart.o(.data)
    TxPutI                                   0x200000c4   Data           4  uart.o(.data)
    TxGetI                                   0x200000c8   Data           4  uart.o(.data)
    StreamToFile                             0x200000cc   Data           4  efile.o(.data)
    File_init                                0x200000d0   Data           4  efile.o(.data)
    Num_File                                 0x200000d4   Data           4  efile.o(.data)
    WOpen                                    0x200000d8   Data           4  efile.o(.data)
    ROpen                                    0x200000dc   Data           4  efile.o(.data)
    RPos                                     0x200000e0   Data           4  efile.o(.data)
    First_Block_Size                         0x200000e4   Data           4  efile.o(.data)
    Last_Block_Size                          0x200000e8   Data           4  efile.o(.data)
    block_number_in_file                     0x200000ec   Data           4  efile.o(.data)
    last_block                               0x200000f0   Data           4  efile.o(.data)
    first_block                              0x200000f4   Data           4  efile.o(.data)
    open_file_index                          0x200000f8   Data           4  efile.o(.data)
    read_block_num                           0x200000fc   Data           4  efile.o(.data)
    file_size                                0x20000100   Data           4  efile.o(.data)
    fileName                                 0x20000104   Data          16  lab5.o(.bss)
    buffer                                   0x20000114   Data         512  lab5.o(.bss)
    JitterHistogram                          0x20000314   Data        1024  os.o(.bss)
    tcbs                                     0x20000f14   Data         320  os.o(.bss)
    Stacks                                   0x20001054   Data        4000  os.o(.bss)
    event                                    0x20001ff4   Data         100  os.o(.bss)
    timeStamp                                0x20002058   Data         400  os.o(.bss)
    MaxJitter                                0x200021e8   Data          16  os.o(.bss)
    thisTime                                 0x20002208   Data          16  os.o(.bss)
    Directory_Block                          0x20002318   Data         512  efile.o(.bss)
    FAT                                      0x20002518   Data        4096  efile.o(.bss)
    One_Block                                0x20003518   Data         512  efile.o(.bss)
    Write_Block                              0x20003718   Data         512  efile.o(.bss)
    Read_Block                               0x20003918   Data         512  efile.o(.bss)
    __libspace_start                         0x20003b18   Data          96  libspace.o(.bss)
    __temporary_stack_top$libspace           0x20003b78   Data           0  libspace.o(.bss)



==============================================================================

Memory Map of the image

  Image Entry point : 0x0000026d

  Load Region LR_1 (Base: 0x00000000, Size: 0x00003694, Max: 0xffffffff, ABSOLUTE)

    Execution Region ER_RO (Base: 0x00000000, Size: 0x00003590, Max: 0xffffffff, ABSOLUTE)

    Base Addr    Size         Type   Attr      Idx    E Section Name        Object

    0x00000000   0x00000284   Code   RO            3  * RESET               startup.o
    0x00000284   0x00000008   Code   RO         1258  * !!!main             c_w.l(__main.o)
    0x0000028c   0x00000034   Code   RO         1415    !!!scatter          c_w.l(__scatter.o)
    0x000002c0   0x0000001a   Code   RO         1417    !!handler_copy      c_w.l(__scatter_copy.o)
    0x000002da   0x00000002   PAD
    0x000002dc   0x0000001c   Code   RO         1419    !!handler_zi        c_w.l(__scatter_zi.o)
    0x000002f8   0x00000000   Code   RO         1251    .ARM.Collect$$_printf_percent$$00000000  c_w.l(_printf_percent.o)
    0x000002f8   0x00000006   Code   RO         1250    .ARM.Collect$$_printf_percent$$0000000A  c_w.l(_printf_u.o)
    0x000002fe   0x00000004   Code   RO         1265    .ARM.Collect$$_printf_percent$$00000017  c_w.l(_printf_percent_end.o)
    0x00000302   0x00000002   Code   RO         1294    .ARM.Collect$$libinit$$00000000  c_w.l(libinit.o)
    0x00000304   0x00000000   Code   RO         1301    .ARM.Collect$$libinit$$00000002  c_w.l(libinit2.o)
    0x00000304   0x00000000   Code   RO         1304    .ARM.Collect$$libinit$$00000008  c_w.l(libinit2.o)
    0x00000304   0x00000000   Code   RO         1306    .ARM.Collect$$libinit$$0000000A  c_w.l(libinit2.o)
    0x00000304   0x00000000   Code   RO         1308    .ARM.Collect$$libinit$$0000000C  c_w.l(libinit2.o)
    0x00000304   0x00000000   Code   RO         1311    .ARM.Collect$$libinit$$0000000F  c_w.l(libinit2.o)
    0x00000304   0x00000000   Code   RO         1313    .ARM.Collect$$libinit$$00000011  c_w.l(libinit2.o)
    0x00000304   0x00000000   Code   RO         1315    .ARM.Collect$$libinit$$00000013  c_w.l(libinit2.o)
    0x00000304   0x00000000   Code   RO         1317    .ARM.Collect$$libinit$$00000015  c_w.l(libinit2.o)
    0x00000304   0x00000000   Code   RO         1319    .ARM.Collect$$libinit$$00000017  c_w.l(libinit2.o)
    0x00000304   0x00000000   Code   RO         1321    .ARM.Collect$$libinit$$00000019  c_w.l(libinit2.o)
    0x00000304   0x00000000   Code   RO         1323    .ARM.Collect$$libinit$$0000001B  c_w.l(libinit2.o)
    0x00000304   0x00000000   Code   RO         1325    .ARM.Collect$$libinit$$0000001D  c_w.l(libinit2.o)
    0x00000304   0x00000000   Code   RO         1327    .ARM.Collect$$libinit$$0000001F  c_w.l(libinit2.o)
    0x00000304   0x00000000   Code   RO         1329    .ARM.Collect$$libinit$$00000021  c_w.l(libinit2.o)
    0x00000304   0x00000000   Code   RO         1331    .ARM.Collect$$libinit$$00000023  c_w.l(libinit2.o)
    0x00000304   0x00000000   Code   RO         1335    .ARM.Collect$$libinit$$0000002A  c_w.l(libinit2.o)
    0x00000304   0x00000000   Code   RO         1337    .ARM.Collect$$libinit$$0000002C  c_w.l(libinit2.o)
    0x00000304   0x00000000   Code   RO         1339    .ARM.Collect$$libinit$$0000002E  c_w.l(libinit2.o)
    0x00000304   0x00000000   Code   RO         1341    .ARM.Collect$$libinit$$00000030  c_w.l(libinit2.o)
    0x00000304   0x00000002   Code   RO         1342    .ARM.Collect$$libinit$$00000031  c_w.l(libinit2.o)
    0x00000306   0x00000002   Code   RO         1360    .ARM.Collect$$libshutdown$$00000000  c_w.l(libshutdown.o)
    0x00000308   0x00000000   Code   RO         1371    .ARM.Collect$$libshutdown$$00000003  c_w.l(libshutdown2.o)
    0x00000308   0x00000000   Code   RO         1374    .ARM.Collect$$libshutdown$$00000006  c_w.l(libshutdown2.o)
    0x00000308   0x00000000   Code   RO         1377    .ARM.Collect$$libshutdown$$00000009  c_w.l(libshutdown2.o)
    0x00000308   0x00000000   Code   RO         1379    .ARM.Collect$$libshutdown$$0000000B  c_w.l(libshutdown2.o)
    0x00000308   0x00000000   Code   RO         1382    .ARM.Collect$$libshutdown$$0000000E  c_w.l(libshutdown2.o)
    0x00000308   0x00000002   Code   RO         1383    .ARM.Collect$$libshutdown$$0000000F  c_w.l(libshutdown2.o)
    0x0000030a   0x00000000   Code   RO         1260    .ARM.Collect$$rtentry$$00000000  c_w.l(rtentry.o)
    0x0000030a   0x00000000   Code   RO         1267    .ARM.Collect$$rtentry$$00000002  c_w.l(rtentry2.o)
    0x0000030a   0x00000006   Code   RO         1279    .ARM.Collect$$rtentry$$00000004  c_w.l(rtentry4.o)
    0x00000310   0x00000000   Code   RO         1269    .ARM.Collect$$rtentry$$00000009  c_w.l(rtentry2.o)
    0x00000310   0x00000004   Code   RO         1270    .ARM.Collect$$rtentry$$0000000A  c_w.l(rtentry2.o)
    0x00000314   0x00000000   Code   RO         1272    .ARM.Collect$$rtentry$$0000000C  c_w.l(rtentry2.o)
    0x00000314   0x00000008   Code   RO         1273    .ARM.Collect$$rtentry$$0000000D  c_w.l(rtentry2.o)
    0x0000031c   0x00000002   Code   RO         1298    .ARM.Collect$$rtexit$$00000000  c_w.l(rtexit.o)
    0x0000031e   0x00000000   Code   RO         1344    .ARM.Collect$$rtexit$$00000002  c_w.l(rtexit2.o)
    0x0000031e   0x00000004   Code   RO         1345    .ARM.Collect$$rtexit$$00000003  c_w.l(rtexit2.o)
    0x00000322   0x00000006   Code   RO         1346    .ARM.Collect$$rtexit$$00000004  c_w.l(rtexit2.o)
    0x00000328   0x00000030   Code   RO            4    .text               startup.o
    0x00000358   0x00000050   Code   RO         1210    .text               osasm.o
    0x000003a8   0x00000002   Code   RO         1218    .text               c_w.l(use_no_semi.o)
    0x000003aa   0x00000002   PAD
    0x000003ac   0x00000018   Code   RO         1222    .text               c_w.l(noretval__2printf.o)
    0x000003c4   0x00000052   Code   RO         1226    .text               c_w.l(_printf_pad.o)
    0x00000416   0x00000002   PAD
    0x00000418   0x00000078   Code   RO         1228    .text               c_w.l(_printf_dec.o)
    0x00000490   0x0000013c   Code   RO         1242    .text               c_w.l(__printf_flags_wp.o)
    0x000005cc   0x0000003e   Code   RO         1252    .text               c_w.l(strlen.o)
    0x0000060a   0x00000002   PAD
    0x0000060c   0x00000080   Code   RO         1254    .text               c_w.l(strcmpv7m.o)
    0x0000068c   0x00000006   Code   RO         1256    .text               c_w.l(heapauxi.o)
    0x00000692   0x000000b8   Code   RO         1261    .text               c_w.l(_printf_intcommon.o)
    0x0000074a   0x00000002   PAD
    0x0000074c   0x00000024   Code   RO         1263    .text               c_w.l(_printf_char_file.o)
    0x00000770   0x00000030   Code   RO         1281    .text               c_w.l(_printf_char_common.o)
    0x000007a0   0x0000004a   Code   RO         1283    .text               c_w.l(sys_stackheap_outer.o)
    0x000007ea   0x0000000c   Code   RO         1287    .text               c_w.l(exit.o)
    0x000007f6   0x00000002   PAD
    0x000007f8   0x00000008   Code   RO         1295    .text               c_w.l(libspace.o)
    0x00000800   0x0000003c   Code   RO          328    i.ADC0Seq3_Handler  adc.o
    0x0000083c   0x00000034   Code   RO          329    i.ADC_Collect       adc.o
    0x00000870   0x00000438   Code   RO          330    i.ADC_HW_Init       adc.o
    0x00000ca8   0x00000030   Code   RO          211    i.ButtonPush        lab5.o
    0x00000cd8   0x000000a4   Code   RO           12    i.CS_Init           edisk.o
    0x00000d7c   0x0000000c   Code   RO           13    i.DESELECT          edisk.o
    0x00000d88   0x00000038   Code   RO          373    i.DebounceTaskPF0   os.o
    0x00000dc0   0x00000038   Code   RO          374    i.DebounceTaskPF4   os.o
    0x00000df8   0x00000002   Code   RO          212    i.DownPush          lab5.o
    0x00000dfa   0x00000002   PAD
    0x00000dfc   0x0000009c   Code   RO          375    i.GPIOPortF_Handler  os.o
    0x00000e98   0x00000078   Code   RO          213    i.GPIO_Init         lab5.o
    0x00000f10   0x00000014   Code   RO          214    i.IdleTask          lab5.o
    0x00000f24   0x00000210   Code   RO          215    i.Interpreter       lab5.o
    0x00001134   0x00000028   Code   RO           14    i.MakeTxSSI         edisk.o
    0x0000115c   0x00000038   Code   RO           15    i.MakeTxhigh        edisk.o
    0x00001194   0x000000e8   Code   RO          378    i.OS_AddSW1Task     os.o
    0x0000127c   0x00000104   Code   RO          379    i.OS_AddSW2Task     os.o
    0x00001380   0x00000190   Code   RO          380    i.OS_AddThread      os.o
    0x00001510   0x0000000c   Code   RO          381    i.OS_ClearMsTime    os.o
    0x0000151c   0x00000054   Code   RO          382    i.OS_Fifo_Get       os.o
    0x00001570   0x00000044   Code   RO          383    i.OS_Fifo_Init      os.o
    0x000015b4   0x00000044   Code   RO          384    i.OS_Fifo_Put       os.o
    0x000015f8   0x0000008c   Code   RO          387    i.OS_Init           os.o
    0x00001684   0x00000004   Code   RO          388    i.OS_InitSemaphore  os.o
    0x00001688   0x000000ac   Code   RO          393    i.OS_Kill           os.o
    0x00001734   0x00000016   Code   RO          394    i.OS_Launch         os.o
    0x0000174a   0x00000002   PAD
    0x0000174c   0x0000000c   Code   RO          399    i.OS_MsTime         os.o
    0x00001758   0x0000009c   Code   RO          400    i.OS_Signal         os.o
    0x000017f4   0x00000058   Code   RO          401    i.OS_Sleep          os.o
    0x0000184c   0x0000001c   Code   RO          402    i.OS_Suspend        os.o
    0x00001868   0x0000001c   Code   RO          403    i.OS_Time           os.o
    0x00001884   0x00000006   Code   RO          404    i.OS_TimeDifference  os.o
    0x0000188a   0x00000002   PAD
    0x0000188c   0x0000006c   Code   RO          405    i.OS_Wait           os.o
    0x000018f8   0x0000007c   Code   RO          196    i.PLL_Init          pll.o
    0x00001974   0x00000068   Code   RO          216    i.PortE_Init        lab5.o
    0x000019dc   0x00000038   Code   RO          217    i.Producer          lab5.o
    0x00001a14   0x000000e0   Code   RO          218    i.Robot             lab5.o
    0x00001af4   0x0000003c   Code   RO          940    i.RxFifo_Get        uart.o
    0x00001b30   0x00000024   Code   RO          941    i.RxFifo_Init       uart.o
    0x00001b54   0x0000003c   Code   RO          942    i.RxFifo_Put        uart.o
    0x00001b90   0x00000018   Code   RO          943    i.RxFifo_Size       uart.o
    0x00001ba8   0x0000000c   Code   RO           16    i.SELECT            edisk.o
    0x00001bb4   0x00000110   Code   RO           17    i.SSI0_Init         edisk.o
    0x00001cc4   0x0000002c   Code   RO           18    i.SSI0_Out          edisk.o
    0x00001cf0   0x00000150   Code   RO          408    i.SetInitialStack   os.o
    0x00001e40   0x000000a0   Code   RO          409    i.SysTick_Handler   os.o
    0x00001ee0   0x00000084   Code   RO          410    i.Timer1A_Handler   os.o
    0x00001f64   0x0000005c   Code   RO          411    i.Timer2A_Handler   os.o
    0x00001fc0   0x00000078   Code   RO          412    i.Timer2A_Init      os.o
    0x00002038   0x00000084   Code   RO          413    i.Timer3A_Handler   os.o
    0x000020bc   0x00000014   Code   RO           19    i.Timer5A_Handler   edisk.o
    0x000020d0   0x00000074   Code   RO           20    i.Timer5_Init       edisk.o
    0x00002144   0x0000003c   Code   RO          944    i.TxFifo_Get        uart.o
    0x00002180   0x00000024   Code   RO          945    i.TxFifo_Init       uart.o
    0x000021a4   0x0000003c   Code   RO          946    i.TxFifo_Put        uart.o
    0x000021e0   0x00000018   Code   RO          947    i.TxFifo_Size       uart.o
    0x000021f8   0x00000058   Code   RO          948    i.UART0_Handler     uart.o
    0x00002250   0x00000014   Code   RO          949    i.UART_InChar       uart.o
    0x00002264   0x00000046   Code   RO          950    i.UART_InString     uart.o
    0x000022aa   0x00000002   PAD
    0x000022ac   0x000000cc   Code   RO          953    i.UART_Init         uart.o
    0x00002378   0x00000034   Code   RO          954    i.UART_OutChar      uart.o
    0x000023ac   0x00000018   Code   RO          955    i.UART_OutString    uart.o
    0x000023c4   0x0000002a   Code   RO          956    i.UART_OutUDec      uart.o
    0x000023ee   0x0000000e   Code   RO         1240    i._is_digit         c_w.l(__printf_wp.o)
    0x000023fc   0x00000004   Code   RO          633    i._sys_exit         retarget.o
    0x00002400   0x00000028   Code   RO          958    i.copyHardwareToSoftware  uart.o
    0x00002428   0x0000002c   Code   RO          959    i.copySoftwareToHardware  uart.o
    0x00002454   0x0000002c   Code   RO           23    i.disk_timerproc    edisk.o
    0x00002480   0x0000016c   Code   RO           24    i.eDisk_Init        edisk.o
    0x000025ec   0x0000009c   Code   RO           25    i.eDisk_Read        edisk.o
    0x00002688   0x00000014   Code   RO           26    i.eDisk_ReadBlock   edisk.o
    0x0000269c   0x000000c4   Code   RO           28    i.eDisk_Write       edisk.o
    0x00002760   0x00000014   Code   RO           29    i.eDisk_WriteBlock  edisk.o
    0x00002774   0x000000ac   Code   RO         1069    i.eFile_Create      efile.o
    0x00002820   0x000000d8   Code   RO         1070    i.eFile_Delete      efile.o
    0x000028f8   0x00000098   Code   RO         1071    i.eFile_Directory   efile.o
    0x00002990   0x0000001c   Code   RO         1072    i.eFile_EndRedirectToFile  efile.o
    0x000029ac   0x000000c8   Code   RO         1073    i.eFile_Format      efile.o
    0x00002a74   0x00000020   Code   RO         1074    i.eFile_Init        efile.o
    0x00002a94   0x0000002c   Code   RO         1075    i.eFile_RClose      efile.o
    0x00002ac0   0x000000e4   Code   RO         1076    i.eFile_ROpen       efile.o
    0x00002ba4   0x000000fc   Code   RO         1077    i.eFile_ReadNext    efile.o
    0x00002ca0   0x00000024   Code   RO         1078    i.eFile_RedirectToFile  efile.o
    0x00002cc4   0x00000098   Code   RO         1079    i.eFile_WClose      efile.o
    0x00002d5c   0x000000d8   Code   RO         1080    i.eFile_WOpen       efile.o
    0x00002e34   0x000000d4   Code   RO         1081    i.eFile_Write       efile.o
    0x00002f08   0x00000060   Code   RO         1082    i.eFile_add_last    efile.o
    0x00002f68   0x0000002c   Code   RO         1083    i.eFile_find_entry  efile.o
    0x00002f94   0x00000048   Code   RO         1084    i.eFile_find_exist  efile.o
    0x00002fdc   0x00000020   Code   RO         1085    i.eFile_find_first  efile.o
    0x00002ffc   0x00000038   Code   RO         1086    i.eFile_find_last   efile.o
    0x00003034   0x00000030   Code   RO         1087    i.eFile_write2dict  efile.o
    0x00003064   0x00000078   Code   RO         1088    i.eFile_write_begin  efile.o
    0x000030dc   0x0000002c   Code   RO         1089    i.eFile_write_name  efile.o
    0x00003108   0x00000008   Code   RO          635    i.ferror            retarget.o
    0x00003110   0x00000030   Code   RO          637    i.fputc             retarget.o
    0x00003140   0x000001cc   Code   RO          223    i.main              lab5.o
    0x0000330c   0x0000000c   Code   RO           31    i.power_off         edisk.o
    0x00003318   0x00000018   Code   RO           32    i.power_on          edisk.o
    0x00003330   0x00000050   Code   RO           33    i.rcvr_datablock    edisk.o
    0x00003380   0x0000002c   Code   RO           34    i.rcvr_spi          edisk.o
    0x000033ac   0x0000000c   Code   RO           35    i.rcvr_spi_m        edisk.o
    0x000033b8   0x00000070   Code   RO           36    i.send_cmd          edisk.o
    0x00003428   0x00000020   Code   RO           37    i.send_initial_clock_train  edisk.o
    0x00003448   0x0000000a   Code   RO           38    i.set_max_speed     edisk.o
    0x00003452   0x00000002   PAD
    0x00003454   0x00000028   Code   RO           39    i.wait_ready        edisk.o
    0x0000347c   0x0000005e   Code   RO           40    i.xmit_datablock    edisk.o
    0x000034da   0x00000002   PAD
    0x000034dc   0x0000002c   Code   RO           41    i.xmit_spi          edisk.o
    0x00003508   0x00000054   Data   RO          227    .constdata          lab5.o
    0x0000355c   0x00000011   Data   RO         1243    .constdata          c_w.l(__printf_flags_wp.o)
    0x0000356d   0x00000003   PAD
    0x00003570   0x00000020   Data   RO         1413    Region$$Table       anon$$obj.o


    Execution Region ER_RW (Base: 0x20000000, Size: 0x00000104, Max: 0xffffffff, ABSOLUTE)

    Base Addr    Size         Type   Attr      Idx    E Section Name        Object

    0x20000000   0x00000005   Data   RW           42    .data               edisk.o
    0x20000005   0x00000003   PAD
    0x20000008   0x00000024   Data   RW          228    .data               lab5.o
    0x2000002c   0x00000014   Data   RW          331    .data               adc.o
    0x20000040   0x00000074   Data   RW          415    .data               os.o
    0x200000b4   0x00000008   Data   RW          638    .data               retarget.o
    0x200000bc   0x00000010   Data   RW          961    .data               uart.o
    0x200000cc   0x00000038   Data   RW         1091    .data               efile.o


    Execution Region ER_ZI (Base: 0x20000104, Size: 0x00003e74, Max: 0xffffffff, ABSOLUTE)

    Base Addr    Size         Type   Attr      Idx    E Section Name        Object

    0x20000104   0x00000210   Zero   RW          226    .bss                lab5.o
    0x20000314   0x00001f04   Zero   RW          414    .bss                os.o
    0x20002218   0x00000100   Zero   RW          960    .bss                uart.o
    0x20002318   0x00001800   Zero   RW         1090    .bss                efile.o
    0x20003b18   0x00000060   Zero   RW         1296    .bss                c_w.l(libspace.o)
    0x20003b78   0x00000000   Zero   RW            2    HEAP                startup.o
    0x20003b78   0x00000400   Zero   RW            1    STACK               startup.o


==============================================================================

Image component sizes


      Code (inc. data)   RO Data    RW Data    ZI Data      Debug   Object Name

      1192        108          0         20          0       3419   adc.o
      2040        194          0          5          0      17356   edisk.o
      2452        300          0         56       6144      12674   efile.o
      1562        594         84         36        528       5632   lab5.o
      3128        448          0        116       7940      15170   os.o
        80          8          0          0          0        192   osasm.o
       124          6          0          0          0        367   pll.o
        60          6          0          8          0       2930   retarget.o
       692        632          0          0       1024        876   startup.o
       944        138          0         16        256       8243   uart.o

    ----------------------------------------------------------------------
     12286       2434        116        260      15892      66859   Object Totals
         0          0         32          0          0          0   (incl. Generated)
        12          0          0          3          0          0   (incl. Padding)

    ----------------------------------------------------------------------

      Code (inc. data)   RO Data    RW Data    ZI Data      Debug   Library Member Name

         8          0          0          0          0         68   __main.o
       316          6         17          0          0         92   __printf_flags_wp.o
        14          0          0          0          0         68   __printf_wp.o
        52          8          0          0          0          0   __scatter.o
        26          0          0          0          0          0   __scatter_copy.o
        28          0          0          0          0          0   __scatter_zi.o
        48          6          0          0          0         96   _printf_char_common.o
        36          4          0          0          0         80   _printf_char_file.o
       120         18          0          0          0         92   _printf_dec.o
       184          0          0          0          0         88   _printf_intcommon.o
        82          0          0          0          0        108   _printf_pad.o
         0          0          0          0          0          0   _printf_percent.o
         4          0          0          0          0          0   _printf_percent_end.o
         6          0          0          0          0          0   _printf_u.o
        12          0          0          0          0         72   exit.o
         6          0          0          0          0        152   heapauxi.o
         2          0          0          0          0          0   libinit.o
         2          0          0          0          0          0   libinit2.o
         2          0          0          0          0          0   libshutdown.o
         2          0          0          0          0          0   libshutdown2.o
         8          4          0          0         96         68   libspace.o
        24          4          0          0          0         84   noretval__2printf.o
         0          0          0          0          0          0   rtentry.o
        12          0          0          0          0          0   rtentry2.o
         6          0          0          0          0          0   rtentry4.o
         2          0          0          0          0          0   rtexit.o
        10          0          0          0          0          0   rtexit2.o
       128          0          0          0          0         68   strcmpv7m.o
        62          0          0          0          0         76   strlen.o
        74          0          0          0          0         80   sys_stackheap_outer.o
         2          0          0          0          0         68   use_no_semi.o

    ----------------------------------------------------------------------
      1290         50         20          0         96       1360   Library Totals
        12          0          3          0          0          0   (incl. Padding)

    ----------------------------------------------------------------------

      Code (inc. data)   RO Data    RW Data    ZI Data      Debug   Library Name

      1278         50         17          0         96       1360   c_w.l

    ----------------------------------------------------------------------
      1290         50         20          0         96       1360   Library Totals

    ----------------------------------------------------------------------

==============================================================================


      Code (inc. data)   RO Data    RW Data    ZI Data      Debug   

     13576       2484        136        260      15988      62135   Grand Totals
     13576       2484        136        260      15988      62135   ELF Image Totals
     13576       2484        136        260          0          0   ROM Totals

==============================================================================

    Total RO  Size (Code + RO Data)                13712 (  13.39kB)
    Total RW  Size (RW Data + ZI Data)             16248 (  15.87kB)
    Total ROM Size (Code + RO Data + RW Data)      13972 (  13.64kB)

==============================================================================

