<html>
<body>
<pre>
<h1>µVision Build Log</h1>
<h2>Project:</h2>
C:\Users\Administrator\Desktop\SDC_4C123\SDC.uvproj
Project File Date:  04/05/2015

<h2>Output:</h2>
Rebuild target 'SDC'
assembling startup.s...
compiling eDisk.c...
compiling PLL.c...
compiling lab5.c...
compiling ADC.c...
compiling ADC_SW.c...
compiling OS.c...
OS.c(527): warning:  #550-D: variable "toWakeUp" was set but never used
        tcbType *toWakeUp;
OS.c(528): warning:  #177-D: variable "priority" was declared but never referenced
        long priority;
OS.c(529): warning:  #177-D: variable "minpriority" was declared but never referenced
        long minpriority;
OS.c(609): warning:  #550-D: variable "toWakeUp" was set but never used
        tcbType *toWakeUp;
OS.c(610): warning:  #177-D: variable "priority" was declared but never referenced
        long priority;
OS.c(611): warning:  #177-D: variable "minpriority" was declared but never referenced
        long minpriority;
OS.c(758): warning:  #550-D: variable "delay" was set but never used
          unsigned delay;                             // (a) activate clock for port F
OS.c: 7 warnings, 0 errors
compiling Retarget.c...
compiling ST7735.c...
compiling UART.c...
compiling efile.c...
assembling osasm.s...
assembling cr4_fft_64_stm32.s...
linking...
Program Size: Code=13576 RO-data=136 RW-data=260 ZI-data=15988  
".\SDC.axf" - 0 Error(s), 7 Warning(s).
Load "C:\\Users\\Administrator\\Desktop\\SDC_4C123\\SDC.axf" 
Connecting: Mode=JTAG, Speed=1000000Hz
Erase Done.
Programming Done.
Verify OK.
</pre>
</body>
</html>
cting: Mode=JTAG, Speed=1000000Hz
Erase Done.
Programming Done.
Verify OK.
compiling lab5.c...
lab5.c(419): warning:  #1-D: last line of file ends without a newline
  }
lab5.c: 1 warning, 0 errors
"lab5.c" - 0 Error(s), 1 Warning(s).
