<html>
<body>
<pre>
<h1>µVision Build Log</h1>
<h2>Project:</h2>
C:\Users\hli\Documents\GitHub\EE382\Lab2\Lab2.uvproj
Project File Date:  02/25/2015

<h2>Output:</h2>
Build target 'Target 1'
linking...
Program Size: Code=16856 RO-data=2052 RW-data=312 ZI-data=6688  
".\Lab2.axf" - 0 Error(s), 0 Warning(s).
compiling OS.c...
"OS.c" - 0 Error(s), 0 Warning(s).
unPt->blocked = semaPt;
OS.c(292): error:  #268: declaration may not appear after executable statement in block
        tcbType *current;
OS.c(293): error:  #268: declaration may not appear after executable statement in block
        tcbType *toWakeUp;
OS.c(299): error:  #42: operand types are incompatible ("unsigned int" and "Sema4Type *")
                        if(current -> blocked == semaPt) {
OS.c(315): error:  #268: declaration may not appear after executable statement in block
  void OS_bWait(Sema4Type *semaPt){
OS.c(315): error:  #67: expected a "}"
  void OS_bWait(Sema4Type *semaPt){
OS.c(329): error:  #513: a value of type "Sema4Type *" cannot be assigned to an entity of type "unsigned int"
                        RunPt->blocked = semaPt;
OS.c(351): error:  #268: declaration may not appear after executable statement in block
        tcbType *current;
OS.c(352): error:  #268: declaration may not appear after executable statement in block
        tcbType *toWakeUp;
OS.c(358): error:  #42: operand types are incompatible ("unsigned int" and "Sema4Type *")
                        if(current -> blocked == semaPt) {
OS.c(374): error:  #268: declaration may not appear after executable statement in block
  unsigned long OS_Id(void){
OS.c(374): error:  #67: expected a "}"
  unsigned long OS_Id(void){
OS.c: 0 warnings, 12 errors
compiling PLL.c...
compiling Retarget.c...
compiling ST7735.c...
compiling UART.c...
assembling startup.s...
assembling cr4_fft_64_stm32.s...
assembling osasm.s...
assembling PID_stm32.s...
compiling lab2.c...
lab2.c(349): warning:  #111-D: statement is unreachable
    return;
lab2.c(522): warning:  #550-D: variable "num" was set but never used
        int num;
lab2.c(849): warning:  #177-D: variable "string" was declared but never referenced
    char string[20];  // global to assist in debugging
lab2.c: 3 warnings, 0 errors
compiling ADC_SW.c...
".\Lab2.axf" - 12 Error(s), 3 Warning(s).
Target not created
compiling OS.c...
OS.c(269): error:  #513: a value of type "Sema4Type *" cannot be assigned to an entity of type "unsigned int"
                        RunPt->blocked = semaPt;
OS.c(292): error:  #268: declaration may not appear after executable statement in block
        tcbType *current;
OS.c(293): error:  #268: declaration may not appear after executable statement in block
        tcbType *toWakeUp;
OS.c(299): error:  #42: operand types are incompatible ("unsigned int" and "Sema4Type *")
                        if(current -> blocked == semaPt) {
OS.c(315): error:  #268: declaration may not appear after executable statement in block
  void OS_bWait(Sema4Type *semaPt){
OS.c(315): error:  #67: expected a "}"
  void OS_bWait(Sema4Type *semaPt){
OS.c(329): error:  #513: a value of type "Sema4Type *" cannot be assigned to an entity of type "unsigned int"
                        RunPt->blocked = semaPt;
OS.c(345): error:  #268: declaration may not appear after executable statement in block
        tcbType *current;
OS.c(346): error:  #268: declaration may not appear after executable statement in block
        tcbType *toWakeUp;
OS.c(352): error:  #42: operand types are incompatible ("unsigned int" and "Sema4Type *")
                        if(current -> blocked == semaPt) {
OS.c(373): error:  #268: declaration may not appear after executable statement in block
  unsigned long OS_Id(void){
OS.c(373): error:  #67: expected a "}"
  unsigned long OS_Id(void){
OS.c: 0 warnings, 12 errors
"OS.c" - 12 Error(s), 0 Warning(s).
compiling OS.c...
OS.c(269): error:  #513: a value of type "Sema4Type *" cannot be assigned to an entity of type "unsigned int"
                        RunPt->blocked = semaPt;
OS.c(292): error:  #268: declaration may not appear after executable statement in block
        tcbType *current;
OS.c(293): error:  #268: declaration may not appear after executable statement in block
        tcbType *toWakeUp;
OS.c(299): error:  #42: operand types are incompatible ("unsigned int" and "Sema4Type *")
                        if(current -> blocked == semaPt) {
OS.c(315): error:  #268: declaration may not appear after executable statement in block
  void OS_bWait(Sema4Type *semaPt){
OS.c(315): error:  #67: expected a "}"
  void OS_bWait(Sema4Type *semaPt){
OS.c(329): error:  #513: a value of type "Sema4Type *" cannot be assigned to an entity of type "unsigned int"
                        RunPt->blocked = semaPt;
OS.c(345): error:  #268: declaration may not appear after executable statement in block
        tcbType *current;
OS.c(346): error:  #268: declaration may not appear after executable statement in block
        tcbType *toWakeUp;
OS.c(352): error:  #42: operand types are incompatible ("unsigned int" and "Sema4Type *")
                        if(current -> blocked == semaPt) {
OS.c(373): error:  #268: declaration may not appear after executable statement in block
  unsigned long OS_Id(void){
OS.c(373): error:  #67: expected a "}"
  unsigned long OS_Id(void){
OS.c: 0 warnings, 12 errors
"OS.c" - 12 Error(s), 0 Warning(s).
compiling OS.c...
OS.c(269): error:  #513: a value of type "Sema4Type *" cannot be assigned to an entity of type "unsigned int"
                        RunPt->blocked = semaPt;
OS.c(292): error:  #268: declaration may not appear after executable statement in block
        tcbType *current;
OS.c(293): error:  #268: declaration may not appear after executable statement in block
        tcbType *toWakeUp;
OS.c(299): error:  #42: operand types are incompatible ("unsigned int" and "Sema4Type *")
                        if(current -> blocked == semaPt) {
OS.c(315): error:  #268: declaration may not appear after executable statement in block
  void OS_bWait(Sema4Type *semaPt) {
OS.c(315): error:  #67: expected a "}"
  void OS_bWait(Sema4Type *semaPt) {
OS.c(329): error:  #513: a value of type "Sema4Type *" cannot be assigned to an entity of type "unsigned int"
                        RunPt->blocked = semaPt;
OS.c(345): error:  #268: declaration may not appear after executable statement in block
        tcbType *current;
OS.c(346): error:  #268: declaration may not appear after executable statement in block
        tcbType *toWakeUp;
OS.c(352): error:  #42: operand types are incompatible ("unsigned int" and "Sema4Type *")
                        if(current -> blocked == semaPt) {
OS.c(373): error:  #268: declaration may not appear after executable statement in block
  unsigned long OS_Id(void){
OS.c(373): error:  #67: expected a "}"
  unsigned long OS_Id(void){
OS.c: 0 warnings, 12 errors
"OS.c" - 12 Error(s), 0 Warning(s).
compiling OS.c...
OS.c(269): error:  #513: a value of type "Sema4Type *" cannot be assigned to an entity of type "unsigned int"
                        RunPt->blocked = semaPt;
OS.c(292): error:  #268: declaration may not appear after executable statement in block
        tcbType *current;
OS.c(293): error:  #268: declaration may not appear after executable statement in block
        tcbType *toWakeUp;
OS.c(299): error:  #42: operand types are incompatible ("unsigned int" and "Sema4Type *")
                        if(current -> blocked == semaPt) {
OS.c(315): error:  #268: declaration may not appear after executable statement in block
  void OS_bWait(Sema4Type *semaPt) {
OS.c(315): error:  #67: expected a "}"
  void OS_bWait(Sema4Type *semaPt) {
OS.c(329): error:  #513: a value of type "Sema4Type *" cannot be assigned to an entity of type "unsigned int"
                        RunPt->blocked = semaPt;
OS.c(353): error:  #42: operand types are incompatible ("unsigned int" and "Sema4Type *")
                        if(current -> blocked == semaPt) {
OS.c(374): error:  #268: declaration may not appear after executable statement in block
  unsigned long OS_Id(void){
OS.c(374): error:  #67: expected a "}"
  unsigned long OS_Id(void){
OS.c: 0 warnings, 10 errors
"OS.c" - 10 Error(s), 0 Warning(s).
compiling OS.c...
OS.c(269): error:  #513: a value of type "Sema4Type *" cannot be assigned to an entity of type "unsigned int"
                        RunPt->blocked = semaPt;
OS.c(292): error:  #268: declaration may not appear after executable statement in block
        tcbType *current;
OS.c(293): error:  #268: declaration may not appear after executable statement in block
        tcbType *toWakeUp;
OS.c(299): error:  #42: operand types are incompatible ("unsigned int" and "Sema4Type *")
                        if(current -> blocked == semaPt) {
OS.c(315): error:  #268: declaration may not appear after executable statement in block
  void OS_bWait(Sema4Type *semaPt) {
OS.c(315): error:  #67: expected a "}"
  void OS_bWait(Sema4Type *semaPt) {
OS.c(329): error:  #513: a value of type "Sema4Type *" cannot be assigned to an entity of type "unsigned int"
                        RunPt->blocked = semaPt;
OS.c(353): error:  #42: operand types are incompatible ("unsigned int" and "Sema4Type *")
                        if(current->blocked == semaPt) {
OS.c(374): error:  #268: declaration may not appear after executable statement in block
  unsigned long OS_Id(void){
OS.c(374): error:  #67: expected a "}"
  unsigned long OS_Id(void){
OS.c: 0 warnings, 10 errors
"OS.c" - 10 Error(s), 0 Warning(s).
compiling OS.c...
OS.c(269): error:  #513: a value of type "Sema4Type *" cannot be assigned to an entity of type "unsigned int"
                        RunPt->blocked = semaPt;
OS.c(292): error:  #268: declaration may not appear after executable statement in block
        tcbType *current;
OS.c(293): error:  #268: declaration may not appear after executable statement in block
        tcbType *toWakeUp;
OS.c(299): error:  #42: operand types are incompatible ("unsigned int" and "Sema4Type *")
                        if(current -> blocked == semaPt) {
OS.c(315): error:  #268: declaration may not appear after executable statement in block
  void OS_bWait(Sema4Type *semaPt) {
OS.c(315): error:  #67: expected a "}"
  void OS_bWait(Sema4Type *semaPt) {
OS.c(329): error:  #513: a value of type "Sema4Type *" cannot be assigned to an entity of type "unsigned int"
                        RunPt->blocked = semaPt;
OS.c(353): error:  #42: operand types are incompatible ("unsigned int" and "Sema4Type *")
                        if(current->blocked == semaPt) {
OS.c: 0 warnings, 8 errors
"OS.c" - 8 Error(s), 0 Warning(s).
compiling OS.c...
OS.c(269): error:  #513: a value of type "Sema4Type *" cannot be assigned to an entity of type "unsigned int"
                        RunPt->blocked = semaPt;
OS.c(292): error:  #268: declaration may not appear after executable statement in block
        tcbType *current;
OS.c(293): error:  #268: declaration may not appear after executable statement in block
        tcbType *toWakeUp;
OS.c(299): error:  #42: operand types are incompatible ("unsigned int" and "Sema4Type *")
                        if(current -> blocked == semaPt) {
OS.c(330): error:  #513: a value of type "Sema4Type *" cannot be assigned to an entity of type "unsigned int"
                        RunPt->blocked = semaPt;
OS.c(354): error:  #42: operand types are incompatible ("unsigned int" and "Sema4Type *")
                        if(current->blocked == semaPt) {
OS.c: 0 warnings, 6 errors
"OS.c" - 6 Error(s), 0 Warning(s).
compiling OS.c...
OS.c(292): error:  #268: declaration may not appear after executable statement in block
        tcbType *current;
OS.c(293): error:  #268: declaration may not appear after executable statement in block
        tcbType *toWakeUp;
OS.c: 0 warnings, 2 errors
"OS.c" - 2 Error(s), 0 Warning(s).
compiling OS.c...
"OS.c" - 0 Error(s), 0 Warning(s).
