<html>
<body>
<pre>
<h1>µVision Build Log</h1>
<h2>Project:</h2>
E:\UT\RTOS\Lab2\Lab2.uvproj
Project File Date:  02/13/2015

<h2>Output:</h2>
Rebuild target 'Target 1'
compiling ADC.c...
compiling OS.c...
compiling PLL.c...
compiling Retarget.c...
compiling ST7735.c...
compiling UART.c...
assembling startup.s...
assembling cr4_fft_64_stm32.s...
assembling osasm.s...
assembling PID_stm32.s...
compiling lab2.c...
lab2.c(349): warning:  #111-D: statement is unreachable
    return;
lab2.c(522): warning:  #550-D: variable "num" was set but never used
        int num;
lab2.c(849): warning:  #177-D: variable "string" was declared but never referenced
    char string[20];  // global to assist in debugging
lab2.c: 3 warnings, 0 errors
compiling ADC_SW.c...
linking...
Program Size: Code=16772 RO-data=2052 RW-data=312 ZI-data=6688  
".\Lab2.axf" - 0 Error(s), 3 Warning(s).
Load "E:\\UT\\RTOS\\Lab2\\Lab2.axf" 
Warning: OSC to JTAG clock ratio violation - JTAG clock has been automatically adjusted to comply.
Connecting: Mode=JTAG, Speed=600000Hz
Erase Done.
Programming Done.
Verify OK.
tring" was declared but never referenced
    char string[20];  // global to assist in debugging
lab2.c: 3 warnings, 0 errors
"lab2.c" - 0 Error(s), 3 Warning(s).
   int num;
lab2.c(848): warning:  #177-D: variable "string" was declared but never referenced
    char string[20];  // global to assist in debugging
lab2.c: 3 warnings, 0 errors
"lab2.c" - 0 Error(s), 3 Warning(s).
ply.
Connecting: Mode=JTAG, Speed=600000Hz
Erase Done.
Programming Done.
Verify OK.
compiling OS.c...
"OS.c" - 0 Error(s), 0 Warning(s).
