<html>
<body>
<pre>
<h1>µVision Build Log</h1>
<h2>Project:</h2>
E:\UT\RTOS\Lab3_new_new - Round roubin\Lab2.uvproj
Project File Date:  03/03/2015

<h2>Output:</h2>
Rebuild target 'Target 1'
compiling ADC.c...
compiling OS.c...
OS.c(520): warning:  #550-D: variable "toWakeUp" was set but never used
        tcbType *toWakeUp;
OS.c(521): warning:  #177-D: variable "priority" was declared but never referenced
        long priority;
OS.c(522): warning:  #177-D: variable "minpriority" was declared but never referenced
        long minpriority;
OS.c(602): warning:  #550-D: variable "toWakeUp" was set but never used
        tcbType *toWakeUp;
OS.c(603): warning:  #177-D: variable "priority" was declared but never referenced
        long priority;
OS.c(604): warning:  #177-D: variable "minpriority" was declared but never referenced
        long minpriority;
OS.c(751): warning:  #550-D: variable "delay" was set but never used
          unsigned delay;                             // (a) activate clock for port F
OS.c: 7 warnings, 0 errors
compiling PLL.c...
compiling Retarget.c...
compiling ST7735.c...
compiling UART.c...
assembling startup.s...
assembling cr4_fft_64_stm32.s...
assembling osasm.s...
assembling PID_stm32.s...
compiling lab2.c...
lab2.c(427): warning:  #111-D: statement is unreachable
    return;
lab2.c(546): warning:  #177-D: variable "k" was declared but never referenced
        long k;
lab2.c(619): warning:  #550-D: variable "num" was set but never used
        int num;
lab2.c(835): warning:  #177-D: variable "input" was declared but never referenced
    unsigned long input;
lab2.c(1009): warning:  #177-D: variable "string" was declared but never referenced
    char string[20];  // global to assist in debugging
lab2.c: 5 warnings, 0 errors
compiling ADC_SW.c...
linking...
Program Size: Code=18840 RO-data=2136 RW-data=348 ZI-data=8044  
".\Lab2.axf" - 0 Error(s), 12 Warning(s).
</pre>
</body>
</html>
0): warning:  #550-D: variable "toWakeUp" was set but never used
        tcbType *toWakeUp;
OS.c(521): warning:  #177-D: variable "priority" was declared but never referenced
        long priority;
OS.c(522): warning:  #177-D: variable "minpriority" was declared but never referenced
        long minpriority;
OS.c(602): warning:  #550-D: variable "toWakeUp" was set but never used
        tcbType *toWakeUp;
OS.c(603): warning:  #177-D: variable "priority" was declared but never referenced
        long priority;
OS.c(604): warning:  #177-D: variable "minpriority" was declared but never referenced
        long minpriority;
OS.c(751): warning:  #550-D: variable "delay" was set but never used
          unsigned delay;                             // (a) activate clock for port F
OS.c: 7 warnings, 0 errors
"OS.c" - 0 Error(s), 7 Warning(s).
