ARM Linker, 5.03 [Build 76] [MDK-ARM Lite]

==============================================================================

Section Cross References

    adc.o(.text) refers to startup.o(.text) for DisableInterrupts
    adc.o(.text) refers to adc.o(.data) for ADC_Task
    os.o(.text) refers to startup.o(.text) for StartCritical
    os.o(.text) refers to osasm.o(.text) for OS_DisableInterrupts
    os.o(.text) refers to pll.o(.text) for PLL_Init
    os.o(.text) refers to st7735.o(.text) for ST7735_InitR
    os.o(.text) refers to os.o(.data) for timer2_count
    os.o(.text) refers to os.o(.bss) for event
    retarget.o(.text) refers (Special) to use_no_semi.o(.text) for __use_no_semihosting_swi
    retarget.o(.text) refers to uart.o(.text) for UART_OutChar
    retarget.o(.data) refers (Special) to use_no_semi.o(.text) for __use_no_semihosting_swi
    st7735.o(.text) refers to st7735.o(.data) for RowStart
    st7735.o(.text) refers to st7735.o(.constdata) for Bcmd
    st7735.o(.text) refers to os.o(.text) for OS_bWait
    st7735.o(.text) refers to lab2.o(.data) for LCDdisplay
    st7735.o(.text) refers to st7735.o(.bss) for values
    uart.o(.text) refers to startup.o(.text) for StartCritical
    uart.o(.text) refers to os.o(.text) for OS_InitSemaphore
    uart.o(.text) refers to uart.o(.data) for RxGetI
    uart.o(.text) refers to uart.o(.bss) for RxFifo
    startup.o(STACK) refers (Special) to heapauxi.o(.text) for __use_two_region_memory
    startup.o(HEAP) refers (Special) to heapauxi.o(.text) for __use_two_region_memory
    startup.o(RESET) refers (Special) to heapauxi.o(.text) for __use_two_region_memory
    startup.o(RESET) refers to startup.o(STACK) for StackMem
    startup.o(RESET) refers to osasm.o(.text) for PendSV_Handler
    startup.o(RESET) refers to os.o(.text) for SysTick_Handler
    startup.o(RESET) refers to uart.o(.text) for UART0_Handler
    startup.o(RESET) refers to adc.o(.text) for ADC0Seq3_Handler
    startup.o(RESET) refers to __main.o(!!!main) for __main
    startup.o(.text) refers (Special) to heapauxi.o(.text) for __use_two_region_memory
    startup.o(.text) refers to startup.o(HEAP) for HeapMem
    startup.o(.text) refers to startup.o(STACK) for StackMem
    osasm.o(.text) refers to os.o(.data) for RunPt
    pid_stm32.o(.text) refers to lab2.o(.data) for IntTerm
    lab2.o(.text) refers to _printf_percent.o(.ARM.Collect$$_printf_percent$$00000000) for _printf_percent
    lab2.o(.text) refers to _printf_d.o(.ARM.Collect$$_printf_percent$$00000009) for _printf_d
    lab2.o(.text) refers to _printf_dec.o(.text) for _printf_int_dec
    lab2.o(.text) refers to _printf_u.o(.ARM.Collect$$_printf_percent$$0000000A) for _printf_u
    lab2.o(.text) refers to adc_sw.o(.text) for ADC_In
    lab2.o(.text) refers to os.o(.text) for OS_JitterSetThisTime
    lab2.o(.text) refers to st7735.o(.text) for ST7735_Message
    lab2.o(.text) refers to adc.o(.text) for ADC_Collect
    lab2.o(.text) refers to cr4_fft_64_stm32.o(.text) for cr4_fft_64_stm32
    lab2.o(.text) refers to pid_stm32.o(.text) for PID_stm32
    lab2.o(.text) refers to lab2.o(.data) for n
    lab2.o(.text) refers to lab2.o(.bss) for x
    lab2.o(.text) refers to noretval__2printf.o(.text) for __2printf
    lab2.o(.text) refers to uart.o(.text) for UART_InString
    lab2.o(.text) refers to strcmpv7m.o(.text) for strcmp
    lab2.o(.text) refers to lab2.o(.constdata) for .constdata
    lab2.o(.text) refers to os.o(.bss) for event
    lab2.o(.text) refers to os.o(.data) for eventNum
    lab2.o(.text) refers to pll.o(.text) for PLL_Init
    __2printf.o(.text) refers to _printf_char_file.o(.text) for _printf_char_file
    __2printf.o(.text) refers to retarget.o(.data) for __stdout
    noretval__2printf.o(.text) refers to _printf_char_file.o(.text) for _printf_char_file
    noretval__2printf.o(.text) refers to retarget.o(.data) for __stdout
    __printf.o(.text) refers to _printf_percent.o(.ARM.Collect$$_printf_percent$$00000000) for _printf_percent
    _printf_dec.o(.text) refers to _printf_intcommon.o(.text) for _printf_int_common
    __printf_flags.o(.text) refers to _printf_percent.o(.ARM.Collect$$_printf_percent$$00000000) for _printf_percent
    __printf_flags.o(.text) refers to __printf_flags.o(.constdata) for .constdata
    __printf_ss.o(.text) refers to _printf_percent.o(.ARM.Collect$$_printf_percent$$00000000) for _printf_percent
    __printf_flags_ss.o(.text) refers to _printf_percent.o(.ARM.Collect$$_printf_percent$$00000000) for _printf_percent
    __printf_flags_ss.o(.text) refers to __printf_flags_ss.o(.constdata) for .constdata
    __printf_wp.o(.text) refers to __printf_wp.o(i._is_digit) for _is_digit
    __printf_wp.o(.text) refers to _printf_percent.o(.ARM.Collect$$_printf_percent$$00000000) for _printf_percent
    __printf_flags_wp.o(.text) refers to __printf_wp.o(i._is_digit) for _is_digit
    __printf_flags_wp.o(.text) refers to _printf_percent.o(.ARM.Collect$$_printf_percent$$00000000) for _printf_percent
    __printf_flags_wp.o(.text) refers to __printf_flags_wp.o(.constdata) for .constdata
    __printf_ss_wp.o(.text) refers to __printf_wp.o(i._is_digit) for _is_digit
    __printf_ss_wp.o(.text) refers to _printf_percent.o(.ARM.Collect$$_printf_percent$$00000000) for _printf_percent
    __printf_flags_ss_wp.o(.text) refers to __printf_wp.o(i._is_digit) for _is_digit
    __printf_flags_ss_wp.o(.text) refers to _printf_percent.o(.ARM.Collect$$_printf_percent$$00000000) for _printf_percent
    __printf_flags_ss_wp.o(.text) refers to __printf_flags_ss_wp.o(.constdata) for .constdata
    _printf_d.o(.ARM.Collect$$_printf_percent$$00000009) refers (Weak) to _printf_dec.o(.text) for _printf_int_dec
    _printf_u.o(.ARM.Collect$$_printf_percent$$0000000A) refers (Weak) to _printf_dec.o(.text) for _printf_int_dec
    _printf_percent.o(.ARM.Collect$$_printf_percent$$00000000) refers (Special) to _printf_percent_end.o(.ARM.Collect$$_printf_percent$$00000017) for _printf_percent_end
    __main.o(!!!main) refers to rtentry.o(.ARM.Collect$$rtentry$$00000000) for __rt_entry
    rtentry.o(.ARM.Collect$$rtentry$$00000000) refers (Special) to rtentry2.o(.ARM.Collect$$rtentry$$0000000A) for __rt_entry_li
    rtentry.o(.ARM.Collect$$rtentry$$00000000) refers (Special) to rtentry2.o(.ARM.Collect$$rtentry$$0000000D) for __rt_entry_main
    rtentry.o(.ARM.Collect$$rtentry$$00000000) refers (Special) to rtentry2.o(.ARM.Collect$$rtentry$$0000000C) for __rt_entry_postli_1
    rtentry.o(.ARM.Collect$$rtentry$$00000000) refers (Special) to rtentry2.o(.ARM.Collect$$rtentry$$00000009) for __rt_entry_postsh_1
    rtentry.o(.ARM.Collect$$rtentry$$00000000) refers (Special) to rtentry2.o(.ARM.Collect$$rtentry$$00000002) for __rt_entry_presh_1
    rtentry.o(.ARM.Collect$$rtentry$$00000000) refers (Special) to rtentry4.o(.ARM.Collect$$rtentry$$00000004) for __rt_entry_sh
    _printf_char_file.o(.text) refers to _printf_char_common.o(.text) for _printf_char_common
    _printf_char_file.o(.text) refers to retarget.o(.text) for ferror
    rtentry2.o(.ARM.Collect$$rtentry$$00000008) refers to boardinit2.o(.text) for _platform_post_stackheap_init
    rtentry2.o(.ARM.Collect$$rtentry$$0000000A) refers to libinit.o(.ARM.Collect$$libinit$$00000000) for __rt_lib_init
    rtentry2.o(.ARM.Collect$$rtentry$$0000000B) refers to boardinit3.o(.text) for _platform_post_lib_init
    rtentry2.o(.ARM.Collect$$rtentry$$0000000D) refers to lab2.o(.text) for main
    rtentry2.o(.ARM.Collect$$rtentry$$0000000D) refers to exit.o(.text) for exit
    rtentry2.o(.ARM.exidx) refers to rtentry2.o(.ARM.Collect$$rtentry$$00000001) for .ARM.Collect$$rtentry$$00000001
    rtentry2.o(.ARM.exidx) refers to rtentry2.o(.ARM.Collect$$rtentry$$00000008) for .ARM.Collect$$rtentry$$00000008
    rtentry2.o(.ARM.exidx) refers to rtentry2.o(.ARM.Collect$$rtentry$$0000000A) for .ARM.Collect$$rtentry$$0000000A
    rtentry2.o(.ARM.exidx) refers to rtentry2.o(.ARM.Collect$$rtentry$$0000000B) for .ARM.Collect$$rtentry$$0000000B
    rtentry2.o(.ARM.exidx) refers to rtentry2.o(.ARM.Collect$$rtentry$$0000000D) for .ARM.Collect$$rtentry$$0000000D
    rtentry4.o(.ARM.Collect$$rtentry$$00000004) refers to sys_stackheap_outer.o(.text) for __user_setup_stackheap
    rtentry4.o(.ARM.exidx) refers to rtentry4.o(.ARM.Collect$$rtentry$$00000004) for .ARM.Collect$$rtentry$$00000004
    _printf_char_common.o(.text) refers to __printf_ss.o(.text) for __printf
    sys_stackheap_outer.o(.text) refers to libspace.o(.text) for __user_perproc_libspace
    sys_stackheap_outer.o(.text) refers to startup.o(.text) for __user_initial_stackheap
    exit.o(.text) refers to rtexit.o(.ARM.Collect$$rtexit$$00000000) for __rt_exit
    libinit.o(.ARM.Collect$$libinit$$00000000) refers (Special) to libinit2.o(.ARM.Collect$$libinit$$0000002C) for __rt_lib_init_alloca_1
    libinit.o(.ARM.Collect$$libinit$$00000000) refers (Special) to libinit2.o(.ARM.Collect$$libinit$$0000002A) for __rt_lib_init_argv_1
    libinit.o(.ARM.Collect$$libinit$$00000000) refers (Special) to libinit2.o(.ARM.Collect$$libinit$$00000019) for __rt_lib_init_atexit_1
    libinit.o(.ARM.Collect$$libinit$$00000000) refers (Special) to libinit2.o(.ARM.Collect$$libinit$$0000001F) for __rt_lib_init_clock_1
    libinit.o(.ARM.Collect$$libinit$$00000000) refers (Special) to libinit2.o(.ARM.Collect$$libinit$$00000030) for __rt_lib_init_cpp_1
    libinit.o(.ARM.Collect$$libinit$$00000000) refers (Special) to libinit2.o(.ARM.Collect$$libinit$$0000002E) for __rt_lib_init_exceptions_1
    libinit.o(.ARM.Collect$$libinit$$00000000) refers (Special) to libinit2.o(.ARM.Collect$$libinit$$00000002) for __rt_lib_init_fp_1
    libinit.o(.ARM.Collect$$libinit$$00000000) refers (Special) to libinit2.o(.ARM.Collect$$libinit$$0000001D) for __rt_lib_init_fp_trap_1
    libinit.o(.ARM.Collect$$libinit$$00000000) refers (Special) to libinit2.o(.ARM.Collect$$libinit$$00000021) for __rt_lib_init_getenv_1
    libinit.o(.ARM.Collect$$libinit$$00000000) refers (Special) to libinit2.o(.ARM.Collect$$libinit$$00000008) for __rt_lib_init_heap_1
    libinit.o(.ARM.Collect$$libinit$$00000000) refers (Special) to libinit2.o(.ARM.Collect$$libinit$$0000000F) for __rt_lib_init_lc_collate_1
    libinit.o(.ARM.Collect$$libinit$$00000000) refers (Special) to libinit2.o(.ARM.Collect$$libinit$$00000011) for __rt_lib_init_lc_ctype_1
    libinit.o(.ARM.Collect$$libinit$$00000000) refers (Special) to libinit2.o(.ARM.Collect$$libinit$$00000013) for __rt_lib_init_lc_monetary_1
    libinit.o(.ARM.Collect$$libinit$$00000000) refers (Special) to libinit2.o(.ARM.Collect$$libinit$$00000015) for __rt_lib_init_lc_numeric_1
    libinit.o(.ARM.Collect$$libinit$$00000000) refers (Special) to libinit2.o(.ARM.Collect$$libinit$$00000017) for __rt_lib_init_lc_time_1
    libinit.o(.ARM.Collect$$libinit$$00000000) refers (Special) to libinit2.o(.ARM.Collect$$libinit$$0000000C) for __rt_lib_init_rand_1
    libinit.o(.ARM.Collect$$libinit$$00000000) refers (Special) to libinit2.o(.ARM.Collect$$libinit$$00000031) for __rt_lib_init_return
    libinit.o(.ARM.Collect$$libinit$$00000000) refers (Special) to libinit2.o(.ARM.Collect$$libinit$$0000001B) for __rt_lib_init_signal_1
    libinit.o(.ARM.Collect$$libinit$$00000000) refers (Special) to libinit2.o(.ARM.Collect$$libinit$$00000023) for __rt_lib_init_stdio_1
    libinit.o(.ARM.Collect$$libinit$$00000000) refers (Special) to libinit2.o(.ARM.Collect$$libinit$$0000000A) for __rt_lib_init_user_alloc_1
    libspace.o(.text) refers to libspace.o(.bss) for __libspace_start
    rtexit.o(.ARM.Collect$$rtexit$$00000000) refers (Special) to rtexit2.o(.ARM.Collect$$rtexit$$00000004) for __rt_exit_exit
    rtexit.o(.ARM.Collect$$rtexit$$00000000) refers (Special) to rtexit2.o(.ARM.Collect$$rtexit$$00000003) for __rt_exit_ls
    rtexit.o(.ARM.Collect$$rtexit$$00000000) refers (Special) to rtexit2.o(.ARM.Collect$$rtexit$$00000002) for __rt_exit_prels_1
    rtexit.o(.ARM.exidx) refers (Special) to rtexit2.o(.ARM.Collect$$rtexit$$00000004) for __rt_exit_exit
    rtexit.o(.ARM.exidx) refers (Special) to rtexit2.o(.ARM.Collect$$rtexit$$00000003) for __rt_exit_ls
    rtexit.o(.ARM.exidx) refers (Special) to rtexit2.o(.ARM.Collect$$rtexit$$00000002) for __rt_exit_prels_1
    rtexit.o(.ARM.exidx) refers to rtexit.o(.ARM.Collect$$rtexit$$00000000) for .ARM.Collect$$rtexit$$00000000
    libinit2.o(.ARM.Collect$$libinit$$0000000E) refers to libinit2.o(.ARM.Collect$$libinit$$0000000D) for .ARM.Collect$$libinit$$0000000D
    libinit2.o(.ARM.Collect$$libinit$$00000010) refers to libinit2.o(.ARM.Collect$$libinit$$0000000D) for .ARM.Collect$$libinit$$0000000D
    libinit2.o(.ARM.Collect$$libinit$$00000012) refers to libinit2.o(.ARM.Collect$$libinit$$0000000D) for .ARM.Collect$$libinit$$0000000D
    libinit2.o(.ARM.Collect$$libinit$$00000014) refers to libinit2.o(.ARM.Collect$$libinit$$0000000D) for .ARM.Collect$$libinit$$0000000D
    libinit2.o(.ARM.Collect$$libinit$$00000016) refers to libinit2.o(.ARM.Collect$$libinit$$0000000D) for .ARM.Collect$$libinit$$0000000D
    libinit2.o(.ARM.Collect$$libinit$$00000024) refers to argv_veneer.o(.emb_text) for __ARM_argv_veneer
    libinit2.o(.ARM.Collect$$libinit$$00000025) refers to argv_veneer.o(.emb_text) for __ARM_argv_veneer
    rtexit2.o(.ARM.Collect$$rtexit$$00000003) refers to libshutdown.o(.ARM.Collect$$libshutdown$$00000000) for __rt_lib_shutdown
    rtexit2.o(.ARM.Collect$$rtexit$$00000004) refers to retarget.o(.text) for _sys_exit
    rtexit2.o(.ARM.exidx) refers to rtexit2.o(.ARM.Collect$$rtexit$$00000001) for .ARM.Collect$$rtexit$$00000001
    rtexit2.o(.ARM.exidx) refers to rtexit2.o(.ARM.Collect$$rtexit$$00000003) for .ARM.Collect$$rtexit$$00000003
    rtexit2.o(.ARM.exidx) refers to rtexit2.o(.ARM.Collect$$rtexit$$00000004) for .ARM.Collect$$rtexit$$00000004
    argv_veneer.o(.emb_text) refers to no_argv.o(.text) for __ARM_get_argv
    _get_argv_nomalloc.o(.text) refers (Special) to hrguard.o(.text) for __heap_region$guard
    _get_argv_nomalloc.o(.text) refers to defsig_rtmem_outer.o(.text) for __rt_SIGRTMEM
    _get_argv_nomalloc.o(.text) refers to sys_command.o(.text) for _sys_command_string
    libshutdown.o(.ARM.Collect$$libshutdown$$00000000) refers (Special) to libshutdown2.o(.ARM.Collect$$libshutdown$$00000006) for __rt_lib_shutdown_fp_trap_1
    libshutdown.o(.ARM.Collect$$libshutdown$$00000000) refers (Special) to libshutdown2.o(.ARM.Collect$$libshutdown$$0000000E) for __rt_lib_shutdown_heap_1
    libshutdown.o(.ARM.Collect$$libshutdown$$00000000) refers (Special) to libshutdown2.o(.ARM.Collect$$libshutdown$$0000000F) for __rt_lib_shutdown_return
    libshutdown.o(.ARM.Collect$$libshutdown$$00000000) refers (Special) to libshutdown2.o(.ARM.Collect$$libshutdown$$00000009) for __rt_lib_shutdown_signal_1
    libshutdown.o(.ARM.Collect$$libshutdown$$00000000) refers (Special) to libshutdown2.o(.ARM.Collect$$libshutdown$$00000003) for __rt_lib_shutdown_stdio_1
    libshutdown.o(.ARM.Collect$$libshutdown$$00000000) refers (Special) to libshutdown2.o(.ARM.Collect$$libshutdown$$0000000B) for __rt_lib_shutdown_user_alloc_1
    sys_command.o(.text) refers (Special) to use_no_semi.o(.text) for __I$use$semihosting
    sys_command.o(.text) refers (Special) to indicate_semi.o(.text) for __semihosting_library_function
    defsig_rtmem_outer.o(.text) refers to defsig_rtmem_inner.o(.text) for __rt_SIGRTMEM_inner
    defsig_rtmem_outer.o(.text) refers to defsig_exit.o(.text) for __sig_exit
    defsig_rtmem_formal.o(.text) refers to rt_raise.o(.text) for __rt_raise
    rt_raise.o(.text) refers to __raise.o(.text) for __raise
    rt_raise.o(.text) refers to retarget.o(.text) for _sys_exit
    defsig_exit.o(.text) refers to retarget.o(.text) for _sys_exit
    defsig_rtmem_inner.o(.text) refers to defsig_general.o(.text) for __default_signal_display
    __raise.o(.text) refers to defsig.o(CL$$defsig) for __default_signal_handler
    defsig_general.o(.text) refers to retarget.o(.text) for _ttywrch
    defsig.o(CL$$defsig) refers to defsig_rtmem_inner.o(.text) for __rt_SIGRTMEM_inner
    defsig_abrt_inner.o(.text) refers to defsig_general.o(.text) for __default_signal_display
    defsig_fpe_inner.o(.text) refers to defsig_general.o(.text) for __default_signal_display
    defsig_rtred_inner.o(.text) refers to defsig_general.o(.text) for __default_signal_display
    defsig_stak_inner.o(.text) refers to defsig_general.o(.text) for __default_signal_display
    defsig_pvfn_inner.o(.text) refers to defsig_general.o(.text) for __default_signal_display
    defsig_cppl_inner.o(.text) refers to defsig_general.o(.text) for __default_signal_display
    defsig_segv_inner.o(.text) refers to defsig_general.o(.text) for __default_signal_display
    defsig_other.o(.text) refers to defsig_general.o(.text) for __default_signal_display


==============================================================================

Image Symbol Table

    Local Symbols

    Symbol Name                              Value     Ov Type        Size  Object(Section)

    RESET                                    0x00000000   Section      644  startup.o(RESET)
    ../clib/angel/boardlib.s                 0x00000000   Number         0  boardinit3.o ABSOLUTE
    ../clib/angel/boardlib.s                 0x00000000   Number         0  boardshut.o ABSOLUTE
    ../clib/angel/boardlib.s                 0x00000000   Number         0  boardinit1.o ABSOLUTE
    ../clib/angel/boardlib.s                 0x00000000   Number         0  boardinit2.o ABSOLUTE
    ../clib/angel/dczerorl.s                 0x00000000   Number         0  __dczerorl.o ABSOLUTE
    ../clib/angel/handlers.s                 0x00000000   Number         0  __scatter_zi.o ABSOLUTE
    ../clib/angel/kernel.s                   0x00000000   Number         0  rtentry2.o ABSOLUTE
    ../clib/angel/kernel.s                   0x00000000   Number         0  rtentry.o ABSOLUTE
    ../clib/angel/kernel.s                   0x00000000   Number         0  rtentry4.o ABSOLUTE
    ../clib/angel/kernel.s                   0x00000000   Number         0  rtexit2.o ABSOLUTE
    ../clib/angel/kernel.s                   0x00000000   Number         0  rtexit.o ABSOLUTE
    ../clib/angel/rt.s                       0x00000000   Number         0  rt_raise.o ABSOLUTE
    ../clib/angel/scatter.s                  0x00000000   Number         0  __scatter.o ABSOLUTE
    ../clib/angel/startup.s                  0x00000000   Number         0  __main.o ABSOLUTE
    ../clib/angel/sys.s                      0x00000000   Number         0  use_no_semi.o ABSOLUTE
    ../clib/angel/sys.s                      0x00000000   Number         0  libspace.o ABSOLUTE
    ../clib/angel/sys.s                      0x00000000   Number         0  sys_stackheap_outer.o ABSOLUTE
    ../clib/angel/sys.s                      0x00000000   Number         0  indicate_semi.o ABSOLUTE
    ../clib/angel/sysapp.c                   0x00000000   Number         0  sys_command.o ABSOLUTE
    ../clib/armsys.c                         0x00000000   Number         0  no_argv.o ABSOLUTE
    ../clib/armsys.c                         0x00000000   Number         0  _get_argv_nomalloc.o ABSOLUTE
    ../clib/armsys.c                         0x00000000   Number         0  argv_veneer.o ABSOLUTE
    ../clib/armsys.c                         0x00000000   Number         0  argv_veneer.o ABSOLUTE
    ../clib/heapalloc.c                      0x00000000   Number         0  hrguard.o ABSOLUTE
    ../clib/heapaux.c                        0x00000000   Number         0  heapauxi.o ABSOLUTE
    ../clib/libinit.s                        0x00000000   Number         0  libinit2.o ABSOLUTE
    ../clib/libinit.s                        0x00000000   Number         0  libshutdown.o ABSOLUTE
    ../clib/libinit.s                        0x00000000   Number         0  libinit.o ABSOLUTE
    ../clib/libinit.s                        0x00000000   Number         0  libshutdown2.o ABSOLUTE
    ../clib/memcpset.s                       0x00000000   Number         0  strcmpv7m.o ABSOLUTE
    ../clib/misc.s                           0x00000000   Number         0  printf_stubs.o ABSOLUTE
    ../clib/printf.c                         0x00000000   Number         0  __2printf.o ABSOLUTE
    ../clib/printf.c                         0x00000000   Number         0  __printf_flags.o ABSOLUTE
    ../clib/printf.c                         0x00000000   Number         0  _printf_intcommon.o ABSOLUTE
    ../clib/printf.c                         0x00000000   Number         0  _printf_char_common.o ABSOLUTE
    ../clib/printf.c                         0x00000000   Number         0  __printf_nopercent.o ABSOLUTE
    ../clib/printf.c                         0x00000000   Number         0  __printf_ss.o ABSOLUTE
    ../clib/printf.c                         0x00000000   Number         0  noretval__2printf.o ABSOLUTE
    ../clib/printf.c                         0x00000000   Number         0  __printf_flags_ss.o ABSOLUTE
    ../clib/printf.c                         0x00000000   Number         0  __printf_wp.o ABSOLUTE
    ../clib/printf.c                         0x00000000   Number         0  __printf_flags_wp.o ABSOLUTE
    ../clib/printf.c                         0x00000000   Number         0  __printf_ss_wp.o ABSOLUTE
    ../clib/printf.c                         0x00000000   Number         0  __printf_flags_ss_wp.o ABSOLUTE
    ../clib/printf.c                         0x00000000   Number         0  _printf_dec.o ABSOLUTE
    ../clib/printf.c                         0x00000000   Number         0  __printf.o ABSOLUTE
    ../clib/printf.c                         0x00000000   Number         0  _printf_char_file.o ABSOLUTE
    ../clib/printf_percent.s                 0x00000000   Number         0  _printf_percent_end.o ABSOLUTE
    ../clib/printf_percent.s                 0x00000000   Number         0  _printf_u.o ABSOLUTE
    ../clib/printf_percent.s                 0x00000000   Number         0  _printf_percent.o ABSOLUTE
    ../clib/printf_percent.s                 0x00000000   Number         0  _printf_d.o ABSOLUTE
    ../clib/signal.c                         0x00000000   Number         0  defsig_rtmem_formal.o ABSOLUTE
    ../clib/signal.c                         0x00000000   Number         0  defsig_abrt_inner.o ABSOLUTE
    ../clib/signal.c                         0x00000000   Number         0  defsig_other.o ABSOLUTE
    ../clib/signal.c                         0x00000000   Number         0  defsig_segv_inner.o ABSOLUTE
    ../clib/signal.c                         0x00000000   Number         0  defsig_cppl_inner.o ABSOLUTE
    ../clib/signal.c                         0x00000000   Number         0  defsig_pvfn_inner.o ABSOLUTE
    ../clib/signal.c                         0x00000000   Number         0  defsig_stak_inner.o ABSOLUTE
    ../clib/signal.c                         0x00000000   Number         0  defsig_rtred_inner.o ABSOLUTE
    ../clib/signal.c                         0x00000000   Number         0  defsig_fpe_inner.o ABSOLUTE
    ../clib/signal.c                         0x00000000   Number         0  defsig_general.o ABSOLUTE
    ../clib/signal.c                         0x00000000   Number         0  __raise.o ABSOLUTE
    ../clib/signal.c                         0x00000000   Number         0  defsig_rtmem_inner.o ABSOLUTE
    ../clib/signal.c                         0x00000000   Number         0  defsig_exit.o ABSOLUTE
    ../clib/signal.c                         0x00000000   Number         0  defsig_rtmem_outer.o ABSOLUTE
    ../clib/signal.s                         0x00000000   Number         0  defsig.o ABSOLUTE
    ../clib/stdlib.c                         0x00000000   Number         0  exit.o ABSOLUTE
    ../fplib/fpinit.s                        0x00000000   Number         0  fpinit.o ABSOLUTE
    ADC.c                                    0x00000000   Number         0  adc.o ABSOLUTE
    ADC_SW.c                                 0x00000000   Number         0  adc_sw.o ABSOLUTE
    OS.c                                     0x00000000   Number         0  os.o ABSOLUTE
    PID_stm32.s                              0x00000000   Number         0  pid_stm32.o ABSOLUTE
    PLL.c                                    0x00000000   Number         0  pll.o ABSOLUTE
    Retarget.c                               0x00000000   Number         0  retarget.o ABSOLUTE
    ST7735.c                                 0x00000000   Number         0  st7735.o ABSOLUTE
    UART.c                                   0x00000000   Number         0  uart.o ABSOLUTE
    cr4_fft_64_stm32.s                       0x00000000   Number         0  cr4_fft_64_stm32.o ABSOLUTE
    dc.s                                     0x00000000   Number         0  dc.o ABSOLUTE
    lab2.c                                   0x00000000   Number         0  lab2.o ABSOLUTE
    osasm.s                                  0x00000000   Number         0  osasm.o ABSOLUTE
    startup.s                                0x00000000   Number         0  startup.o ABSOLUTE
    !!!main                                  0x00000284   Section        8  __main.o(!!!main)
    !!!scatter                               0x0000028c   Section       52  __scatter.o(!!!scatter)
    !!dczerorl                               0x000002c0   Section       58  __dczerorl.o(!!dczerorl)
    !!handler_zi                             0x000002fc   Section       28  __scatter_zi.o(!!handler_zi)
    .ARM.Collect$$_printf_percent$$00000000  0x00000318   Section        0  _printf_percent.o(.ARM.Collect$$_printf_percent$$00000000)
    .ARM.Collect$$_printf_percent$$00000009  0x00000318   Section        6  _printf_d.o(.ARM.Collect$$_printf_percent$$00000009)
    .ARM.Collect$$_printf_percent$$0000000A  0x0000031e   Section        6  _printf_u.o(.ARM.Collect$$_printf_percent$$0000000A)
    .ARM.Collect$$_printf_percent$$00000017  0x00000324   Section        4  _printf_percent_end.o(.ARM.Collect$$_printf_percent$$00000017)
    .ARM.Collect$$libinit$$00000000          0x00000328   Section        2  libinit.o(.ARM.Collect$$libinit$$00000000)
    .ARM.Collect$$libinit$$00000002          0x0000032a   Section        0  libinit2.o(.ARM.Collect$$libinit$$00000002)
    .ARM.Collect$$libinit$$00000008          0x0000032a   Section        0  libinit2.o(.ARM.Collect$$libinit$$00000008)
    .ARM.Collect$$libinit$$0000000A          0x0000032a   Section        0  libinit2.o(.ARM.Collect$$libinit$$0000000A)
    .ARM.Collect$$libinit$$0000000C          0x0000032a   Section        0  libinit2.o(.ARM.Collect$$libinit$$0000000C)
    .ARM.Collect$$libinit$$0000000F          0x0000032a   Section        0  libinit2.o(.ARM.Collect$$libinit$$0000000F)
    .ARM.Collect$$libinit$$00000011          0x0000032a   Section        0  libinit2.o(.ARM.Collect$$libinit$$00000011)
    .ARM.Collect$$libinit$$00000013          0x0000032a   Section        0  libinit2.o(.ARM.Collect$$libinit$$00000013)
    .ARM.Collect$$libinit$$00000015          0x0000032a   Section        0  libinit2.o(.ARM.Collect$$libinit$$00000015)
    .ARM.Collect$$libinit$$00000017          0x0000032a   Section        0  libinit2.o(.ARM.Collect$$libinit$$00000017)
    .ARM.Collect$$libinit$$00000019          0x0000032a   Section        0  libinit2.o(.ARM.Collect$$libinit$$00000019)
    .ARM.Collect$$libinit$$0000001B          0x0000032a   Section        0  libinit2.o(.ARM.Collect$$libinit$$0000001B)
    .ARM.Collect$$libinit$$0000001D          0x0000032a   Section        0  libinit2.o(.ARM.Collect$$libinit$$0000001D)
    .ARM.Collect$$libinit$$0000001F          0x0000032a   Section        0  libinit2.o(.ARM.Collect$$libinit$$0000001F)
    .ARM.Collect$$libinit$$00000021          0x0000032a   Section        0  libinit2.o(.ARM.Collect$$libinit$$00000021)
    .ARM.Collect$$libinit$$00000023          0x0000032a   Section        0  libinit2.o(.ARM.Collect$$libinit$$00000023)
    .ARM.Collect$$libinit$$0000002A          0x0000032a   Section        0  libinit2.o(.ARM.Collect$$libinit$$0000002A)
    .ARM.Collect$$libinit$$0000002C          0x0000032a   Section        0  libinit2.o(.ARM.Collect$$libinit$$0000002C)
    .ARM.Collect$$libinit$$0000002E          0x0000032a   Section        0  libinit2.o(.ARM.Collect$$libinit$$0000002E)
    .ARM.Collect$$libinit$$00000030          0x0000032a   Section        0  libinit2.o(.ARM.Collect$$libinit$$00000030)
    .ARM.Collect$$libinit$$00000031          0x0000032a   Section        2  libinit2.o(.ARM.Collect$$libinit$$00000031)
    .ARM.Collect$$libshutdown$$00000000      0x0000032c   Section        2  libshutdown.o(.ARM.Collect$$libshutdown$$00000000)
    .ARM.Collect$$libshutdown$$00000003      0x0000032e   Section        0  libshutdown2.o(.ARM.Collect$$libshutdown$$00000003)
    .ARM.Collect$$libshutdown$$00000006      0x0000032e   Section        0  libshutdown2.o(.ARM.Collect$$libshutdown$$00000006)
    .ARM.Collect$$libshutdown$$00000009      0x0000032e   Section        0  libshutdown2.o(.ARM.Collect$$libshutdown$$00000009)
    .ARM.Collect$$libshutdown$$0000000B      0x0000032e   Section        0  libshutdown2.o(.ARM.Collect$$libshutdown$$0000000B)
    .ARM.Collect$$libshutdown$$0000000E      0x0000032e   Section        0  libshutdown2.o(.ARM.Collect$$libshutdown$$0000000E)
    .ARM.Collect$$libshutdown$$0000000F      0x0000032e   Section        2  libshutdown2.o(.ARM.Collect$$libshutdown$$0000000F)
    .ARM.Collect$$rtentry$$00000000          0x00000330   Section        0  rtentry.o(.ARM.Collect$$rtentry$$00000000)
    .ARM.Collect$$rtentry$$00000002          0x00000330   Section        0  rtentry2.o(.ARM.Collect$$rtentry$$00000002)
    .ARM.Collect$$rtentry$$00000004          0x00000330   Section        6  rtentry4.o(.ARM.Collect$$rtentry$$00000004)
    .ARM.Collect$$rtentry$$00000009          0x00000336   Section        0  rtentry2.o(.ARM.Collect$$rtentry$$00000009)
    .ARM.Collect$$rtentry$$0000000A          0x00000336   Section        4  rtentry2.o(.ARM.Collect$$rtentry$$0000000A)
    .ARM.Collect$$rtentry$$0000000C          0x0000033a   Section        0  rtentry2.o(.ARM.Collect$$rtentry$$0000000C)
    .ARM.Collect$$rtentry$$0000000D          0x0000033a   Section        8  rtentry2.o(.ARM.Collect$$rtentry$$0000000D)
    .ARM.Collect$$rtexit$$00000000           0x00000342   Section        2  rtexit.o(.ARM.Collect$$rtexit$$00000000)
    .ARM.Collect$$rtexit$$00000002           0x00000344   Section        0  rtexit2.o(.ARM.Collect$$rtexit$$00000002)
    .ARM.Collect$$rtexit$$00000003           0x00000344   Section        4  rtexit2.o(.ARM.Collect$$rtexit$$00000003)
    .ARM.Collect$$rtexit$$00000004           0x00000348   Section        6  rtexit2.o(.ARM.Collect$$rtexit$$00000004)
    .text                                    0x00000350   Section        0  adc.o(.text)
    .text                                    0x000007f0   Section        0  os.o(.text)
    DebounceTaskPF4                          0x000012d5   Thumb Code    46  os.o(.text)
    DebounceTaskPF0                          0x000013e5   Thumb Code    46  os.o(.text)
    .text                                    0x000016c0   Section        0  pll.o(.text)
    .text                                    0x0000173c   Section        0  retarget.o(.text)
    .text                                    0x00001770   Section        0  st7735.o(.text)
    writecommand                             0x00001771   Thumb Code    40  st7735.o(.text)
    writedata                                0x00001799   Thumb Code    24  st7735.o(.text)
    commandList                              0x000017d1   Thumb Code    86  st7735.o(.text)
    commonInit                               0x00001827   Thumb Code   340  st7735.o(.text)
    setAddrWindow                            0x0000197b   Thumb Code   106  st7735.o(.text)
    pushColor                                0x00001b35   Thumb Code    18  st7735.o(.text)
    .text                                    0x000027b4   Section        0  uart.o(.text)
    copyHardwareToSoftware                   0x0000297f   Thumb Code    42  uart.o(.text)
    copySoftwareToHardware                   0x000029a9   Thumb Code    38  uart.o(.text)
    .text                                    0x00002c10   Section       48  startup.o(.text)
    .text                                    0x00002c40   Section      718  cr4_fft_64_stm32.o(.text)
    .text                                    0x00002f10   Section       80  osasm.o(.text)
    .text                                    0x00002f60   Section       72  pid_stm32.o(.text)
    .text                                    0x00002fa8   Section        0  lab2.o(.text)
    .text                                    0x0000425c   Section        0  adc_sw.o(.text)
    .text                                    0x00004658   Section        2  use_no_semi.o(.text)
    .text                                    0x0000465c   Section        0  noretval__2printf.o(.text)
    .text                                    0x00004674   Section        0  _printf_dec.o(.text)
    .text                                    0x000046ec   Section        0  __printf_ss.o(.text)
    .text                                    0x000047a4   Section      128  strcmpv7m.o(.text)
    .text                                    0x00004824   Section        0  heapauxi.o(.text)
    .text                                    0x0000482a   Section        0  _printf_intcommon.o(.text)
    .text                                    0x000048e4   Section        0  _printf_char_file.o(.text)
    .text                                    0x00004908   Section        0  _printf_char_common.o(.text)
    _printf_input_char                       0x00004909   Thumb Code    10  _printf_char_common.o(.text)
    .text                                    0x00004938   Section       74  sys_stackheap_outer.o(.text)
    .text                                    0x00004982   Section        0  exit.o(.text)
    .text                                    0x00004990   Section        8  libspace.o(.text)
    .constdata                               0x00004998   Section     2018  st7735.o(.constdata)
    Font                                     0x00004998   Data        1275  st7735.o(.constdata)
    Bcmd                                     0x00004e93   Data         103  st7735.o(.constdata)
    Rcmd1                                    0x00004efa   Data          59  st7735.o(.constdata)
    Rcmd2green                               0x00004f35   Data          13  st7735.o(.constdata)
    Rcmd2red                                 0x00004f42   Data          13  st7735.o(.constdata)
    Rcmd3                                    0x00004f4f   Data          43  st7735.o(.constdata)
    .constdata                               0x0000517c   Section       82  lab2.o(.constdata)
    .data                                    0x20000000   Section       20  adc.o(.data)
    .data                                    0x20000014   Section      116  os.o(.data)
    LastPF4                                  0x2000003c   Data           4  os.o(.data)
    LastPF0                                  0x20000040   Data           4  os.o(.data)
    .data                                    0x20000088   Section        8  retarget.o(.data)
    .data                                    0x20000090   Section       44  st7735.o(.data)
    _width                                   0x2000009a   Data           2  st7735.o(.data)
    _height                                  0x2000009c   Data           2  st7735.o(.data)
    ColStart                                 0x200000a4   Data           1  st7735.o(.data)
    RowStart                                 0x200000a5   Data           1  st7735.o(.data)
    Rotation                                 0x200000a6   Data           1  st7735.o(.data)
    TabColor                                 0x200000a7   Data           1  st7735.o(.data)
    .data                                    0x200000bc   Section       20  uart.o(.data)
    .data                                    0x200000d0   Section      140  lab2.o(.data)
    n                                        0x200000d4   Data           4  lab2.o(.data)
    i                                        0x200000d8   Data           4  lab2.o(.data)
    result                                   0x200000dc   Data           4  lab2.o(.data)
    .bss                                     0x2000015c   Section     5908  os.o(.bss)
    Fifo                                     0x2000055c   Data          16  os.o(.bss)
    lastTime                                 0x20001850   Data          16  os.o(.bss)
    .bss                                     0x20001870   Section       24  st7735.o(.bss)
    .bss                                     0x20001888   Section       32  uart.o(.bss)
    RxFifo                                   0x20001888   Data          16  uart.o(.bss)
    TxFifo                                   0x20001898   Data          16  uart.o(.bss)
    .bss                                     0x200018a8   Section      960  lab2.o(.bss)
    x                                        0x200018a8   Data          24  lab2.o(.bss)
    y                                        0x200018c0   Data          24  lab2.o(.bss)
    .bss                                     0x20001c68   Section       96  libspace.o(.bss)
    HEAP                                     0x20001cc8   Section        0  startup.o(HEAP)
    STACK                                    0x20001cc8   Section     1024  startup.o(STACK)
    HeapMem                                  0x20001cc8   Data           0  startup.o(HEAP)
    StackMem                                 0x20001cc8   Data           0  startup.o(STACK)

    Global Symbols

    Symbol Name                              Value     Ov Type        Size  Object(Section)

    BuildAttributes$$THM_ISAv4$P$D$K$B$S$PE$A:L22UL41UL21$X:L11$S22US41US21$IEEE1$IW$USESV6$~STKCKD$USESV7$~SHL$OSPACE$ROPI$EBA8$UX$STANDARDLIB$REQ8$PRES8$EABIv2 0x00000000   Number         0  anon$$obj.o ABSOLUTE
    __ARM_use_no_argv                        0x00000000   Number         0  lab2.o ABSOLUTE
    __Vectors                                0x00000000   Data           0  startup.o(RESET)
    _printf_flags                            0x00000000   Number         0  printf_stubs.o ABSOLUTE
    _printf_return_value                     0x00000000   Number         0  printf_stubs.o ABSOLUTE
    _printf_sizespec                         0x00000000   Number         0  printf_stubs.o ABSOLUTE
    _printf_widthprec                        0x00000000   Number         0  printf_stubs.o ABSOLUTE
    __ARM_exceptions_init                     - Undefined Weak Reference
    __alloca_initialize                       - Undefined Weak Reference
    __cpp_initialize__aeabi_                  - Undefined Weak Reference
    __cxa_finalize                            - Undefined Weak Reference
    __rt_locale                               - Undefined Weak Reference
    __sigvec_lookup                           - Undefined Weak Reference
    _atexit_init                              - Undefined Weak Reference
    _call_atexit_fns                          - Undefined Weak Reference
    _clock_init                               - Undefined Weak Reference
    _fp_trap_init                             - Undefined Weak Reference
    _fp_trap_shutdown                         - Undefined Weak Reference
    _get_lc_collate                           - Undefined Weak Reference
    _get_lc_ctype                             - Undefined Weak Reference
    _get_lc_monetary                          - Undefined Weak Reference
    _get_lc_numeric                           - Undefined Weak Reference
    _get_lc_time                              - Undefined Weak Reference
    _getenv_init                              - Undefined Weak Reference
    _handle_redirection                       - Undefined Weak Reference
    _init_alloc                               - Undefined Weak Reference
    _init_user_alloc                          - Undefined Weak Reference
    _initio                                   - Undefined Weak Reference
    _printf_post_padding                      - Undefined Weak Reference
    _printf_pre_padding                       - Undefined Weak Reference
    _printf_truncate_signed                   - Undefined Weak Reference
    _printf_truncate_unsigned                 - Undefined Weak Reference
    _rand_init                                - Undefined Weak Reference
    _signal_finish                            - Undefined Weak Reference
    _signal_init                              - Undefined Weak Reference
    _terminate_alloc                          - Undefined Weak Reference
    _terminate_user_alloc                     - Undefined Weak Reference
    _terminateio                              - Undefined Weak Reference
    Reset_Handler                            0x0000026d   Thumb Code     0  startup.o(RESET)
    NMI_Handler                              0x00000271   Thumb Code     2  startup.o(RESET)
    HardFault_Handler                        0x00000273   Thumb Code     2  startup.o(RESET)
    MemManage_Handler                        0x00000275   Thumb Code     2  startup.o(RESET)
    BusFault_Handler                         0x00000277   Thumb Code     2  startup.o(RESET)
    UsageFault_Handler                       0x00000279   Thumb Code     2  startup.o(RESET)
    SVC_Handler                              0x0000027b   Thumb Code     2  startup.o(RESET)
    DebugMon_Handler                         0x0000027d   Thumb Code     2  startup.o(RESET)
    ADC0Seq0_Handler                         0x00000283   Thumb Code     0  startup.o(RESET)
    ADC0Seq1_Handler                         0x00000283   Thumb Code     0  startup.o(RESET)
    ADC0Seq2_Handler                         0x00000283   Thumb Code     0  startup.o(RESET)
    ADC1Seq0_Handler                         0x00000283   Thumb Code     0  startup.o(RESET)
    ADC1Seq1_Handler                         0x00000283   Thumb Code     0  startup.o(RESET)
    ADC1Seq2_Handler                         0x00000283   Thumb Code     0  startup.o(RESET)
    ADC1Seq3_Handler                         0x00000283   Thumb Code     0  startup.o(RESET)
    CAN0_Handler                             0x00000283   Thumb Code     0  startup.o(RESET)
    CAN1_Handler                             0x00000283   Thumb Code     0  startup.o(RESET)
    CAN2_Handler                             0x00000283   Thumb Code     0  startup.o(RESET)
    Comp0_Handler                            0x00000283   Thumb Code     0  startup.o(RESET)
    Comp1_Handler                            0x00000283   Thumb Code     0  startup.o(RESET)
    Comp2_Handler                            0x00000283   Thumb Code     0  startup.o(RESET)
    Ethernet_Handler                         0x00000283   Thumb Code     0  startup.o(RESET)
    ExtBus_Handler                           0x00000283   Thumb Code     0  startup.o(RESET)
    FPU_Handler                              0x00000283   Thumb Code     0  startup.o(RESET)
    Fan0_Handler                             0x00000283   Thumb Code     0  startup.o(RESET)
    FlashCtl_Handler                         0x00000283   Thumb Code     0  startup.o(RESET)
    GPIOPortA_Handler                        0x00000283   Thumb Code     0  startup.o(RESET)
    GPIOPortB_Handler                        0x00000283   Thumb Code     0  startup.o(RESET)
    GPIOPortC_Handler                        0x00000283   Thumb Code     0  startup.o(RESET)
    GPIOPortD_Handler                        0x00000283   Thumb Code     0  startup.o(RESET)
    GPIOPortE_Handler                        0x00000283   Thumb Code     0  startup.o(RESET)
    GPIOPortG_Handler                        0x00000283   Thumb Code     0  startup.o(RESET)
    GPIOPortH_Handler                        0x00000283   Thumb Code     0  startup.o(RESET)
    GPIOPortJ_Handler                        0x00000283   Thumb Code     0  startup.o(RESET)
    GPIOPortK_Handler                        0x00000283   Thumb Code     0  startup.o(RESET)
    GPIOPortL_Handler                        0x00000283   Thumb Code     0  startup.o(RESET)
    GPIOPortM_Handler                        0x00000283   Thumb Code     0  startup.o(RESET)
    GPIOPortN_Handler                        0x00000283   Thumb Code     0  startup.o(RESET)
    GPIOPortP1_Handler                       0x00000283   Thumb Code     0  startup.o(RESET)
    GPIOPortP2_Handler                       0x00000283   Thumb Code     0  startup.o(RESET)
    GPIOPortP3_Handler                       0x00000283   Thumb Code     0  startup.o(RESET)
    GPIOPortP4_Handler                       0x00000283   Thumb Code     0  startup.o(RESET)
    GPIOPortP5_Handler                       0x00000283   Thumb Code     0  startup.o(RESET)
    GPIOPortP6_Handler                       0x00000283   Thumb Code     0  startup.o(RESET)
    GPIOPortP7_Handler                       0x00000283   Thumb Code     0  startup.o(RESET)
    GPIOPortP_Handler                        0x00000283   Thumb Code     0  startup.o(RESET)
    GPIOPortQ1_Handler                       0x00000283   Thumb Code     0  startup.o(RESET)
    GPIOPortQ2_Handler                       0x00000283   Thumb Code     0  startup.o(RESET)
    GPIOPortQ3_Handler                       0x00000283   Thumb Code     0  startup.o(RESET)
    GPIOPortQ4_Handler                       0x00000283   Thumb Code     0  startup.o(RESET)
    GPIOPortQ5_Handler                       0x00000283   Thumb Code     0  startup.o(RESET)
    GPIOPortQ6_Handler                       0x00000283   Thumb Code     0  startup.o(RESET)
    GPIOPortQ7_Handler                       0x00000283   Thumb Code     0  startup.o(RESET)
    GPIOPortQ_Handler                        0x00000283   Thumb Code     0  startup.o(RESET)
    GPIOPortR_Handler                        0x00000283   Thumb Code     0  startup.o(RESET)
    GPIOPortS_Handler                        0x00000283   Thumb Code     0  startup.o(RESET)
    Hibernate_Handler                        0x00000283   Thumb Code     0  startup.o(RESET)
    I2C0_Handler                             0x00000283   Thumb Code     0  startup.o(RESET)
    I2C1_Handler                             0x00000283   Thumb Code     0  startup.o(RESET)
    I2C2_Handler                             0x00000283   Thumb Code     0  startup.o(RESET)
    I2C3_Handler                             0x00000283   Thumb Code     0  startup.o(RESET)
    I2C4_Handler                             0x00000283   Thumb Code     0  startup.o(RESET)
    I2C5_Handler                             0x00000283   Thumb Code     0  startup.o(RESET)
    I2S0_Handler                             0x00000283   Thumb Code     0  startup.o(RESET)
    LPC0_Handler                             0x00000283   Thumb Code     0  startup.o(RESET)
    PECI0_Handler                            0x00000283   Thumb Code     0  startup.o(RESET)
    PWM0Fault_Handler                        0x00000283   Thumb Code     0  startup.o(RESET)
    PWM0Generator0_Handler                   0x00000283   Thumb Code     0  startup.o(RESET)
    PWM0Generator1_Handler                   0x00000283   Thumb Code     0  startup.o(RESET)
    PWM0Generator2_Handler                   0x00000283   Thumb Code     0  startup.o(RESET)
    PWM0Generator3_Handler                   0x00000283   Thumb Code     0  startup.o(RESET)
    PWM1Fault_Handler                        0x00000283   Thumb Code     0  startup.o(RESET)
    PWM1Generator0_Handler                   0x00000283   Thumb Code     0  startup.o(RESET)
    PWM1Generator1_Handler                   0x00000283   Thumb Code     0  startup.o(RESET)
    PWM1Generator2_Handler                   0x00000283   Thumb Code     0  startup.o(RESET)
    PWM1Generator3_Handler                   0x00000283   Thumb Code     0  startup.o(RESET)
    Quadrature0_Handler                      0x00000283   Thumb Code     0  startup.o(RESET)
    Quadrature1_Handler                      0x00000283   Thumb Code     0  startup.o(RESET)
    Quadrature2_Handler                      0x00000283   Thumb Code     0  startup.o(RESET)
    SSI0_Handler                             0x00000283   Thumb Code     0  startup.o(RESET)
    SSI1_Handler                             0x00000283   Thumb Code     0  startup.o(RESET)
    SSI2_Handler                             0x00000283   Thumb Code     0  startup.o(RESET)
    SSI3_Handler                             0x00000283   Thumb Code     0  startup.o(RESET)
    SysCtl_Handler                           0x00000283   Thumb Code     0  startup.o(RESET)
    Timer0A_Handler                          0x00000283   Thumb Code     0  startup.o(RESET)
    Timer0B_Handler                          0x00000283   Thumb Code     0  startup.o(RESET)
    Timer1B_Handler                          0x00000283   Thumb Code     0  startup.o(RESET)
    Timer2B_Handler                          0x00000283   Thumb Code     0  startup.o(RESET)
    Timer3B_Handler                          0x00000283   Thumb Code     0  startup.o(RESET)
    Timer4A_Handler                          0x00000283   Thumb Code     0  startup.o(RESET)
    Timer4B_Handler                          0x00000283   Thumb Code     0  startup.o(RESET)
    Timer5A_Handler                          0x00000283   Thumb Code     0  startup.o(RESET)
    Timer5B_Handler                          0x00000283   Thumb Code     0  startup.o(RESET)
    UART1_Handler                            0x00000283   Thumb Code     0  startup.o(RESET)
    UART2_Handler                            0x00000283   Thumb Code     0  startup.o(RESET)
    UART3_Handler                            0x00000283   Thumb Code     0  startup.o(RESET)
    UART4_Handler                            0x00000283   Thumb Code     0  startup.o(RESET)
    UART5_Handler                            0x00000283   Thumb Code     0  startup.o(RESET)
    UART6_Handler                            0x00000283   Thumb Code     0  startup.o(RESET)
    UART7_Handler                            0x00000283   Thumb Code     0  startup.o(RESET)
    USB0_Handler                             0x00000283   Thumb Code     0  startup.o(RESET)
    WDT_Handler                              0x00000283   Thumb Code     0  startup.o(RESET)
    WideTimer0A_Handler                      0x00000283   Thumb Code     0  startup.o(RESET)
    WideTimer0B_Handler                      0x00000283   Thumb Code     0  startup.o(RESET)
    WideTimer1A_Handler                      0x00000283   Thumb Code     0  startup.o(RESET)
    WideTimer1B_Handler                      0x00000283   Thumb Code     0  startup.o(RESET)
    WideTimer2A_Handler                      0x00000283   Thumb Code     0  startup.o(RESET)
    WideTimer2B_Handler                      0x00000283   Thumb Code     0  startup.o(RESET)
    WideTimer3A_Handler                      0x00000283   Thumb Code     0  startup.o(RESET)
    WideTimer3B_Handler                      0x00000283   Thumb Code     0  startup.o(RESET)
    WideTimer4A_Handler                      0x00000283   Thumb Code     0  startup.o(RESET)
    WideTimer4B_Handler                      0x00000283   Thumb Code     0  startup.o(RESET)
    WideTimer5A_Handler                      0x00000283   Thumb Code     0  startup.o(RESET)
    WideTimer5B_Handler                      0x00000283   Thumb Code     0  startup.o(RESET)
    uDMA_Error                               0x00000283   Thumb Code     0  startup.o(RESET)
    uDMA_Handler                             0x00000283   Thumb Code     0  startup.o(RESET)
    __main                                   0x00000285   Thumb Code     8  __main.o(!!!main)
    __scatterload                            0x0000028d   Thumb Code     0  __scatter.o(!!!scatter)
    __scatterload_rt2                        0x0000028d   Thumb Code    44  __scatter.o(!!!scatter)
    __scatterload_rt2_thumb_only             0x0000028d   Thumb Code     0  __scatter.o(!!!scatter)
    __scatterload_null                       0x0000029b   Thumb Code     0  __scatter.o(!!!scatter)
    __decompress                             0x000002c1   Thumb Code    58  __dczerorl.o(!!dczerorl)
    __decompress0                            0x000002c1   Thumb Code     0  __dczerorl.o(!!dczerorl)
    __scatterload_zeroinit                   0x000002fd   Thumb Code    28  __scatter_zi.o(!!handler_zi)
    _printf_d                                0x00000319   Thumb Code     0  _printf_d.o(.ARM.Collect$$_printf_percent$$00000009)
    _printf_percent                          0x00000319   Thumb Code     0  _printf_percent.o(.ARM.Collect$$_printf_percent$$00000000)
    _printf_u                                0x0000031f   Thumb Code     0  _printf_u.o(.ARM.Collect$$_printf_percent$$0000000A)
    _printf_percent_end                      0x00000325   Thumb Code     0  _printf_percent_end.o(.ARM.Collect$$_printf_percent$$00000017)
    __rt_lib_init                            0x00000329   Thumb Code     0  libinit.o(.ARM.Collect$$libinit$$00000000)
    __rt_lib_init_alloca_1                   0x0000032b   Thumb Code     0  libinit2.o(.ARM.Collect$$libinit$$0000002C)
    __rt_lib_init_argv_1                     0x0000032b   Thumb Code     0  libinit2.o(.ARM.Collect$$libinit$$0000002A)
    __rt_lib_init_atexit_1                   0x0000032b   Thumb Code     0  libinit2.o(.ARM.Collect$$libinit$$00000019)
    __rt_lib_init_clock_1                    0x0000032b   Thumb Code     0  libinit2.o(.ARM.Collect$$libinit$$0000001F)
    __rt_lib_init_cpp_1                      0x0000032b   Thumb Code     0  libinit2.o(.ARM.Collect$$libinit$$00000030)
    __rt_lib_init_exceptions_1               0x0000032b   Thumb Code     0  libinit2.o(.ARM.Collect$$libinit$$0000002E)
    __rt_lib_init_fp_1                       0x0000032b   Thumb Code     0  libinit2.o(.ARM.Collect$$libinit$$00000002)
    __rt_lib_init_fp_trap_1                  0x0000032b   Thumb Code     0  libinit2.o(.ARM.Collect$$libinit$$0000001D)
    __rt_lib_init_getenv_1                   0x0000032b   Thumb Code     0  libinit2.o(.ARM.Collect$$libinit$$00000021)
    __rt_lib_init_heap_1                     0x0000032b   Thumb Code     0  libinit2.o(.ARM.Collect$$libinit$$00000008)
    __rt_lib_init_lc_collate_1               0x0000032b   Thumb Code     0  libinit2.o(.ARM.Collect$$libinit$$0000000F)
    __rt_lib_init_lc_ctype_1                 0x0000032b   Thumb Code     0  libinit2.o(.ARM.Collect$$libinit$$00000011)
    __rt_lib_init_lc_monetary_1              0x0000032b   Thumb Code     0  libinit2.o(.ARM.Collect$$libinit$$00000013)
    __rt_lib_init_lc_numeric_1               0x0000032b   Thumb Code     0  libinit2.o(.ARM.Collect$$libinit$$00000015)
    __rt_lib_init_lc_time_1                  0x0000032b   Thumb Code     0  libinit2.o(.ARM.Collect$$libinit$$00000017)
    __rt_lib_init_rand_1                     0x0000032b   Thumb Code     0  libinit2.o(.ARM.Collect$$libinit$$0000000C)
    __rt_lib_init_return                     0x0000032b   Thumb Code     0  libinit2.o(.ARM.Collect$$libinit$$00000031)
    __rt_lib_init_signal_1                   0x0000032b   Thumb Code     0  libinit2.o(.ARM.Collect$$libinit$$0000001B)
    __rt_lib_init_stdio_1                    0x0000032b   Thumb Code     0  libinit2.o(.ARM.Collect$$libinit$$00000023)
    __rt_lib_init_user_alloc_1               0x0000032b   Thumb Code     0  libinit2.o(.ARM.Collect$$libinit$$0000000A)
    __rt_lib_shutdown                        0x0000032d   Thumb Code     0  libshutdown.o(.ARM.Collect$$libshutdown$$00000000)
    __rt_lib_shutdown_fp_trap_1              0x0000032f   Thumb Code     0  libshutdown2.o(.ARM.Collect$$libshutdown$$00000006)
    __rt_lib_shutdown_heap_1                 0x0000032f   Thumb Code     0  libshutdown2.o(.ARM.Collect$$libshutdown$$0000000E)
    __rt_lib_shutdown_return                 0x0000032f   Thumb Code     0  libshutdown2.o(.ARM.Collect$$libshutdown$$0000000F)
    __rt_lib_shutdown_signal_1               0x0000032f   Thumb Code     0  libshutdown2.o(.ARM.Collect$$libshutdown$$00000009)
    __rt_lib_shutdown_stdio_1                0x0000032f   Thumb Code     0  libshutdown2.o(.ARM.Collect$$libshutdown$$00000003)
    __rt_lib_shutdown_user_alloc_1           0x0000032f   Thumb Code     0  libshutdown2.o(.ARM.Collect$$libshutdown$$0000000B)
    __rt_entry                               0x00000331   Thumb Code     0  rtentry.o(.ARM.Collect$$rtentry$$00000000)
    __rt_entry_presh_1                       0x00000331   Thumb Code     0  rtentry2.o(.ARM.Collect$$rtentry$$00000002)
    __rt_entry_sh                            0x00000331   Thumb Code     0  rtentry4.o(.ARM.Collect$$rtentry$$00000004)
    __rt_entry_li                            0x00000337   Thumb Code     0  rtentry2.o(.ARM.Collect$$rtentry$$0000000A)
    __rt_entry_postsh_1                      0x00000337   Thumb Code     0  rtentry2.o(.ARM.Collect$$rtentry$$00000009)
    __rt_entry_main                          0x0000033b   Thumb Code     0  rtentry2.o(.ARM.Collect$$rtentry$$0000000D)
    __rt_entry_postli_1                      0x0000033b   Thumb Code     0  rtentry2.o(.ARM.Collect$$rtentry$$0000000C)
    __rt_exit                                0x00000343   Thumb Code     0  rtexit.o(.ARM.Collect$$rtexit$$00000000)
    __rt_exit_ls                             0x00000345   Thumb Code     0  rtexit2.o(.ARM.Collect$$rtexit$$00000003)
    __rt_exit_prels_1                        0x00000345   Thumb Code     0  rtexit2.o(.ARM.Collect$$rtexit$$00000002)
    __rt_exit_exit                           0x00000349   Thumb Code     0  rtexit2.o(.ARM.Collect$$rtexit$$00000004)
    ADC_HW_Init                              0x00000351   Thumb Code  1080  adc.o(.text)
    ADC_Collect                              0x00000789   Thumb Code    42  adc.o(.text)
    ADC0Seq3_Handler                         0x000007b3   Thumb Code    38  adc.o(.text)
    OS_Time                                  0x000007f1   Thumb Code    20  os.o(.text)
    OS_TimeDifference                        0x00000805   Thumb Code     6  os.o(.text)
    OS_AddPeriodicThread                     0x0000080b   Thumb Code   142  os.o(.text)
    Timer1A_Handler                          0x00000899   Thumb Code   106  os.o(.text)
    OS_AddPeriodicThread2                    0x00000903   Thumb Code   150  os.o(.text)
    Timer3A_Handler                          0x00000999   Thumb Code   106  os.o(.text)
    Timer2A_Init                             0x00000a03   Thumb Code    98  os.o(.text)
    Timer2A_Handler                          0x00000a65   Thumb Code    74  os.o(.text)
    OS_Init                                  0x00000aaf   Thumb Code   132  os.o(.text)
    SetInitialStack                          0x00000b33   Thumb Code   424  os.o(.text)
    OS_AddThread                             0x00000cdb   Thumb Code   372  os.o(.text)
    SysTick_Handler                          0x00000e4f   Thumb Code   166  os.o(.text)
    OS_Launch                                0x00000ef5   Thumb Code    22  os.o(.text)
    OS_Suspend                               0x00000f0b   Thumb Code    22  os.o(.text)
    OS_InitSemaphore                         0x00000f21   Thumb Code     4  os.o(.text)
    OS_Wait                                  0x00000f25   Thumb Code    88  os.o(.text)
    OS_Signal                                0x00000f7d   Thumb Code   140  os.o(.text)
    OS_bWait                                 0x00001009   Thumb Code    88  os.o(.text)
    OS_bSignal                               0x00001061   Thumb Code   192  os.o(.text)
    OS_Id                                    0x00001121   Thumb Code     8  os.o(.text)
    OS_AddSW1Task                            0x00001129   Thumb Code   200  os.o(.text)
    OS_Kill                                  0x000011f1   Thumb Code   152  os.o(.text)
    OS_Sleep                                 0x00001289   Thumb Code    76  os.o(.text)
    OS_AddSW2Task                            0x00001303   Thumb Code   226  os.o(.text)
    GPIOPortF_Handler                        0x00001413   Thumb Code   130  os.o(.text)
    OS_Fifo_Init                             0x00001495   Thumb Code    40  os.o(.text)
    OS_Fifo_Put                              0x000014bd   Thumb Code    52  os.o(.text)
    OS_Fifo_Get                              0x000014f1   Thumb Code   162  os.o(.text)
    OS_Fifo_Size                             0x00001593   Thumb Code     6  os.o(.text)
    OS_MailBox_Init                          0x00001599   Thumb Code    20  os.o(.text)
    OS_MailBox_Send                          0x000015ad   Thumb Code    22  os.o(.text)
    OS_MailBox_Recv                          0x000015c3   Thumb Code    22  os.o(.text)
    OS_ClearMsTime                           0x000015d9   Thumb Code    12  os.o(.text)
    OS_MsTime                                0x000015e5   Thumb Code     6  os.o(.text)
    OS_JitterSetThisTime                     0x000015eb   Thumb Code    16  os.o(.text)
    OS_JitterSetLastTime                     0x000015fb   Thumb Code    14  os.o(.text)
    OS_JitterCalc                            0x00001609   Thumb Code    90  os.o(.text)
    OS_JitterHistogram                       0x00001663   Thumb Code    30  os.o(.text)
    OS_MaxJitter                             0x00001681   Thumb Code    10  os.o(.text)
    PLL_Init                                 0x000016c1   Thumb Code   118  pll.o(.text)
    fputc                                    0x0000173d   Thumb Code    16  retarget.o(.text)
    fgetc                                    0x0000174d   Thumb Code    10  retarget.o(.text)
    ferror                                   0x00001757   Thumb Code     8  retarget.o(.text)
    _ttywrch                                 0x0000175f   Thumb Code    12  retarget.o(.text)
    _sys_exit                                0x0000176b   Thumb Code     4  retarget.o(.text)
    Delay1ms                                 0x000017b1   Thumb Code    32  st7735.o(.text)
    ST7735_FillRect                          0x000019e5   Thumb Code   164  st7735.o(.text)
    ST7735_FillScreen                        0x00001a89   Thumb Code    28  st7735.o(.text)
    ST7735_SetCursor                         0x00001aa5   Thumb Code    22  st7735.o(.text)
    ST7735_InitB                             0x00001abb   Thumb Code    32  st7735.o(.text)
    ST7735_InitR                             0x00001adb   Thumb Code    90  st7735.o(.text)
    ST7735_DrawPixel                         0x00001b47   Thumb Code   166  st7735.o(.text)
    ST7735_DrawFastVLine                     0x00001bed   Thumb Code   116  st7735.o(.text)
    ST7735_DrawFastHLine                     0x00001c61   Thumb Code   116  st7735.o(.text)
    ST7735_Color565                          0x00001cd5   Thumb Code    24  st7735.o(.text)
    ST7735_SwapColor                         0x00001ced   Thumb Code    18  st7735.o(.text)
    ST7735_DrawBitmap                        0x00001cff   Thumb Code   280  st7735.o(.text)
    ST7735_DrawCharS                         0x00001e17   Thumb Code   232  st7735.o(.text)
    ST7735_DrawChar                          0x00001eff   Thumb Code   270  st7735.o(.text)
    ST7735_Message                           0x0000200d   Thumb Code   274  st7735.o(.text)
    ST7735_DrawString                        0x0000211f   Thumb Code    84  st7735.o(.text)
    fillmessage                              0x00002173   Thumb Code    64  st7735.o(.text)
    ST7735_OutUDec                           0x000021b3   Thumb Code   118  st7735.o(.text)
    ST7735_SetRotation                       0x00002229   Thumb Code   196  st7735.o(.text)
    ST7735_InvertDisplay                     0x000022ed   Thumb Code    22  st7735.o(.text)
    ST7735_PlotClear                         0x00002303   Thumb Code    74  st7735.o(.text)
    ST7735_PlotPoint                         0x0000234d   Thumb Code   136  st7735.o(.text)
    ST7735_PlotLine                          0x000023d5   Thumb Code   308  st7735.o(.text)
    ST7735_PlotPoints                        0x00002509   Thumb Code   154  st7735.o(.text)
    ST7735_PlotBar                           0x000025a3   Thumb Code    72  st7735.o(.text)
    ST7735_PlotdBfs                          0x000025eb   Thumb Code    52  st7735.o(.text)
    ST7735_PlotNext                          0x0000261f   Thumb Code    28  st7735.o(.text)
    ST7735_PlotNextErase                     0x0000263b   Thumb Code    58  st7735.o(.text)
    ST7735_OutChar                           0x00002675   Thumb Code   176  st7735.o(.text)
    ST7735_OutString                         0x00002725   Thumb Code    22  st7735.o(.text)
    ST7735_SetTextColor                      0x0000273b   Thumb Code     6  st7735.o(.text)
    Output_Init                              0x00002741   Thumb Code    16  st7735.o(.text)
    Output_Clear                             0x00002751   Thumb Code    10  st7735.o(.text)
    Output_Off                               0x0000275b   Thumb Code     8  st7735.o(.text)
    Output_On                                0x00002763   Thumb Code     8  st7735.o(.text)
    Output_Color                             0x0000276b   Thumb Code    12  st7735.o(.text)
    RxFifo_Init                              0x000027b5   Thumb Code    26  uart.o(.text)
    RxFifo_Put                               0x000027cf   Thumb Code    48  uart.o(.text)
    RxFifo_Get                               0x000027ff   Thumb Code    46  uart.o(.text)
    RxFifo_Size                              0x0000282d   Thumb Code    14  uart.o(.text)
    TxFifo_Init                              0x0000283b   Thumb Code    26  uart.o(.text)
    TxFifo_Put                               0x00002855   Thumb Code    48  uart.o(.text)
    TxFifo_Get                               0x00002885   Thumb Code    46  uart.o(.text)
    TxFifo_Size                              0x000028b3   Thumb Code    14  uart.o(.text)
    UART_Init                                0x000028c1   Thumb Code   190  uart.o(.text)
    UART_InChar                              0x000029cf   Thumb Code    26  uart.o(.text)
    UART_OutChar                             0x000029e9   Thumb Code    46  uart.o(.text)
    UART0_Handler                            0x00002a17   Thumb Code    82  uart.o(.text)
    UART_OutString                           0x00002a69   Thumb Code    22  uart.o(.text)
    UART_InUDec                              0x00002a7f   Thumb Code    76  uart.o(.text)
    UART_OutUDec                             0x00002acb   Thumb Code    42  uart.o(.text)
    UART_InUHex                              0x00002af5   Thumb Code   108  uart.o(.text)
    UART_OutUHex                             0x00002b61   Thumb Code    52  uart.o(.text)
    UART_InString                            0x00002b95   Thumb Code   124  uart.o(.text)
    DisableInterrupts                        0x00002c11   Thumb Code     0  startup.o(.text)
    EnableInterrupts                         0x00002c15   Thumb Code     0  startup.o(.text)
    StartCritical                            0x00002c19   Thumb Code     0  startup.o(.text)
    EndCritical                              0x00002c21   Thumb Code     0  startup.o(.text)
    WaitForInterrupt                         0x00002c27   Thumb Code     0  startup.o(.text)
    __user_initial_stackheap                 0x00002c2b   Thumb Code     0  startup.o(.text)
    cr4_fft_64_stm32                         0x00002c41   Thumb Code     0  cr4_fft_64_stm32.o(.text)
    OS_DisableInterrupts                     0x00002f11   Thumb Code     0  osasm.o(.text)
    OS_EnableInterrupts                      0x00002f15   Thumb Code     0  osasm.o(.text)
    PendSV_Handler                           0x00002f19   Thumb Code     0  osasm.o(.text)
    StartOS                                  0x00002f39   Thumb Code     0  osasm.o(.text)
    PID_stm32                                0x00002f61   Thumb Code     0  pid_stm32.o(.text)
    PortE_Init                               0x00002fa9   Thumb Code    88  lab2.o(.text)
    GPIO_Init                                0x00003001   Thumb Code    98  lab2.o(.text)
    Filter                                   0x00003063   Thumb Code   186  lab2.o(.text)
    DAS                                      0x0000311d   Thumb Code   106  lab2.o(.text)
    ButtonWork                               0x00003187   Thumb Code    82  lab2.o(.text)
    SW1Push                                  0x000031d9   Thumb Code    40  lab2.o(.text)
    SW2Push                                  0x00003201   Thumb Code    40  lab2.o(.text)
    Producer                                 0x00003229   Thumb Code    56  lab2.o(.text)
    Display                                  0x00003261   Thumb Code    88  lab2.o(.text)
    Consumer                                 0x000032b9   Thumb Code   134  lab2.o(.text)
    PID                                      0x0000333f   Thumb Code   286  lab2.o(.text)
    Interpreter                              0x0000345d   Thumb Code   360  lab2.o(.text)
    main0                                    0x000035c5   Thumb Code   168  lab2.o(.text)
    Thread1                                  0x0000366d   Thumb Code    36  lab2.o(.text)
    Thread2                                  0x00003691   Thumb Code    36  lab2.o(.text)
    Thread3                                  0x000036b5   Thumb Code    36  lab2.o(.text)
    Testmain1                                0x000036d9   Thumb Code    92  lab2.o(.text)
    Thread1b                                 0x00003735   Thumb Code    38  lab2.o(.text)
    Thread2b                                 0x0000375b   Thumb Code    38  lab2.o(.text)
    Thread3b                                 0x00003781   Thumb Code    32  lab2.o(.text)
    main                                     0x000037a1   Thumb Code   580  lab2.o(.text)
    BackgroundThread1c                       0x000039e5   Thumb Code    20  lab2.o(.text)
    Thread5c                                 0x000039f9   Thumb Code    40  lab2.o(.text)
    Thread2c                                 0x00003a21   Thumb Code    76  lab2.o(.text)
    Thread3c                                 0x00003a6d   Thumb Code    20  lab2.o(.text)
    Thread4c                                 0x00003a81   Thumb Code    46  lab2.o(.text)
    BackgroundThread5c                       0x00003aaf   Thumb Code    44  lab2.o(.text)
    Testmain3                                0x00003adb   Thumb Code   116  lab2.o(.text)
    BackgroundThread1d                       0x00003b4f   Thumb Code    42  lab2.o(.text)
    Thread2d                                 0x00003b79   Thumb Code    38  lab2.o(.text)
    Thread3d                                 0x00003b9f   Thumb Code    20  lab2.o(.text)
    Thread4d                                 0x00003bb3   Thumb Code    36  lab2.o(.text)
    BackgroundThread5d                       0x00003bd7   Thumb Code    44  lab2.o(.text)
    Testmain4                                0x00003c03   Thumb Code   122  lab2.o(.text)
    PseudoWork                               0x00003c7d   Thumb Code    32  lab2.o(.text)
    Thread6                                  0x00003c9d   Thumb Code    32  lab2.o(.text)
    Jitter                                   0x00003cbd   Thumb Code   220  lab2.o(.text)
    Thread7                                  0x00003d99   Thumb Code   212  lab2.o(.text)
    TaskA                                    0x00003e6d   Thumb Code    62  lab2.o(.text)
    TaskB                                    0x00003eab   Thumb Code    62  lab2.o(.text)
    Testmain5                                0x00003ee9   Thumb Code    98  lab2.o(.text)
    OutputThread                             0x00003f4b   Thumb Code   116  lab2.o(.text)
    Wait1                                    0x00003fbf   Thumb Code    20  lab2.o(.text)
    Wait2                                    0x00003fd3   Thumb Code    20  lab2.o(.text)
    Wait3                                    0x00003fe7   Thumb Code    20  lab2.o(.text)
    Signal1                                  0x00003ffb   Thumb Code    32  lab2.o(.text)
    Signal2                                  0x0000401b   Thumb Code    32  lab2.o(.text)
    Signal3                                  0x0000403b   Thumb Code    36  lab2.o(.text)
    add                                      0x0000405f   Thumb Code    14  lab2.o(.text)
    Testmain6                                0x0000406d   Thumb Code   232  lab2.o(.text)
    Thread8                                  0x00004155   Thumb Code    16  lab2.o(.text)
    Testmain7                                0x00004165   Thumb Code    50  lab2.o(.text)
    main3                                    0x00004197   Thumb Code    48  lab2.o(.text)
    ADC_Init                                 0x0000425d   Thumb Code   938  adc_sw.o(.text)
    ADC_In                                   0x00004607   Thumb Code    36  adc_sw.o(.text)
    __I$use$semihosting                      0x00004659   Thumb Code     0  use_no_semi.o(.text)
    __use_no_semihosting_swi                 0x00004659   Thumb Code     2  use_no_semi.o(.text)
    __2printf                                0x0000465d   Thumb Code    20  noretval__2printf.o(.text)
    _printf_int_dec                          0x00004675   Thumb Code   102  _printf_dec.o(.text)
    __printf                                 0x000046ed   Thumb Code   184  __printf_ss.o(.text)
    strcmp                                   0x000047a5   Thumb Code   128  strcmpv7m.o(.text)
    __use_two_region_memory                  0x00004825   Thumb Code     2  heapauxi.o(.text)
    __rt_heap_escrow$2region                 0x00004827   Thumb Code     2  heapauxi.o(.text)
    __rt_heap_expand$2region                 0x00004829   Thumb Code     2  heapauxi.o(.text)
    _printf_int_common                       0x0000482b   Thumb Code   184  _printf_intcommon.o(.text)
    _printf_char_file                        0x000048e5   Thumb Code    32  _printf_char_file.o(.text)
    _printf_char_common                      0x00004913   Thumb Code    32  _printf_char_common.o(.text)
    __user_setup_stackheap                   0x00004939   Thumb Code    74  sys_stackheap_outer.o(.text)
    exit                                     0x00004983   Thumb Code    12  exit.o(.text)
    __user_libspace                          0x00004991   Thumb Code     8  libspace.o(.text)
    __user_perproc_libspace                  0x00004991   Thumb Code     0  libspace.o(.text)
    __user_perthread_libspace                0x00004991   Thumb Code     0  libspace.o(.text)
    dBfs                                     0x00004f7a   Data         512  st7735.o(.constdata)
    Region$$Table$$Base                      0x000051d0   Number         0  anon$$obj.o(Region$$Table)
    Region$$Table$$Limit                     0x000051f0   Number         0  anon$$obj.o(Region$$Table)
    buffer_adc                               0x20000000   Data           4  adc.o(.data)
    ADC_ready                                0x20000004   Data           2  adc.o(.data)
    ADC_multiple                             0x20000006   Data           2  adc.o(.data)
    ADCvalue                                 0x20000008   Data           2  adc.o(.data)
    n_samples                                0x2000000c   Data           4  adc.o(.data)
    ADC_Task                                 0x20000010   Data           4  adc.o(.data)
    global_period                            0x20000014   Data           4  os.o(.data)
    flag                                     0x20000018   Data           4  os.o(.data)
    head                                     0x2000001c   Data           4  os.o(.data)
    timer_value_ms                           0x20000020   Data           4  os.o(.data)
    timer1_count                             0x20000024   Data           4  os.o(.data)
    timer3_count                             0x20000028   Data           4  os.o(.data)
    timer2_count                             0x2000002c   Data           4  os.o(.data)
    max_interrupt                            0x20000030   Data           4  os.o(.data)
    total_interrupt                          0x20000034   Data           4  os.o(.data)
    signal                                   0x20000038   Data           4  os.o(.data)
    PeriodicTask                             0x20000044   Data           4  os.o(.data)
    PeriodicTask2                            0x20000048   Data           4  os.o(.data)
    PutPt                                    0x2000004c   Data           4  os.o(.data)
    GetPt                                    0x20000050   Data           4  os.o(.data)
    RunPt                                    0x20000054   Data           4  os.o(.data)
    NextRun                                  0x20000058   Data           4  os.o(.data)
    j                                        0x2000005c   Data           4  os.o(.data)
    DataRoomLeft                             0x20000060   Data           4  os.o(.data)
    mutex                                    0x20000064   Data           4  os.o(.data)
    DataAvailable                            0x20000068   Data           4  os.o(.data)
    DataValid                                0x2000006c   Data           4  os.o(.data)
    BoxFree                                  0x20000070   Data           4  os.o(.data)
    MailBox                                  0x20000074   Data           4  os.o(.data)
    eventNum                                 0x20000078   Data           4  os.o(.data)
    wait                                     0x2000007c   Data           4  os.o(.data)
    PF4Task                                  0x20000080   Data           4  os.o(.data)
    PF0Task                                  0x20000084   Data           4  os.o(.data)
    __stdout                                 0x20000088   Data           4  retarget.o(.data)
    __stdin                                  0x2000008c   Data           4  retarget.o(.data)
    StX                                      0x20000090   Data           4  st7735.o(.data)
    StY                                      0x20000094   Data           4  st7735.o(.data)
    StTextColor                              0x20000098   Data           2  st7735.o(.data)
    lastj                                    0x200000a0   Data           4  st7735.o(.data)
    Messageindex                             0x200000a8   Data           4  st7735.o(.data)
    Ymax                                     0x200000ac   Data           4  st7735.o(.data)
    Ymin                                     0x200000b0   Data           4  st7735.o(.data)
    X                                        0x200000b4   Data           4  st7735.o(.data)
    Yrange                                   0x200000b8   Data           4  st7735.o(.data)
    uart                                     0x200000bc   Data           4  uart.o(.data)
    RxPutI                                   0x200000c0   Data           4  uart.o(.data)
    RxGetI                                   0x200000c4   Data           4  uart.o(.data)
    TxPutI                                   0x200000c8   Data           4  uart.o(.data)
    TxGetI                                   0x200000cc   Data           4  uart.o(.data)
    m                                        0x200000d0   Data           4  lab2.o(.data)
    LCDdisplay                               0x200000e0   Data           4  lab2.o(.data)
    NumCreated                               0x200000e4   Data           4  lab2.o(.data)
    PIDWork                                  0x200000e8   Data           4  lab2.o(.data)
    FilterWork                               0x200000ec   Data           4  lab2.o(.data)
    NumSamples                               0x200000f0   Data           4  lab2.o(.data)
    DataLost                                 0x200000f4   Data           4  lab2.o(.data)
    DASoutput                                0x200000f8   Data           4  lab2.o(.data)
    IntTerm                                  0x200000fc   Data           2  lab2.o(.data)
    PrevError                                0x200000fe   Data           2  lab2.o(.data)
    Coeff                                    0x20000100   Data           6  lab2.o(.data)
    Actuator                                 0x20000106   Data           2  lab2.o(.data)
    cmd                                      0x20000108   Data           8  lab2.o(.data)
    it                                       0x20000110   Data           4  lab2.o(.data)
    Count1                                   0x20000114   Data           4  lab2.o(.data)
    Count2                                   0x20000118   Data           4  lab2.o(.data)
    Count3                                   0x2000011c   Data           4  lab2.o(.data)
    Count4                                   0x20000120   Data           4  lab2.o(.data)
    Count5                                   0x20000124   Data           4  lab2.o(.data)
    testmutex                                0x20000128   Data           4  lab2.o(.data)
    Readyc                                   0x2000012c   Data           4  lab2.o(.data)
    Lost                                     0x20000130   Data           4  lab2.o(.data)
    Readyd                                   0x20000134   Data           4  lab2.o(.data)
    CountA                                   0x20000138   Data           4  lab2.o(.data)
    CountB                                   0x2000013c   Data           4  lab2.o(.data)
    s                                        0x20000140   Data           4  lab2.o(.data)
    SignalCount1                             0x20000144   Data           4  lab2.o(.data)
    SignalCount2                             0x20000148   Data           4  lab2.o(.data)
    SignalCount3                             0x2000014c   Data           4  lab2.o(.data)
    WaitCount1                               0x20000150   Data           4  lab2.o(.data)
    WaitCount2                               0x20000154   Data           4  lab2.o(.data)
    WaitCount3                               0x20000158   Data           4  lab2.o(.data)
    JitterHistogram                          0x2000015c   Data        1024  os.o(.bss)
    tcbs                                     0x2000056c   Data         320  os.o(.bss)
    Stacks                                   0x200006ac   Data        4000  os.o(.bss)
    event                                    0x2000164c   Data         100  os.o(.bss)
    timeStamp                                0x200016b0   Data         400  os.o(.bss)
    MaxJitter                                0x20001840   Data          16  os.o(.bss)
    thisTime                                 0x20001860   Data          16  os.o(.bss)
    values                                   0x20001870   Data          12  st7735.o(.bss)
    Message                                  0x2000187c   Data          12  st7735.o(.bss)
    x                                        0x200018d8   Data         256  lab2.o(.bss)
    y                                        0x200019d8   Data         256  lab2.o(.bss)
    buffer2                                  0x20001ad8   Data         200  lab2.o(.bss)
    buffer                                   0x20001ba0   Data         200  lab2.o(.bss)
    __libspace_start                         0x20001c68   Data          96  libspace.o(.bss)
    __temporary_stack_top$libspace           0x20001cc8   Data           0  libspace.o(.bss)



==============================================================================

Memory Map of the image

  Image Entry point : 0x0000026d

  Load Region LR_1 (Base: 0x00000000, Size: 0x0000534c, Max: 0xffffffff, ABSOLUTE, COMPRESSED[0x00005208])

    Execution Region ER_RO (Base: 0x00000000, Size: 0x000051f0, Max: 0xffffffff, ABSOLUTE)

    Base Addr    Size         Type   Attr      Idx    E Section Name        Object

    0x00000000   0x00000284   Code   RO          133  * RESET               startup.o
    0x00000284   0x00000008   Code   RO          222  * !!!main             c_w.l(__main.o)
    0x0000028c   0x00000034   Code   RO          381    !!!scatter          c_w.l(__scatter.o)
    0x000002c0   0x0000003a   Code   RO          379    !!dczerorl          c_w.l(__dczerorl.o)
    0x000002fa   0x00000002   PAD
    0x000002fc   0x0000001c   Code   RO          383    !!handler_zi        c_w.l(__scatter_zi.o)
    0x00000318   0x00000000   Code   RO          217    .ARM.Collect$$_printf_percent$$00000000  c_w.l(_printf_percent.o)
    0x00000318   0x00000006   Code   RO          215    .ARM.Collect$$_printf_percent$$00000009  c_w.l(_printf_d.o)
    0x0000031e   0x00000006   Code   RO          216    .ARM.Collect$$_printf_percent$$0000000A  c_w.l(_printf_u.o)
    0x00000324   0x00000004   Code   RO          229    .ARM.Collect$$_printf_percent$$00000017  c_w.l(_printf_percent_end.o)
    0x00000328   0x00000002   Code   RO          258    .ARM.Collect$$libinit$$00000000  c_w.l(libinit.o)
    0x0000032a   0x00000000   Code   RO          265    .ARM.Collect$$libinit$$00000002  c_w.l(libinit2.o)
    0x0000032a   0x00000000   Code   RO          268    .ARM.Collect$$libinit$$00000008  c_w.l(libinit2.o)
    0x0000032a   0x00000000   Code   RO          270    .ARM.Collect$$libinit$$0000000A  c_w.l(libinit2.o)
    0x0000032a   0x00000000   Code   RO          272    .ARM.Collect$$libinit$$0000000C  c_w.l(libinit2.o)
    0x0000032a   0x00000000   Code   RO          275    .ARM.Collect$$libinit$$0000000F  c_w.l(libinit2.o)
    0x0000032a   0x00000000   Code   RO          277    .ARM.Collect$$libinit$$00000011  c_w.l(libinit2.o)
    0x0000032a   0x00000000   Code   RO          279    .ARM.Collect$$libinit$$00000013  c_w.l(libinit2.o)
    0x0000032a   0x00000000   Code   RO          281    .ARM.Collect$$libinit$$00000015  c_w.l(libinit2.o)
    0x0000032a   0x00000000   Code   RO          283    .ARM.Collect$$libinit$$00000017  c_w.l(libinit2.o)
    0x0000032a   0x00000000   Code   RO          285    .ARM.Collect$$libinit$$00000019  c_w.l(libinit2.o)
    0x0000032a   0x00000000   Code   RO          287    .ARM.Collect$$libinit$$0000001B  c_w.l(libinit2.o)
    0x0000032a   0x00000000   Code   RO          289    .ARM.Collect$$libinit$$0000001D  c_w.l(libinit2.o)
    0x0000032a   0x00000000   Code   RO          291    .ARM.Collect$$libinit$$0000001F  c_w.l(libinit2.o)
    0x0000032a   0x00000000   Code   RO          293    .ARM.Collect$$libinit$$00000021  c_w.l(libinit2.o)
    0x0000032a   0x00000000   Code   RO          295    .ARM.Collect$$libinit$$00000023  c_w.l(libinit2.o)
    0x0000032a   0x00000000   Code   RO          299    .ARM.Collect$$libinit$$0000002A  c_w.l(libinit2.o)
    0x0000032a   0x00000000   Code   RO          301    .ARM.Collect$$libinit$$0000002C  c_w.l(libinit2.o)
    0x0000032a   0x00000000   Code   RO          303    .ARM.Collect$$libinit$$0000002E  c_w.l(libinit2.o)
    0x0000032a   0x00000000   Code   RO          305    .ARM.Collect$$libinit$$00000030  c_w.l(libinit2.o)
    0x0000032a   0x00000002   Code   RO          306    .ARM.Collect$$libinit$$00000031  c_w.l(libinit2.o)
    0x0000032c   0x00000002   Code   RO          324    .ARM.Collect$$libshutdown$$00000000  c_w.l(libshutdown.o)
    0x0000032e   0x00000000   Code   RO          335    .ARM.Collect$$libshutdown$$00000003  c_w.l(libshutdown2.o)
    0x0000032e   0x00000000   Code   RO          338    .ARM.Collect$$libshutdown$$00000006  c_w.l(libshutdown2.o)
    0x0000032e   0x00000000   Code   RO          341    .ARM.Collect$$libshutdown$$00000009  c_w.l(libshutdown2.o)
    0x0000032e   0x00000000   Code   RO          343    .ARM.Collect$$libshutdown$$0000000B  c_w.l(libshutdown2.o)
    0x0000032e   0x00000000   Code   RO          346    .ARM.Collect$$libshutdown$$0000000E  c_w.l(libshutdown2.o)
    0x0000032e   0x00000002   Code   RO          347    .ARM.Collect$$libshutdown$$0000000F  c_w.l(libshutdown2.o)
    0x00000330   0x00000000   Code   RO          224    .ARM.Collect$$rtentry$$00000000  c_w.l(rtentry.o)
    0x00000330   0x00000000   Code   RO          231    .ARM.Collect$$rtentry$$00000002  c_w.l(rtentry2.o)
    0x00000330   0x00000006   Code   RO          243    .ARM.Collect$$rtentry$$00000004  c_w.l(rtentry4.o)
    0x00000336   0x00000000   Code   RO          233    .ARM.Collect$$rtentry$$00000009  c_w.l(rtentry2.o)
    0x00000336   0x00000004   Code   RO          234    .ARM.Collect$$rtentry$$0000000A  c_w.l(rtentry2.o)
    0x0000033a   0x00000000   Code   RO          236    .ARM.Collect$$rtentry$$0000000C  c_w.l(rtentry2.o)
    0x0000033a   0x00000008   Code   RO          237    .ARM.Collect$$rtentry$$0000000D  c_w.l(rtentry2.o)
    0x00000342   0x00000002   Code   RO          262    .ARM.Collect$$rtexit$$00000000  c_w.l(rtexit.o)
    0x00000344   0x00000000   Code   RO          308    .ARM.Collect$$rtexit$$00000002  c_w.l(rtexit2.o)
    0x00000344   0x00000004   Code   RO          309    .ARM.Collect$$rtexit$$00000003  c_w.l(rtexit2.o)
    0x00000348   0x00000006   Code   RO          310    .ARM.Collect$$rtexit$$00000004  c_w.l(rtexit2.o)
    0x0000034e   0x00000002   PAD
    0x00000350   0x000004a0   Code   RO            1    .text               adc.o
    0x000007f0   0x00000ed0   Code   RO           31    .text               os.o
    0x000016c0   0x0000007c   Code   RO           59    .text               pll.o
    0x0000173c   0x00000032   Code   RO           71    .text               retarget.o
    0x0000176e   0x00000002   PAD
    0x00001770   0x00001044   Code   RO           94    .text               st7735.o
    0x000027b4   0x0000045c   Code   RO          115    .text               uart.o
    0x00002c10   0x00000030   Code   RO          134    .text               startup.o
    0x00002c40   0x000002ce   Code   RO          141    .text               cr4_fft_64_stm32.o
    0x00002f0e   0x00000002   PAD
    0x00002f10   0x00000050   Code   RO          144    .text               osasm.o
    0x00002f60   0x00000048   Code   RO          147    .text               pid_stm32.o
    0x00002fa8   0x000012b4   Code   RO          150    .text               lab2.o
    0x0000425c   0x000003fc   Code   RO          171    .text               adc_sw.o
    0x00004658   0x00000002   Code   RO          185    .text               c_w.l(use_no_semi.o)
    0x0000465a   0x00000002   PAD
    0x0000465c   0x00000018   Code   RO          189    .text               c_w.l(noretval__2printf.o)
    0x00004674   0x00000078   Code   RO          193    .text               c_w.l(_printf_dec.o)
    0x000046ec   0x000000b8   Code   RO          198    .text               c_w.l(__printf_ss.o)
    0x000047a4   0x00000080   Code   RO          218    .text               c_w.l(strcmpv7m.o)
    0x00004824   0x00000006   Code   RO          220    .text               c_w.l(heapauxi.o)
    0x0000482a   0x000000b8   Code   RO          225    .text               c_w.l(_printf_intcommon.o)
    0x000048e2   0x00000002   PAD
    0x000048e4   0x00000024   Code   RO          227    .text               c_w.l(_printf_char_file.o)
    0x00004908   0x00000030   Code   RO          245    .text               c_w.l(_printf_char_common.o)
    0x00004938   0x0000004a   Code   RO          247    .text               c_w.l(sys_stackheap_outer.o)
    0x00004982   0x0000000c   Code   RO          251    .text               c_w.l(exit.o)
    0x0000498e   0x00000002   PAD
    0x00004990   0x00000008   Code   RO          259    .text               c_w.l(libspace.o)
    0x00004998   0x000007e2   Data   RO           96    .constdata          st7735.o
    0x0000517a   0x00000002   PAD
    0x0000517c   0x00000052   Data   RO          152    .constdata          lab2.o
    0x000051ce   0x00000002   PAD
    0x000051d0   0x00000020   Data   RO          377    Region$$Table       anon$$obj.o


    Execution Region ER_RW (Base: 0x20000000, Size: 0x0000015c, Max: 0xffffffff, ABSOLUTE, COMPRESSED[0x00000018])

    Base Addr    Size         Type   Attr      Idx    E Section Name        Object

    0x20000000   0x00000014   Data   RW            2    .data               adc.o
    0x20000014   0x00000074   Data   RW           33    .data               os.o
    0x20000088   0x00000008   Data   RW           72    .data               retarget.o
    0x20000090   0x0000002c   Data   RW           97    .data               st7735.o
    0x200000bc   0x00000014   Data   RW          117    .data               uart.o
    0x200000d0   0x0000008c   Data   RW          153    .data               lab2.o


    Execution Region ER_ZI (Base: 0x2000015c, Size: 0x00001f6c, Max: 0xffffffff, ABSOLUTE)

    Base Addr    Size         Type   Attr      Idx    E Section Name        Object

    0x2000015c   0x00001714   Zero   RW           32    .bss                os.o
    0x20001870   0x00000018   Zero   RW           95    .bss                st7735.o
    0x20001888   0x00000020   Zero   RW          116    .bss                uart.o
    0x200018a8   0x000003c0   Zero   RW          151    .bss                lab2.o
    0x20001c68   0x00000060   Zero   RW          260    .bss                c_w.l(libspace.o)
    0x20001cc8   0x00000000   Zero   RW          132    HEAP                startup.o
    0x20001cc8   0x00000400   Zero   RW          131    STACK               startup.o


==============================================================================

Image component sizes


      Code (inc. data)   RO Data    RW Data    ZI Data      Debug   Object Name

      1184        100          0         20          0       7143   adc.o
      1020         70          0          0          0       1242   adc_sw.o
       718        240          0          0          0        224   cr4_fft_64_stm32.o
      4788        994         82        140        960      10722   lab2.o
      3792        298          0        116       5908      12989   os.o
        80          8          0          0          0        188   osasm.o
        72          8          0          0          0        188   pid_stm32.o
       124          6          0          0          0        367   pll.o
        50          0          0          8          0       2753   retarget.o
      4164        234       2018         44         24      15207   st7735.o
       692        632          0          0       1024        876   startup.o
      1116         54          0         20         32       5245   uart.o

    ----------------------------------------------------------------------
     17804       2646       2136        348       7948      57144   Object Totals
         0          0         32          0          0          0   (incl. Generated)
         4          2          4          0          0          0   (incl. Padding)

    ----------------------------------------------------------------------

      Code (inc. data)   RO Data    RW Data    ZI Data      Debug   Library Member Name

        58          0          0          0          0          0   __dczerorl.o
         8          0          0          0          0         68   __main.o
       184          0          0          0          0         84   __printf_ss.o
        52          8          0          0          0          0   __scatter.o
        28          0          0          0          0          0   __scatter_zi.o
        48          6          0          0          0         96   _printf_char_common.o
        36          4          0          0          0         80   _printf_char_file.o
         6          0          0          0          0          0   _printf_d.o
       120         18          0          0          0         92   _printf_dec.o
       184          0          0          0          0         88   _printf_intcommon.o
         0          0          0          0          0          0   _printf_percent.o
         4          0          0          0          0          0   _printf_percent_end.o
         6          0          0          0          0          0   _printf_u.o
        12          0          0          0          0         72   exit.o
         6          0          0          0          0        152   heapauxi.o
         2          0          0          0          0          0   libinit.o
         2          0          0          0          0          0   libinit2.o
         2          0          0          0          0          0   libshutdown.o
         2          0          0          0          0          0   libshutdown2.o
         8          4          0          0         96         68   libspace.o
        24          4          0          0          0         84   noretval__2printf.o
         0          0          0          0          0          0   rtentry.o
        12          0          0          0          0          0   rtentry2.o
         6          0          0          0          0          0   rtentry4.o
         2          0          0          0          0          0   rtexit.o
        10          0          0          0          0          0   rtexit2.o
       128          0          0          0          0         68   strcmpv7m.o
        74          0          0          0          0         80   sys_stackheap_outer.o
         2          0          0          0          0         68   use_no_semi.o

    ----------------------------------------------------------------------
      1036         44          0          0         96       1100   Library Totals
        10          0          0          0          0          0   (incl. Padding)

    ----------------------------------------------------------------------

      Code (inc. data)   RO Data    RW Data    ZI Data      Debug   Library Name

      1026         44          0          0         96       1100   c_w.l

    ----------------------------------------------------------------------
      1036         44          0          0         96       1100   Library Totals

    ----------------------------------------------------------------------

==============================================================================


      Code (inc. data)   RO Data    RW Data    ZI Data      Debug   

     18840       2690       2136        348       8044      56736   Grand Totals
     18840       2690       2136         24       8044      56736   ELF Image Totals (compressed)
     18840       2690       2136         24          0          0   ROM Totals

==============================================================================

    Total RO  Size (Code + RO Data)                20976 (  20.48kB)
    Total RW  Size (RW Data + ZI Data)              8392 (   8.20kB)
    Total ROM Size (Code + RO Data + RW Data)      21000 (  20.51kB)

==============================================================================

